I1006 08:17:36.446362  4340 cuckoo_watch.h:45] 458ms in ProcessBatch(postnauka_batches\aaaaab.batch) [including 29ms in LoadMessage; 0ms in InitializeTheta; 0ms in CreateRegularizerAgents; 26ms in InitializeSparseNdw; 185ms in InferThetaAndUpdateNwtSparse; 0ms in UpdateCacheEntry; 210ms in CalculateScore(^^^ItemsProcessedScore^^^); ]
I1006 08:17:36.447363 11852 master_component.cc:1499] RegularizeModelArgs: rwt_target_name=rwt, pwt_source_name=pwt, nwt_source_name=nwt
I1006 08:17:36.447363 11852 master_component.cc:1016] MasterComponent: start regularizing model pwt
I1006 08:17:36.473371  4340 processor.cc:74] No data in processing queue, waiting...
I1006 08:17:36.514371 11852 master_component.cc:1044] MasterComponent: complete regularizing model pwt
I1006 08:17:36.514371 11852 master_component.cc:1512] NormalizeModelArgs: pwt_target_name=pwt, nwt_source_name=nwt, rwt_source_name=rwt
I1006 08:17:36.514371 11852 master_component.cc:1048] MasterComponent: start normalizing model nwt
I1006 08:17:36.552371 11852 master_component.cc:1087] MasterComponent: complete normalizing model nwt
I1006 08:17:36.675364 11852 master_component.cc:1536] DisposeModel rwt
I1006 08:17:36.685371 11852 master_component.cc:1115] FitOffline: ItemsProcessed, num_items=1728, num_batches=2, token_weight=808522, token_weight_in_effect=808522
I1006 08:39:18.172569 11852 c_interface.cc:389] Pass MasterModelConfig: topic_name_size=30, score_config_size=3, num_processors=0, pwt_name=pwt, nwt_name=nwt, num_document_passes=1, regularizer=(SmoothBcg:100000), regularizer=(SparseSbj:-100000), reuse_theta=no, cache_theta=yes, opt_for_avx=yes, disk_cache_path= to void (__cdecl artm::core::MasterComponent::*)(class artm::MasterModelConfig const & __ptr64) __ptr64
I1006 08:39:18.172569 11852 instance.cc:401] MasterModelConfig.processors_count is automatically set to 16
I1006 08:39:18.172569 11852 instance.cc:232] Regularizer 'SmoothBcg' was cold-reconfigured
I1006 08:39:18.172569 11852 instance.cc:232] Regularizer 'SparseSbj' was cold-reconfigured
I1006 08:39:20.761265 11852 c_interface.cc:389] Pass FitOfflineMasterModelArgs, batch_filename_size=2, batch_weight_size=2, num_collection_passes=1, reset_nwt=yes to void (__cdecl artm::core::MasterComponent::*)(class artm::FitOfflineMasterModelArgs const & __ptr64) __ptr64
I1006 08:39:20.762264 11852 master_component.cc:1461] ProcessBatchesArgs: nwt_target_name=nwt, batch_filename_size=2, batch_size=0, batch_weight_size=2, pwt_source_name=pwt, num_document_passes=1, regularizer=(name:SmoothBcg, tau:100000), regularizer=(name:SparseSbj, tau:-100000), reuse_theta=no, opt_for_avx=yes, predict_class_id=, reset_nwt=yes
I1006 08:39:20.778264  7904 processor.cc:81] Processing queue has data, processing started
I1006 08:39:20.778264 14608 processor.cc:81] Processing queue has data, processing started
I1006 08:39:20.797264  7904 processor.cc:158] Processor: start processing batch e41facce-f06d-4c62-a00f-dc325b15196d into model nwt
I1006 08:39:20.810263 14608 processor.cc:158] Processor: start processing batch f5a1bf36-ac49-4e25-95d6-56cabf2e5f4d into model nwt
I1006 08:39:21.003276  7904 processor.cc:285] Processor: complete processing batch e41facce-f06d-4c62-a00f-dc325b15196d into model nwt
I1006 08:39:21.005275  7904 cuckoo_watch.h:45] 227ms in ProcessBatch(postnauka_batches\aaaaaa.batch) [including 19ms in LoadMessage; 0ms in InitializeTheta; 0ms in CreateRegularizerAgents; 11ms in InitializeSparseNdw; 92ms in InferThetaAndUpdateNwtSparse; 0ms in UpdateCacheEntry; 99ms in CalculateScore(^^^ItemsProcessedScore^^^); ]
I1006 08:39:21.038265  7904 processor.cc:74] No data in processing queue, waiting...
I1006 08:39:21.202262 14608 processor.cc:285] Processor: complete processing batch f5a1bf36-ac49-4e25-95d6-56cabf2e5f4d into model nwt
I1006 08:39:21.207263 14608 cuckoo_watch.h:45] 429ms in ProcessBatch(postnauka_batches\aaaaab.batch) [including 31ms in LoadMessage; 0ms in InitializeTheta; 0ms in CreateRegularizerAgents; 27ms in InitializeSparseNdw; 188ms in InferThetaAndUpdateNwtSparse; 0ms in UpdateCacheEntry; 175ms in CalculateScore(^^^ItemsProcessedScore^^^); ]
I1006 08:39:21.208263 11852 master_component.cc:1499] RegularizeModelArgs: rwt_target_name=rwt, pwt_source_name=pwt, nwt_source_name=nwt
I1006 08:39:21.208263 11852 master_component.cc:1016] MasterComponent: start regularizing model pwt
I1006 08:39:21.241276 14608 processor.cc:74] No data in processing queue, waiting...
I1006 08:39:21.293263 11852 master_component.cc:1044] MasterComponent: complete regularizing model pwt
I1006 08:39:21.293263 11852 master_component.cc:1512] NormalizeModelArgs: pwt_target_name=pwt, nwt_source_name=nwt, rwt_source_name=rwt
I1006 08:39:21.293263 11852 master_component.cc:1048] MasterComponent: start normalizing model nwt
I1006 08:39:21.334264 11852 master_component.cc:1087] MasterComponent: complete normalizing model nwt
I1006 08:39:21.396276 11852 master_component.cc:1536] DisposeModel rwt
I1006 08:39:21.404263 11852 master_component.cc:1115] FitOffline: ItemsProcessed, num_items=1728, num_batches=2, token_weight=808522, token_weight_in_effect=808522
I1006 08:39:21.404263 11852 c_interface.cc:389] Pass FitOfflineMasterModelArgs, batch_filename_size=2, batch_weight_size=2, num_collection_passes=1, reset_nwt=yes to void (__cdecl artm::core::MasterComponent::*)(class artm::FitOfflineMasterModelArgs const & __ptr64) __ptr64
I1006 08:39:21.404263 11852 master_component.cc:1461] ProcessBatchesArgs: nwt_target_name=nwt, batch_filename_size=2, batch_size=0, batch_weight_size=2, pwt_source_name=pwt, num_document_passes=1, regularizer=(name:SmoothBcg, tau:100000), regularizer=(name:SparseSbj, tau:-100000), reuse_theta=no, opt_for_avx=yes, predict_class_id=, reset_nwt=yes
I1006 08:39:21.419270 20260 processor.cc:81] Processing queue has data, processing started
I1006 08:39:21.421278  8080 processor.cc:81] Processing queue has data, processing started
I1006 08:39:21.434262 20260 processor.cc:158] Processor: start processing batch e41facce-f06d-4c62-a00f-dc325b15196d into model nwt
I1006 08:39:21.450275  8080 processor.cc:158] Processor: start processing batch f5a1bf36-ac49-4e25-95d6-56cabf2e5f4d into model nwt
I1006 08:39:21.621275 20260 processor.cc:285] Processor: complete processing batch e41facce-f06d-4c62-a00f-dc325b15196d into model nwt
I1006 08:39:21.624275 20260 cuckoo_watch.h:45] 205ms in ProcessBatch(postnauka_batches\aaaaaa.batch) [including 15ms in LoadMessage; 0ms in InitializeTheta; 0ms in CreateRegularizerAgents; 11ms in InitializeSparseNdw; 74ms in InferThetaAndUpdateNwtSparse; 0ms in UpdateCacheEntry; 100ms in CalculateScore(^^^ItemsProcessedScore^^^); ]
I1006 08:39:21.658262 20260 processor.cc:74] No data in processing queue, waiting...
I1006 08:39:21.828265  8080 processor.cc:285] Processor: complete processing batch f5a1bf36-ac49-4e25-95d6-56cabf2e5f4d into model nwt
I1006 08:39:21.835264  8080 cuckoo_watch.h:45] 414ms in ProcessBatch(postnauka_batches\aaaaab.batch) [including 29ms in LoadMessage; 0ms in InitializeTheta; 0ms in CreateRegularizerAgents; 27ms in InitializeSparseNdw; 155ms in InferThetaAndUpdateNwtSparse; 0ms in UpdateCacheEntry; 194ms in CalculateScore(^^^ItemsProcessedScore^^^); ]
I1006 08:39:21.836263 11852 master_component.cc:1499] RegularizeModelArgs: rwt_target_name=rwt, pwt_source_name=pwt, nwt_source_name=nwt
I1006 08:39:21.836263 11852 master_component.cc:1016] MasterComponent: start regularizing model pwt
I1006 08:39:21.865795  8080 processor.cc:74] No data in processing queue, waiting...
I1006 08:39:21.930807 11852 master_component.cc:1044] MasterComponent: complete regularizing model pwt
I1006 08:39:21.930807 11852 master_component.cc:1512] NormalizeModelArgs: pwt_target_name=pwt, nwt_source_name=nwt, rwt_source_name=rwt
I1006 08:39:21.930807 11852 master_component.cc:1048] MasterComponent: start normalizing model nwt
I1006 08:39:21.974794 11852 master_component.cc:1087] MasterComponent: complete normalizing model nwt
I1006 08:39:22.037796 11852 master_component.cc:1536] DisposeModel rwt
I1006 08:39:22.047806 11852 master_component.cc:1115] FitOffline: ItemsProcessed, num_items=1728, num_batches=2, token_weight=808522, token_weight_in_effect=808522
I1006 08:39:22.047806 11852 c_interface.cc:389] Pass FitOfflineMasterModelArgs, batch_filename_size=2, batch_weight_size=2, num_collection_passes=1, reset_nwt=yes to void (__cdecl artm::core::MasterComponent::*)(class artm::FitOfflineMasterModelArgs const & __ptr64) __ptr64
I1006 08:39:22.047806 11852 master_component.cc:1461] ProcessBatchesArgs: nwt_target_name=nwt, batch_filename_size=2, batch_size=0, batch_weight_size=2, pwt_source_name=pwt, num_document_passes=1, regularizer=(name:SmoothBcg, tau:100000), regularizer=(name:SparseSbj, tau:-100000), reuse_theta=no, opt_for_avx=yes, predict_class_id=, reset_nwt=yes
I1006 08:39:22.065794  7904 processor.cc:81] Processing queue has data, processing started
I1006 08:39:22.065794 12040 processor.cc:81] Processing queue has data, processing started
I1006 08:39:22.081795  7904 processor.cc:158] Processor: start processing batch e41facce-f06d-4c62-a00f-dc325b15196d into model nwt
I1006 08:39:22.096794 12040 processor.cc:158] Processor: start processing batch f5a1bf36-ac49-4e25-95d6-56cabf2e5f4d into model nwt
I1006 08:39:22.255795  7904 processor.cc:285] Processor: complete processing batch e41facce-f06d-4c62-a00f-dc325b15196d into model nwt
I1006 08:39:22.258796  7904 cuckoo_watch.h:45] 193ms in ProcessBatch(postnauka_batches\aaaaaa.batch) [including 16ms in LoadMessage; 0ms in InitializeTheta; 0ms in CreateRegularizerAgents; 11ms in InitializeSparseNdw; 73ms in InferThetaAndUpdateNwtSparse; 0ms in UpdateCacheEntry; 87ms in CalculateScore(^^^ItemsProcessedScore^^^); ]
I1006 08:39:22.286795  7904 processor.cc:74] No data in processing queue, waiting...
I1006 08:39:22.473798 12040 processor.cc:285] Processor: complete processing batch f5a1bf36-ac49-4e25-95d6-56cabf2e5f4d into model nwt
I1006 08:39:22.479796 12040 cuckoo_watch.h:45] 414ms in ProcessBatch(postnauka_batches\aaaaab.batch) [including 31ms in LoadMessage; 0ms in InitializeTheta; 0ms in CreateRegularizerAgents; 27ms in InitializeSparseNdw; 150ms in InferThetaAndUpdateNwtSparse; 0ms in UpdateCacheEntry; 198ms in CalculateScore(^^^ItemsProcessedScore^^^); ]
I1006 08:39:22.480795 11852 master_component.cc:1499] RegularizeModelArgs: rwt_target_name=rwt, pwt_source_name=pwt, nwt_source_name=nwt
I1006 08:39:22.480795 11852 master_component.cc:1016] MasterComponent: start regularizing model pwt
I1006 08:39:22.506795 12040 processor.cc:74] No data in processing queue, waiting...
I1006 08:39:22.570807 11852 master_component.cc:1044] MasterComponent: complete regularizing model pwt
I1006 08:39:22.570807 11852 master_component.cc:1512] NormalizeModelArgs: pwt_target_name=pwt, nwt_source_name=nwt, rwt_source_name=rwt
I1006 08:39:22.570807 11852 master_component.cc:1048] MasterComponent: start normalizing model nwt
I1006 08:39:22.614795 11852 master_component.cc:1087] MasterComponent: complete normalizing model nwt
I1006 08:39:22.675796 11852 master_component.cc:1536] DisposeModel rwt
I1006 08:39:22.684795 11852 master_component.cc:1115] FitOffline: ItemsProcessed, num_items=1728, num_batches=2, token_weight=808522, token_weight_in_effect=808522
I1006 08:39:22.684795 11852 c_interface.cc:389] Pass FitOfflineMasterModelArgs, batch_filename_size=2, batch_weight_size=2, num_collection_passes=1, reset_nwt=yes to void (__cdecl artm::core::MasterComponent::*)(class artm::FitOfflineMasterModelArgs const & __ptr64) __ptr64
I1006 08:39:22.684795 11852 master_component.cc:1461] ProcessBatchesArgs: nwt_target_name=nwt, batch_filename_size=2, batch_size=0, batch_weight_size=2, pwt_source_name=pwt, num_document_passes=1, regularizer=(name:SmoothBcg, tau:100000), regularizer=(name:SparseSbj, tau:-100000), reuse_theta=no, opt_for_avx=yes, predict_class_id=, reset_nwt=yes
I1006 08:39:22.701795 11796 processor.cc:81] Processing queue has data, processing started
I1006 08:39:22.702795  4512 processor.cc:81] Processing queue has data, processing started
I1006 08:39:22.717797 11796 processor.cc:158] Processor: start processing batch e41facce-f06d-4c62-a00f-dc325b15196d into model nwt
I1006 08:39:22.732796  4512 processor.cc:158] Processor: start processing batch f5a1bf36-ac49-4e25-95d6-56cabf2e5f4d into model nwt
I1006 08:39:22.892796 11796 processor.cc:285] Processor: complete processing batch e41facce-f06d-4c62-a00f-dc325b15196d into model nwt
I1006 08:39:22.897794 11796 cuckoo_watch.h:45] 196ms in ProcessBatch(postnauka_batches\aaaaaa.batch) [including 16ms in LoadMessage; 0ms in InitializeTheta; 0ms in CreateRegularizerAgents; 12ms in InitializeSparseNdw; 74ms in InferThetaAndUpdateNwtSparse; 0ms in UpdateCacheEntry; 86ms in CalculateScore(^^^ItemsProcessedScore^^^); ]
I1006 08:39:22.920795 11796 processor.cc:74] No data in processing queue, waiting...
I1006 08:39:23.095796  4512 processor.cc:285] Processor: complete processing batch f5a1bf36-ac49-4e25-95d6-56cabf2e5f4d into model nwt
I1006 08:39:23.101796  4512 cuckoo_watch.h:45] 399ms in ProcessBatch(postnauka_batches\aaaaab.batch) [including 30ms in LoadMessage; 0ms in InitializeTheta; 0ms in CreateRegularizerAgents; 28ms in InitializeSparseNdw; 145ms in InferThetaAndUpdateNwtSparse; 0ms in UpdateCacheEntry; 187ms in CalculateScore(^^^ItemsProcessedScore^^^); ]
I1006 08:39:23.103794 11852 master_component.cc:1499] RegularizeModelArgs: rwt_target_name=rwt, pwt_source_name=pwt, nwt_source_name=nwt
I1006 08:39:23.103794 11852 master_component.cc:1016] MasterComponent: start regularizing model pwt
I1006 08:39:23.133796  4512 processor.cc:74] No data in processing queue, waiting...
I1006 08:39:23.189806 11852 master_component.cc:1044] MasterComponent: complete regularizing model pwt
I1006 08:39:23.189806 11852 master_component.cc:1512] NormalizeModelArgs: pwt_target_name=pwt, nwt_source_name=nwt, rwt_source_name=rwt
I1006 08:39:23.189806 11852 master_component.cc:1048] MasterComponent: start normalizing model nwt
I1006 08:39:23.238055 11852 master_component.cc:1087] MasterComponent: complete normalizing model nwt
I1006 08:39:23.301044 11852 master_component.cc:1536] DisposeModel rwt
I1006 08:39:23.310045 11852 master_component.cc:1115] FitOffline: ItemsProcessed, num_items=1728, num_batches=2, token_weight=808522, token_weight_in_effect=808522
I1006 08:39:23.311056 11852 c_interface.cc:389] Pass FitOfflineMasterModelArgs, batch_filename_size=2, batch_weight_size=2, num_collection_passes=1, reset_nwt=yes to void (__cdecl artm::core::MasterComponent::*)(class artm::FitOfflineMasterModelArgs const & __ptr64) __ptr64
I1006 08:39:23.311056 11852 master_component.cc:1461] ProcessBatchesArgs: nwt_target_name=nwt, batch_filename_size=2, batch_size=0, batch_weight_size=2, pwt_source_name=pwt, num_document_passes=1, regularizer=(name:SmoothBcg, tau:100000), regularizer=(name:SparseSbj, tau:-100000), reuse_theta=no, opt_for_avx=yes, predict_class_id=, reset_nwt=yes
I1006 08:39:23.330044 19200 processor.cc:81] Processing queue has data, processing started
I1006 08:39:23.330044  7904 processor.cc:81] Processing queue has data, processing started
I1006 08:39:23.347043 19200 processor.cc:158] Processor: start processing batch e41facce-f06d-4c62-a00f-dc325b15196d into model nwt
I1006 08:39:23.360157  7904 processor.cc:158] Processor: start processing batch f5a1bf36-ac49-4e25-95d6-56cabf2e5f4d into model nwt
I1006 08:39:23.529043 19200 processor.cc:285] Processor: complete processing batch e41facce-f06d-4c62-a00f-dc325b15196d into model nwt
I1006 08:39:23.532043 19200 cuckoo_watch.h:45] 202ms in ProcessBatch(postnauka_batches\aaaaaa.batch) [including 17ms in LoadMessage; 0ms in InitializeTheta; 0ms in CreateRegularizerAgents; 13ms in InitializeSparseNdw; 79ms in InferThetaAndUpdateNwtSparse; 0ms in UpdateCacheEntry; 88ms in CalculateScore(^^^ItemsProcessedScore^^^); ]
I1006 08:39:23.560043 19200 processor.cc:74] No data in processing queue, waiting...
I1006 08:39:23.722043  7904 processor.cc:285] Processor: complete processing batch f5a1bf36-ac49-4e25-95d6-56cabf2e5f4d into model nwt
I1006 08:39:23.729045  7904 cuckoo_watch.h:45] 399ms in ProcessBatch(postnauka_batches\aaaaab.batch) [including 30ms in LoadMessage; 0ms in InitializeTheta; 0ms in CreateRegularizerAgents; 26ms in InitializeSparseNdw; 150ms in InferThetaAndUpdateNwtSparse; 0ms in UpdateCacheEntry; 183ms in CalculateScore(^^^ItemsProcessedScore^^^); ]
I1006 08:39:23.731045 11852 master_component.cc:1499] RegularizeModelArgs: rwt_target_name=rwt, pwt_source_name=pwt, nwt_source_name=nwt
I1006 08:39:23.731045 11852 master_component.cc:1016] MasterComponent: start regularizing model pwt
I1006 08:39:23.756044  7904 processor.cc:74] No data in processing queue, waiting...
I1006 08:39:23.816045 11852 master_component.cc:1044] MasterComponent: complete regularizing model pwt
I1006 08:39:23.816045 11852 master_component.cc:1512] NormalizeModelArgs: pwt_target_name=pwt, nwt_source_name=nwt, rwt_source_name=rwt
I1006 08:39:23.816045 11852 master_component.cc:1048] MasterComponent: start normalizing model nwt
I1006 08:39:23.860044 11852 master_component.cc:1087] MasterComponent: complete normalizing model nwt
I1006 08:39:23.922060 11852 master_component.cc:1536] DisposeModel rwt
I1006 08:39:23.930045 11852 master_component.cc:1115] FitOffline: ItemsProcessed, num_items=1728, num_batches=2, token_weight=808522, token_weight_in_effect=808522
I1006 08:39:23.930045 11852 c_interface.cc:389] Pass FitOfflineMasterModelArgs, batch_filename_size=2, batch_weight_size=2, num_collection_passes=1, reset_nwt=yes to void (__cdecl artm::core::MasterComponent::*)(class artm::FitOfflineMasterModelArgs const & __ptr64) __ptr64
I1006 08:39:23.931046 11852 master_component.cc:1461] ProcessBatchesArgs: nwt_target_name=nwt, batch_filename_size=2, batch_size=0, batch_weight_size=2, pwt_source_name=pwt, num_document_passes=1, regularizer=(name:SmoothBcg, tau:100000), regularizer=(name:SparseSbj, tau:-100000), reuse_theta=no, opt_for_avx=yes, predict_class_id=, reset_nwt=yes
I1006 08:39:23.949043 11796 processor.cc:81] Processing queue has data, processing started
I1006 08:39:23.949043  7904 processor.cc:81] Processing queue has data, processing started
I1006 08:39:23.964044 11796 processor.cc:158] Processor: start processing batch e41facce-f06d-4c62-a00f-dc325b15196d into model nwt
I1006 08:39:23.979043  7904 processor.cc:158] Processor: start processing batch f5a1bf36-ac49-4e25-95d6-56cabf2e5f4d into model nwt
I1006 08:39:24.148044 11796 processor.cc:285] Processor: complete processing batch e41facce-f06d-4c62-a00f-dc325b15196d into model nwt
I1006 08:39:24.152043 11796 cuckoo_watch.h:45] 203ms in ProcessBatch(postnauka_batches\aaaaaa.batch) [including 15ms in LoadMessage; 0ms in InitializeTheta; 0ms in CreateRegularizerAgents; 12ms in InitializeSparseNdw; 73ms in InferThetaAndUpdateNwtSparse; 0ms in UpdateCacheEntry; 97ms in CalculateScore(^^^ItemsProcessedScore^^^); ]
I1006 08:39:24.179044 11796 processor.cc:74] No data in processing queue, waiting...
I1006 08:39:24.341044  7904 processor.cc:285] Processor: complete processing batch f5a1bf36-ac49-4e25-95d6-56cabf2e5f4d into model nwt
I1006 08:39:24.346055  7904 cuckoo_watch.h:45] 397ms in ProcessBatch(postnauka_batches\aaaaab.batch) [including 30ms in LoadMessage; 0ms in InitializeTheta; 0ms in CreateRegularizerAgents; 27ms in InitializeSparseNdw; 152ms in InferThetaAndUpdateNwtSparse; 0ms in UpdateCacheEntry; 180ms in CalculateScore(^^^ItemsProcessedScore^^^); ]
I1006 08:39:24.348059 11852 master_component.cc:1499] RegularizeModelArgs: rwt_target_name=rwt, pwt_source_name=pwt, nwt_source_name=nwt
I1006 08:39:24.348059 11852 master_component.cc:1016] MasterComponent: start regularizing model pwt
I1006 08:39:24.377580  7904 processor.cc:74] No data in processing queue, waiting...
I1006 08:39:24.434581 11852 master_component.cc:1044] MasterComponent: complete regularizing model pwt
I1006 08:39:24.434581 11852 master_component.cc:1512] NormalizeModelArgs: pwt_target_name=pwt, nwt_source_name=nwt, rwt_source_name=rwt
I1006 08:39:24.434581 11852 master_component.cc:1048] MasterComponent: start normalizing model nwt
I1006 08:39:24.483580 11852 master_component.cc:1087] MasterComponent: complete normalizing model nwt
I1006 08:39:24.545580 11852 master_component.cc:1536] DisposeModel rwt
I1006 08:39:24.553591 11852 master_component.cc:1115] FitOffline: ItemsProcessed, num_items=1728, num_batches=2, token_weight=808522, token_weight_in_effect=808522
I1006 08:39:24.554581 11852 c_interface.cc:389] Pass FitOfflineMasterModelArgs, batch_filename_size=2, batch_weight_size=2, num_collection_passes=1, reset_nwt=yes to void (__cdecl artm::core::MasterComponent::*)(class artm::FitOfflineMasterModelArgs const & __ptr64) __ptr64
I1006 08:39:24.554581 11852 master_component.cc:1461] ProcessBatchesArgs: nwt_target_name=nwt, batch_filename_size=2, batch_size=0, batch_weight_size=2, pwt_source_name=pwt, num_document_passes=1, regularizer=(name:SmoothBcg, tau:100000), regularizer=(name:SparseSbj, tau:-100000), reuse_theta=no, opt_for_avx=yes, predict_class_id=, reset_nwt=yes
I1006 08:39:24.572582 10080 processor.cc:81] Processing queue has data, processing started
I1006 08:39:24.572582  7904 processor.cc:81] Processing queue has data, processing started
I1006 08:39:24.589581 10080 processor.cc:158] Processor: start processing batch e41facce-f06d-4c62-a00f-dc325b15196d into model nwt
I1006 08:39:24.602581  7904 processor.cc:158] Processor: start processing batch f5a1bf36-ac49-4e25-95d6-56cabf2e5f4d into model nwt
I1006 08:39:24.768579 10080 processor.cc:285] Processor: complete processing batch e41facce-f06d-4c62-a00f-dc325b15196d into model nwt
I1006 08:39:24.772581 10080 cuckoo_watch.h:45] 199ms in ProcessBatch(postnauka_batches\aaaaaa.batch) [including 16ms in LoadMessage; 0ms in InitializeTheta; 0ms in CreateRegularizerAgents; 11ms in InitializeSparseNdw; 70ms in InferThetaAndUpdateNwtSparse; 0ms in UpdateCacheEntry; 96ms in CalculateScore(^^^ItemsProcessedScore^^^); ]
I1006 08:39:24.803591 10080 processor.cc:74] No data in processing queue, waiting...
I1006 08:39:24.977581  7904 processor.cc:285] Processor: complete processing batch f5a1bf36-ac49-4e25-95d6-56cabf2e5f4d into model nwt
I1006 08:39:24.983579  7904 cuckoo_watch.h:45] 411ms in ProcessBatch(postnauka_batches\aaaaab.batch) [including 30ms in LoadMessage; 0ms in InitializeTheta; 0ms in CreateRegularizerAgents; 28ms in InitializeSparseNdw; 151ms in InferThetaAndUpdateNwtSparse; 0ms in UpdateCacheEntry; 194ms in CalculateScore(^^^ItemsProcessedScore^^^); ]
I1006 08:39:24.984580 11852 master_component.cc:1499] RegularizeModelArgs: rwt_target_name=rwt, pwt_source_name=pwt, nwt_source_name=nwt
I1006 08:39:24.984580 11852 master_component.cc:1016] MasterComponent: start regularizing model pwt
I1006 08:39:25.013579  7904 processor.cc:74] No data in processing queue, waiting...
I1006 08:39:25.074582 11852 master_component.cc:1044] MasterComponent: complete regularizing model pwt
I1006 08:39:25.074582 11852 master_component.cc:1512] NormalizeModelArgs: pwt_target_name=pwt, nwt_source_name=nwt, rwt_source_name=rwt
I1006 08:39:25.074582 11852 master_component.cc:1048] MasterComponent: start normalizing model nwt
I1006 08:39:25.118580 11852 master_component.cc:1087] MasterComponent: complete normalizing model nwt
I1006 08:39:25.179580 11852 master_component.cc:1536] DisposeModel rwt
I1006 08:39:25.188581 11852 master_component.cc:1115] FitOffline: ItemsProcessed, num_items=1728, num_batches=2, token_weight=808522, token_weight_in_effect=808522
I1006 08:39:25.188581 11852 c_interface.cc:389] Pass FitOfflineMasterModelArgs, batch_filename_size=2, batch_weight_size=2, num_collection_passes=1, reset_nwt=yes to void (__cdecl artm::core::MasterComponent::*)(class artm::FitOfflineMasterModelArgs const & __ptr64) __ptr64
I1006 08:39:25.188581 11852 master_component.cc:1461] ProcessBatchesArgs: nwt_target_name=nwt, batch_filename_size=2, batch_size=0, batch_weight_size=2, pwt_source_name=pwt, num_document_passes=1, regularizer=(name:SmoothBcg, tau:100000), regularizer=(name:SparseSbj, tau:-100000), reuse_theta=no, opt_for_avx=yes, predict_class_id=, reset_nwt=yes
I1006 08:39:25.206581 11796 processor.cc:81] Processing queue has data, processing started
I1006 08:39:25.206581  8080 processor.cc:81] Processing queue has data, processing started
I1006 08:39:25.222580  8080 processor.cc:158] Processor: start processing batch e41facce-f06d-4c62-a00f-dc325b15196d into model nwt
I1006 08:39:25.236580 11796 processor.cc:158] Processor: start processing batch f5a1bf36-ac49-4e25-95d6-56cabf2e5f4d into model nwt
I1006 08:39:25.414593  8080 processor.cc:285] Processor: complete processing batch e41facce-f06d-4c62-a00f-dc325b15196d into model nwt
I1006 08:39:25.417579  8080 cuckoo_watch.h:45] 211ms in ProcessBatch(postnauka_batches\aaaaaa.batch) [including 16ms in LoadMessage; 0ms in InitializeTheta; 0ms in CreateRegularizerAgents; 11ms in InitializeSparseNdw; 75ms in InferThetaAndUpdateNwtSparse; 0ms in UpdateCacheEntry; 103ms in CalculateScore(^^^ItemsProcessedScore^^^); ]
I1006 08:39:25.446593  8080 processor.cc:74] No data in processing queue, waiting...
I1006 08:39:25.598592 11796 processor.cc:285] Processor: complete processing batch f5a1bf36-ac49-4e25-95d6-56cabf2e5f4d into model nwt
I1006 08:39:25.603592 11796 cuckoo_watch.h:45] 397ms in ProcessBatch(postnauka_batches\aaaaab.batch) [including 30ms in LoadMessage; 0ms in InitializeTheta; 0ms in CreateRegularizerAgents; 27ms in InitializeSparseNdw; 146ms in InferThetaAndUpdateNwtSparse; 0ms in UpdateCacheEntry; 185ms in CalculateScore(^^^ItemsProcessedScore^^^); ]
I1006 08:39:25.604591 11852 master_component.cc:1499] RegularizeModelArgs: rwt_target_name=rwt, pwt_source_name=pwt, nwt_source_name=nwt
I1006 08:39:25.604591 11852 master_component.cc:1016] MasterComponent: start regularizing model pwt
I1006 08:39:25.630580 11796 processor.cc:74] No data in processing queue, waiting...
I1006 08:39:25.690591 11852 master_component.cc:1044] MasterComponent: complete regularizing model pwt
I1006 08:39:25.690591 11852 master_component.cc:1512] NormalizeModelArgs: pwt_target_name=pwt, nwt_source_name=nwt, rwt_source_name=rwt
I1006 08:39:25.690591 11852 master_component.cc:1048] MasterComponent: start normalizing model nwt
I1006 08:39:25.736582 11852 master_component.cc:1087] MasterComponent: complete normalizing model nwt
I1006 08:39:25.798579 11852 master_component.cc:1536] DisposeModel rwt
I1006 08:39:25.807581 11852 master_component.cc:1115] FitOffline: ItemsProcessed, num_items=1728, num_batches=2, token_weight=808522, token_weight_in_effect=808522
I1006 08:39:25.807581 11852 c_interface.cc:389] Pass FitOfflineMasterModelArgs, batch_filename_size=2, batch_weight_size=2, num_collection_passes=1, reset_nwt=yes to void (__cdecl artm::core::MasterComponent::*)(class artm::FitOfflineMasterModelArgs const & __ptr64) __ptr64
I1006 08:39:25.807581 11852 master_component.cc:1461] ProcessBatchesArgs: nwt_target_name=nwt, batch_filename_size=2, batch_size=0, batch_weight_size=2, pwt_source_name=pwt, num_document_passes=1, regularizer=(name:SmoothBcg, tau:100000), regularizer=(name:SparseSbj, tau:-100000), reuse_theta=no, opt_for_avx=yes, predict_class_id=, reset_nwt=yes
I1006 08:39:25.825579 11796 processor.cc:81] Processing queue has data, processing started
I1006 08:39:25.825579 14608 processor.cc:81] Processing queue has data, processing started
I1006 08:39:25.842584 11796 processor.cc:158] Processor: start processing batch e41facce-f06d-4c62-a00f-dc325b15196d into model nwt
I1006 08:39:25.854579 14608 processor.cc:158] Processor: start processing batch f5a1bf36-ac49-4e25-95d6-56cabf2e5f4d into model nwt
I1006 08:39:26.019591 11796 processor.cc:285] Processor: complete processing batch e41facce-f06d-4c62-a00f-dc325b15196d into model nwt
I1006 08:39:26.022583 11796 cuckoo_watch.h:45] 197ms in ProcessBatch(postnauka_batches\aaaaaa.batch) [including 17ms in LoadMessage; 0ms in InitializeTheta; 0ms in CreateRegularizerAgents; 12ms in InitializeSparseNdw; 72ms in InferThetaAndUpdateNwtSparse; 0ms in UpdateCacheEntry; 91ms in CalculateScore(^^^ItemsProcessedScore^^^); ]
I1006 08:39:26.051591 11796 processor.cc:74] No data in processing queue, waiting...
I1006 08:39:26.214591 14608 processor.cc:285] Processor: complete processing batch f5a1bf36-ac49-4e25-95d6-56cabf2e5f4d into model nwt
I1006 08:39:26.220592 14608 cuckoo_watch.h:45] 395ms in ProcessBatch(postnauka_batches\aaaaab.batch) [including 29ms in LoadMessage; 0ms in InitializeTheta; 0ms in CreateRegularizerAgents; 27ms in InitializeSparseNdw; 146ms in InferThetaAndUpdateNwtSparse; 0ms in UpdateCacheEntry; 184ms in CalculateScore(^^^ItemsProcessedScore^^^); ]
I1006 08:39:26.221580 11852 master_component.cc:1499] RegularizeModelArgs: rwt_target_name=rwt, pwt_source_name=pwt, nwt_source_name=nwt
I1006 08:39:26.221580 11852 master_component.cc:1016] MasterComponent: start regularizing model pwt
I1006 08:39:26.255581 14608 processor.cc:74] No data in processing queue, waiting...
I1006 08:39:26.309592 11852 master_component.cc:1044] MasterComponent: complete regularizing model pwt
I1006 08:39:26.309592 11852 master_component.cc:1512] NormalizeModelArgs: pwt_target_name=pwt, nwt_source_name=nwt, rwt_source_name=rwt
I1006 08:39:26.309592 11852 master_component.cc:1048] MasterComponent: start normalizing model nwt
I1006 08:39:26.355581 11852 master_component.cc:1087] MasterComponent: complete normalizing model nwt
I1006 08:39:26.416591 11852 master_component.cc:1536] DisposeModel rwt
I1006 08:39:26.425591 11852 master_component.cc:1115] FitOffline: ItemsProcessed, num_items=1728, num_batches=2, token_weight=808522, token_weight_in_effect=808522
I1006 08:39:26.425591 11852 c_interface.cc:389] Pass FitOfflineMasterModelArgs, batch_filename_size=2, batch_weight_size=2, num_collection_passes=1, reset_nwt=yes to void (__cdecl artm::core::MasterComponent::*)(class artm::FitOfflineMasterModelArgs const & __ptr64) __ptr64
I1006 08:39:26.425591 11852 master_component.cc:1461] ProcessBatchesArgs: nwt_target_name=nwt, batch_filename_size=2, batch_size=0, batch_weight_size=2, pwt_source_name=pwt, num_document_passes=1, regularizer=(name:SmoothBcg, tau:100000), regularizer=(name:SparseSbj, tau:-100000), reuse_theta=no, opt_for_avx=yes, predict_class_id=, reset_nwt=yes
I1006 08:39:26.445580  3692 processor.cc:81] Processing queue has data, processing started
I1006 08:39:26.445580 19200 processor.cc:81] Processing queue has data, processing started
I1006 08:39:26.460580  3692 processor.cc:158] Processor: start processing batch e41facce-f06d-4c62-a00f-dc325b15196d into model nwt
I1006 08:39:26.475580 19200 processor.cc:158] Processor: start processing batch f5a1bf36-ac49-4e25-95d6-56cabf2e5f4d into model nwt
I1006 08:39:26.639586  3692 processor.cc:285] Processor: complete processing batch e41facce-f06d-4c62-a00f-dc325b15196d into model nwt
I1006 08:39:26.643582  3692 cuckoo_watch.h:45] 198ms in ProcessBatch(postnauka_batches\aaaaaa.batch) [including 15ms in LoadMessage; 0ms in InitializeTheta; 0ms in CreateRegularizerAgents; 11ms in InitializeSparseNdw; 74ms in InferThetaAndUpdateNwtSparse; 0ms in UpdateCacheEntry; 91ms in CalculateScore(^^^ItemsProcessedScore^^^); ]
I1006 08:39:26.673615  3692 processor.cc:74] No data in processing queue, waiting...
I1006 08:39:26.862581 19200 processor.cc:285] Processor: complete processing batch f5a1bf36-ac49-4e25-95d6-56cabf2e5f4d into model nwt
I1006 08:39:26.867581 19200 cuckoo_watch.h:45] 421ms in ProcessBatch(postnauka_batches\aaaaab.batch) [including 30ms in LoadMessage; 0ms in InitializeTheta; 0ms in CreateRegularizerAgents; 29ms in InitializeSparseNdw; 155ms in InferThetaAndUpdateNwtSparse; 0ms in UpdateCacheEntry; 200ms in CalculateScore(^^^ItemsProcessedScore^^^); ]
I1006 08:39:26.869581 11852 master_component.cc:1499] RegularizeModelArgs: rwt_target_name=rwt, pwt_source_name=pwt, nwt_source_name=nwt
I1006 08:39:26.869581 11852 master_component.cc:1016] MasterComponent: start regularizing model pwt
I1006 08:39:26.897580 19200 processor.cc:74] No data in processing queue, waiting...
I1006 08:39:26.961580 11852 master_component.cc:1044] MasterComponent: complete regularizing model pwt
I1006 08:39:26.961580 11852 master_component.cc:1512] NormalizeModelArgs: pwt_target_name=pwt, nwt_source_name=nwt, rwt_source_name=rwt
I1006 08:39:26.961580 11852 master_component.cc:1048] MasterComponent: start normalizing model nwt
I1006 08:39:27.015591 11852 master_component.cc:1087] MasterComponent: complete normalizing model nwt
I1006 08:39:27.084580 11852 master_component.cc:1536] DisposeModel rwt
I1006 08:39:27.094585 11852 master_component.cc:1115] FitOffline: ItemsProcessed, num_items=1728, num_batches=2, token_weight=808522, token_weight_in_effect=808522
I1006 08:39:27.095582 11852 c_interface.cc:389] Pass FitOfflineMasterModelArgs, batch_filename_size=2, batch_weight_size=2, num_collection_passes=1, reset_nwt=yes to void (__cdecl artm::core::MasterComponent::*)(class artm::FitOfflineMasterModelArgs const & __ptr64) __ptr64
I1006 08:39:27.095582 11852 master_component.cc:1461] ProcessBatchesArgs: nwt_target_name=nwt, batch_filename_size=2, batch_size=0, batch_weight_size=2, pwt_source_name=pwt, num_document_passes=1, regularizer=(name:SmoothBcg, tau:100000), regularizer=(name:SparseSbj, tau:-100000), reuse_theta=no, opt_for_avx=yes, predict_class_id=, reset_nwt=yes
I1006 08:39:27.115581 20260 processor.cc:81] Processing queue has data, processing started
I1006 08:39:27.115581  4340 processor.cc:81] Processing queue has data, processing started
I1006 08:39:27.139582  4340 processor.cc:158] Processor: start processing batch e41facce-f06d-4c62-a00f-dc325b15196d into model nwt
I1006 08:39:27.158579 20260 processor.cc:158] Processor: start processing batch f5a1bf36-ac49-4e25-95d6-56cabf2e5f4d into model nwt
I1006 08:39:27.367614  4340 processor.cc:285] Processor: complete processing batch e41facce-f06d-4c62-a00f-dc325b15196d into model nwt
I1006 08:39:27.371613  4340 cuckoo_watch.h:45] 256ms in ProcessBatch(postnauka_batches\aaaaaa.batch) [including 24ms in LoadMessage; 0ms in InitializeTheta; 0ms in CreateRegularizerAgents; 16ms in InitializeSparseNdw; 105ms in InferThetaAndUpdateNwtSparse; 0ms in UpdateCacheEntry; 104ms in CalculateScore(^^^ItemsProcessedScore^^^); ]
I1006 08:39:27.399619  4340 processor.cc:74] No data in processing queue, waiting...
I1006 08:39:27.582614 20260 processor.cc:285] Processor: complete processing batch f5a1bf36-ac49-4e25-95d6-56cabf2e5f4d into model nwt
I1006 08:39:27.587615 20260 cuckoo_watch.h:45] 472ms in ProcessBatch(postnauka_batches\aaaaab.batch) [including 43ms in LoadMessage; 0ms in InitializeTheta; 0ms in CreateRegularizerAgents; 49ms in InitializeSparseNdw; 161ms in InferThetaAndUpdateNwtSparse; 0ms in UpdateCacheEntry; 212ms in CalculateScore(^^^ItemsProcessedScore^^^); ]
I1006 08:39:27.589614 11852 master_component.cc:1499] RegularizeModelArgs: rwt_target_name=rwt, pwt_source_name=pwt, nwt_source_name=nwt
I1006 08:39:27.589614 11852 master_component.cc:1016] MasterComponent: start regularizing model pwt
I1006 08:39:27.618614 20260 processor.cc:74] No data in processing queue, waiting...
I1006 08:39:27.687614 11852 master_component.cc:1044] MasterComponent: complete regularizing model pwt
I1006 08:39:27.687614 11852 master_component.cc:1512] NormalizeModelArgs: pwt_target_name=pwt, nwt_source_name=nwt, rwt_source_name=rwt
I1006 08:39:27.687614 11852 master_component.cc:1048] MasterComponent: start normalizing model nwt
I1006 08:39:27.732625 11852 master_component.cc:1087] MasterComponent: complete normalizing model nwt
I1006 08:39:27.794613 11852 master_component.cc:1536] DisposeModel rwt
I1006 08:39:27.803613 11852 master_component.cc:1115] FitOffline: ItemsProcessed, num_items=1728, num_batches=2, token_weight=808522, token_weight_in_effect=808522
I1006 08:39:27.804613 11852 c_interface.cc:389] Pass FitOfflineMasterModelArgs, batch_filename_size=2, batch_weight_size=2, num_collection_passes=1, reset_nwt=yes to void (__cdecl artm::core::MasterComponent::*)(class artm::FitOfflineMasterModelArgs const & __ptr64) __ptr64
I1006 08:39:27.804613 11852 master_component.cc:1461] ProcessBatchesArgs: nwt_target_name=nwt, batch_filename_size=2, batch_size=0, batch_weight_size=2, pwt_source_name=pwt, num_document_passes=1, regularizer=(name:SmoothBcg, tau:100000), regularizer=(name:SparseSbj, tau:-100000), reuse_theta=no, opt_for_avx=yes, predict_class_id=, reset_nwt=yes
I1006 08:39:27.825625 10908 processor.cc:81] Processing queue has data, processing started
I1006 08:39:27.825625 20260 processor.cc:81] Processing queue has data, processing started
I1006 08:39:27.841625 20260 processor.cc:158] Processor: start processing batch e41facce-f06d-4c62-a00f-dc325b15196d into model nwt
I1006 08:39:27.854614 10908 processor.cc:158] Processor: start processing batch f5a1bf36-ac49-4e25-95d6-56cabf2e5f4d into model nwt
I1006 08:39:28.020613 20260 processor.cc:285] Processor: complete processing batch e41facce-f06d-4c62-a00f-dc325b15196d into model nwt
I1006 08:39:28.023614 20260 cuckoo_watch.h:45] 198ms in ProcessBatch(postnauka_batches\aaaaaa.batch) [including 16ms in LoadMessage; 0ms in InitializeTheta; 0ms in CreateRegularizerAgents; 12ms in InitializeSparseNdw; 75ms in InferThetaAndUpdateNwtSparse; 0ms in UpdateCacheEntry; 89ms in CalculateScore(^^^ItemsProcessedScore^^^); ]
I1006 08:39:28.053625 20260 processor.cc:74] No data in processing queue, waiting...
I1006 08:39:28.228615 10908 processor.cc:285] Processor: complete processing batch f5a1bf36-ac49-4e25-95d6-56cabf2e5f4d into model nwt
I1006 08:39:28.233625 10908 cuckoo_watch.h:45] 407ms in ProcessBatch(postnauka_batches\aaaaab.batch) [including 29ms in LoadMessage; 0ms in InitializeTheta; 0ms in CreateRegularizerAgents; 28ms in InitializeSparseNdw; 152ms in InferThetaAndUpdateNwtSparse; 0ms in UpdateCacheEntry; 191ms in CalculateScore(^^^ItemsProcessedScore^^^); ]
I1006 08:39:28.234624 11852 master_component.cc:1499] RegularizeModelArgs: rwt_target_name=rwt, pwt_source_name=pwt, nwt_source_name=nwt
I1006 08:39:28.234624 11852 master_component.cc:1016] MasterComponent: start regularizing model pwt
I1006 08:39:28.264612 10908 processor.cc:74] No data in processing queue, waiting...
I1006 08:39:28.326671 11852 master_component.cc:1044] MasterComponent: complete regularizing model pwt
I1006 08:39:28.327672 11852 master_component.cc:1512] NormalizeModelArgs: pwt_target_name=pwt, nwt_source_name=nwt, rwt_source_name=rwt
I1006 08:39:28.327672 11852 master_component.cc:1048] MasterComponent: start normalizing model nwt
I1006 08:39:28.375671 11852 master_component.cc:1087] MasterComponent: complete normalizing model nwt
I1006 08:39:28.438675 11852 master_component.cc:1536] DisposeModel rwt
I1006 08:39:28.446686 11852 master_component.cc:1115] FitOffline: ItemsProcessed, num_items=1728, num_batches=2, token_weight=808522, token_weight_in_effect=808522
I1006 08:39:28.447685 11852 c_interface.cc:389] Pass FitOfflineMasterModelArgs, batch_filename_size=2, batch_weight_size=2, num_collection_passes=1, reset_nwt=yes to void (__cdecl artm::core::MasterComponent::*)(class artm::FitOfflineMasterModelArgs const & __ptr64) __ptr64
I1006 08:39:28.447685 11852 master_component.cc:1461] ProcessBatchesArgs: nwt_target_name=nwt, batch_filename_size=2, batch_size=0, batch_weight_size=2, pwt_source_name=pwt, num_document_passes=1, regularizer=(name:SmoothBcg, tau:100000), regularizer=(name:SparseSbj, tau:-100000), reuse_theta=no, opt_for_avx=yes, predict_class_id=, reset_nwt=yes
I1006 08:39:28.467700 19200 processor.cc:81] Processing queue has data, processing started
I1006 08:39:28.467700  4512 processor.cc:81] Processing queue has data, processing started
I1006 08:39:28.484673  4512 processor.cc:158] Processor: start processing batch e41facce-f06d-4c62-a00f-dc325b15196d into model nwt
I1006 08:39:28.496671 19200 processor.cc:158] Processor: start processing batch f5a1bf36-ac49-4e25-95d6-56cabf2e5f4d into model nwt
I1006 08:39:28.660673  4512 processor.cc:285] Processor: complete processing batch e41facce-f06d-4c62-a00f-dc325b15196d into model nwt
I1006 08:39:28.663673  4512 cuckoo_watch.h:45] 196ms in ProcessBatch(postnauka_batches\aaaaaa.batch) [including 17ms in LoadMessage; 0ms in InitializeTheta; 0ms in CreateRegularizerAgents; 11ms in InitializeSparseNdw; 77ms in InferThetaAndUpdateNwtSparse; 0ms in UpdateCacheEntry; 85ms in CalculateScore(^^^ItemsProcessedScore^^^); ]
I1006 08:39:28.693671  4512 processor.cc:74] No data in processing queue, waiting...
I1006 08:39:28.872671 19200 processor.cc:285] Processor: complete processing batch f5a1bf36-ac49-4e25-95d6-56cabf2e5f4d into model nwt
I1006 08:39:28.878671 19200 cuckoo_watch.h:45] 411ms in ProcessBatch(postnauka_batches\aaaaab.batch) [including 28ms in LoadMessage; 0ms in InitializeTheta; 0ms in CreateRegularizerAgents; 29ms in InitializeSparseNdw; 153ms in InferThetaAndUpdateNwtSparse; 0ms in UpdateCacheEntry; 192ms in CalculateScore(^^^ItemsProcessedScore^^^); ]
I1006 08:39:28.879670 11852 master_component.cc:1499] RegularizeModelArgs: rwt_target_name=rwt, pwt_source_name=pwt, nwt_source_name=nwt
I1006 08:39:28.879670 11852 master_component.cc:1016] MasterComponent: start regularizing model pwt
I1006 08:39:28.910671 19200 processor.cc:74] No data in processing queue, waiting...
I1006 08:39:28.963685 11852 master_component.cc:1044] MasterComponent: complete regularizing model pwt
I1006 08:39:28.963685 11852 master_component.cc:1512] NormalizeModelArgs: pwt_target_name=pwt, nwt_source_name=nwt, rwt_source_name=rwt
I1006 08:39:28.963685 11852 master_component.cc:1048] MasterComponent: start normalizing model nwt
I1006 08:39:29.007671 11852 master_component.cc:1087] MasterComponent: complete normalizing model nwt
I1006 08:39:29.071672 11852 master_component.cc:1536] DisposeModel rwt
I1006 08:39:29.080673 11852 master_component.cc:1115] FitOffline: ItemsProcessed, num_items=1728, num_batches=2, token_weight=808522, token_weight_in_effect=808522
I1006 08:39:29.080673 11852 c_interface.cc:389] Pass FitOfflineMasterModelArgs, batch_filename_size=2, batch_weight_size=2, num_collection_passes=1, reset_nwt=yes to void (__cdecl artm::core::MasterComponent::*)(class artm::FitOfflineMasterModelArgs const & __ptr64) __ptr64
I1006 08:39:29.080673 11852 master_component.cc:1461] ProcessBatchesArgs: nwt_target_name=nwt, batch_filename_size=2, batch_size=0, batch_weight_size=2, pwt_source_name=pwt, num_document_passes=1, regularizer=(name:SmoothBcg, tau:100000), regularizer=(name:SparseSbj, tau:-100000), reuse_theta=no, opt_for_avx=yes, predict_class_id=, reset_nwt=yes
I1006 08:39:29.098673 19364 processor.cc:81] Processing queue has data, processing started
I1006 08:39:29.098673 20428 processor.cc:81] Processing queue has data, processing started
I1006 08:39:29.124673 19364 processor.cc:158] Processor: start processing batch e41facce-f06d-4c62-a00f-dc325b15196d into model nwt
I1006 08:39:29.130672 20428 processor.cc:158] Processor: start processing batch f5a1bf36-ac49-4e25-95d6-56cabf2e5f4d into model nwt
I1006 08:39:29.312672 19364 processor.cc:285] Processor: complete processing batch e41facce-f06d-4c62-a00f-dc325b15196d into model nwt
I1006 08:39:29.314672 19364 cuckoo_watch.h:45] 216ms in ProcessBatch(postnauka_batches\aaaaaa.batch) [including 26ms in LoadMessage; 0ms in InitializeTheta; 0ms in CreateRegularizerAgents; 12ms in InitializeSparseNdw; 81ms in InferThetaAndUpdateNwtSparse; 0ms in UpdateCacheEntry; 92ms in CalculateScore(^^^ItemsProcessedScore^^^); ]
I1006 08:39:29.342674 19364 processor.cc:74] No data in processing queue, waiting...
I1006 08:39:29.509685 20428 processor.cc:285] Processor: complete processing batch f5a1bf36-ac49-4e25-95d6-56cabf2e5f4d into model nwt
I1006 08:39:29.514684 20428 cuckoo_watch.h:45] 416ms in ProcessBatch(postnauka_batches\aaaaab.batch) [including 32ms in LoadMessage; 0ms in InitializeTheta; 0ms in CreateRegularizerAgents; 27ms in InitializeSparseNdw; 150ms in InferThetaAndUpdateNwtSparse; 0ms in UpdateCacheEntry; 199ms in CalculateScore(^^^ItemsProcessedScore^^^); ]
I1006 08:39:29.515684 11852 master_component.cc:1499] RegularizeModelArgs: rwt_target_name=rwt, pwt_source_name=pwt, nwt_source_name=nwt
I1006 08:39:29.515684 11852 master_component.cc:1016] MasterComponent: start regularizing model pwt
I1006 08:39:29.543673 20428 processor.cc:74] No data in processing queue, waiting...
I1006 08:39:29.606683 11852 master_component.cc:1044] MasterComponent: complete regularizing model pwt
I1006 08:39:29.606683 11852 master_component.cc:1512] NormalizeModelArgs: pwt_target_name=pwt, nwt_source_name=nwt, rwt_source_name=rwt
I1006 08:39:29.606683 11852 master_component.cc:1048] MasterComponent: start normalizing model nwt
I1006 08:39:29.652673 11852 master_component.cc:1087] MasterComponent: complete normalizing model nwt
I1006 08:39:29.720671 11852 master_component.cc:1536] DisposeModel rwt
I1006 08:39:29.730674 11852 master_component.cc:1115] FitOffline: ItemsProcessed, num_items=1728, num_batches=2, token_weight=808522, token_weight_in_effect=808522
I1006 08:39:29.730674 11852 c_interface.cc:389] Pass FitOfflineMasterModelArgs, batch_filename_size=2, batch_weight_size=2, num_collection_passes=1, reset_nwt=yes to void (__cdecl artm::core::MasterComponent::*)(class artm::FitOfflineMasterModelArgs const & __ptr64) __ptr64
I1006 08:39:29.730674 11852 master_component.cc:1461] ProcessBatchesArgs: nwt_target_name=nwt, batch_filename_size=2, batch_size=0, batch_weight_size=2, pwt_source_name=pwt, num_document_passes=1, regularizer=(name:SmoothBcg, tau:100000), regularizer=(name:SparseSbj, tau:-100000), reuse_theta=no, opt_for_avx=yes, predict_class_id=, reset_nwt=yes
I1006 08:39:29.750685 12040 processor.cc:81] Processing queue has data, processing started
I1006 08:39:29.750685 19364 processor.cc:81] Processing queue has data, processing started
I1006 08:39:29.767675 19364 processor.cc:158] Processor: start processing batch e41facce-f06d-4c62-a00f-dc325b15196d into model nwt
I1006 08:39:29.782716 12040 processor.cc:158] Processor: start processing batch f5a1bf36-ac49-4e25-95d6-56cabf2e5f4d into model nwt
I1006 08:39:29.955715 19364 processor.cc:285] Processor: complete processing batch e41facce-f06d-4c62-a00f-dc325b15196d into model nwt
I1006 08:39:29.957712 19364 cuckoo_watch.h:45] 207ms in ProcessBatch(postnauka_batches\aaaaaa.batch) [including 17ms in LoadMessage; 0ms in InitializeTheta; 0ms in CreateRegularizerAgents; 14ms in InitializeSparseNdw; 84ms in InferThetaAndUpdateNwtSparse; 0ms in UpdateCacheEntry; 87ms in CalculateScore(^^^ItemsProcessedScore^^^); ]
I1006 08:39:29.987725 19364 processor.cc:74] No data in processing queue, waiting...
I1006 08:39:30.154713 12040 processor.cc:285] Processor: complete processing batch f5a1bf36-ac49-4e25-95d6-56cabf2e5f4d into model nwt
I1006 08:39:30.159713 12040 cuckoo_watch.h:45] 409ms in ProcessBatch(postnauka_batches\aaaaab.batch) [including 32ms in LoadMessage; 0ms in InitializeTheta; 0ms in CreateRegularizerAgents; 31ms in InitializeSparseNdw; 150ms in InferThetaAndUpdateNwtSparse; 0ms in UpdateCacheEntry; 188ms in CalculateScore(^^^ItemsProcessedScore^^^); ]
I1006 08:39:30.161712 11852 master_component.cc:1499] RegularizeModelArgs: rwt_target_name=rwt, pwt_source_name=pwt, nwt_source_name=nwt
I1006 08:39:30.161712 11852 master_component.cc:1016] MasterComponent: start regularizing model pwt
I1006 08:39:30.190726 12040 processor.cc:74] No data in processing queue, waiting...
I1006 08:39:30.247714 11852 master_component.cc:1044] MasterComponent: complete regularizing model pwt
I1006 08:39:30.247714 11852 master_component.cc:1512] NormalizeModelArgs: pwt_target_name=pwt, nwt_source_name=nwt, rwt_source_name=rwt
I1006 08:39:30.247714 11852 master_component.cc:1048] MasterComponent: start normalizing model nwt
I1006 08:39:30.294713 11852 master_component.cc:1087] MasterComponent: complete normalizing model nwt
I1006 08:39:30.353713 11852 master_component.cc:1536] DisposeModel rwt
I1006 08:39:30.361713 11852 master_component.cc:1115] FitOffline: ItemsProcessed, num_items=1728, num_batches=2, token_weight=808522, token_weight_in_effect=808522
I1006 08:40:49.379248 11852 c_interface.cc:231] ArtmCopyRequestedMessage is copying 537833 bytes...
I1006 08:40:49.551259 11852 c_interface.cc:231] ArtmCopyRequestedMessage is copying 537833 bytes...
I1006 08:40:49.730247 11852 c_interface.cc:231] ArtmCopyRequestedMessage is copying 537833 bytes...
I1006 08:40:49.899327 11852 c_interface.cc:231] ArtmCopyRequestedMessage is copying 537833 bytes...
I1006 08:40:50.067260 11852 c_interface.cc:231] ArtmCopyRequestedMessage is copying 537833 bytes...
I1006 08:40:50.240257 11852 c_interface.cc:231] ArtmCopyRequestedMessage is copying 537833 bytes...
I1006 08:40:50.410248 11852 c_interface.cc:231] ArtmCopyRequestedMessage is copying 537833 bytes...
I1006 08:40:50.582777 11852 c_interface.cc:231] ArtmCopyRequestedMessage is copying 537833 bytes...
I1006 08:40:50.754767 11852 c_interface.cc:231] ArtmCopyRequestedMessage is copying 537833 bytes...
I1006 08:40:50.926766 11852 c_interface.cc:231] ArtmCopyRequestedMessage is copying 537833 bytes...
I1006 08:40:51.099777 11852 c_interface.cc:231] ArtmCopyRequestedMessage is copying 537833 bytes...
I1006 08:40:51.319777 11852 c_interface.cc:231] ArtmCopyRequestedMessage is copying 537833 bytes...
I1006 08:40:51.492779 11852 c_interface.cc:231] ArtmCopyRequestedMessage is copying 537833 bytes...
I1006 08:40:51.664247 11852 c_interface.cc:231] ArtmCopyRequestedMessage is copying 537833 bytes...
I1006 08:40:51.833237 11852 c_interface.cc:231] ArtmCopyRequestedMessage is copying 537833 bytes...
