Log file created at: 2020/10/04 19:13:31
Running on machine: DESKTOP-MT7K46O
Log line format: [IWEF]mmdd hh:mm:ss.uuuuuu threadid file:line] msg
I1004 19:13:31.883530 11492 c_interface.cc:127] Logging enabled to .
I1004 19:13:31.883530 11492 c_interface.cc:128] BigARTM version: v0.10.1
I1004 19:13:31.883530 11492 c_interface.cc:271] Pass MasterModelConfig: topic_name_size=0, score_config_size=1, num_processors=0, pwt_name=pwt, nwt_name=nwt, num_document_passes=0, reuse_theta=no, cache_theta=no, opt_for_avx=yes, disk_cache_path= to ArtmCreateMasterModel
I1004 19:13:31.883530 11492 c_interface.cc:274] Creating MasterModel (id=1)...
I1004 19:13:31.884531 11492 collection_parser.cc:771] CollectionParserConfig.num_threads is automatically set to 16
I1004 19:13:32.894737 11492 c_interface.cc:375] Pass 69a04f6f-d386-40dc-a5dc-bc1478d381a9 to void (__cdecl artm::core::MasterComponent::*)(class std::basic_string<char,struct std::char_traits<char>,class std::allocator<char> > const & __ptr64) __ptr64
I1004 19:13:32.894737 11492 c_interface.cc:389] Pass GatherDictionaryArgs: dictionary_target_name=69a04f6f-d386-40dc-a5dc-bc1478d381a9, data_path=postnauka_batches, symmetric_cooc_values=0 to void (__cdecl artm::core::MasterComponent::*)(class artm::GatherDictionaryArgs const & __ptr64) __ptr64
I1004 19:13:32.895737 11492 dictionary_operations.cc:265] Found 2 batches in 'postnauka_batches' folder
I1004 19:13:33.009750 11492 dictionary_operations.cc:331] Find 26866 unique tokens in 1728 items
I1004 19:13:33.055737 11492 dictionary_operations.cc:611] Dictionary name='69a04f6f-d386-40dc-a5dc-bc1478d381a9' contains entries: author:539; text:26327; 
I1004 19:26:07.085394 11492 c_interface.cc:271] Pass MasterModelConfig: topic_name_size=30, score_config_size=1, num_processors=0, pwt_name=pwt, nwt_name=nwt, num_document_passes=10, reuse_theta=no, cache_theta=yes, opt_for_avx=yes, disk_cache_path= to ArtmCreateMasterModel
I1004 19:26:07.093448 11492 instance.cc:401] MasterModelConfig.processors_count is automatically set to 16
I1004 19:26:07.093448 20236 processor.cc:58] Processor thread started
I1004 19:26:07.093448 14948 processor.cc:58] Processor thread started
I1004 19:26:07.093448 11492 c_interface.cc:274] Creating MasterModel (id=2)...
I1004 19:26:07.093448  9904 processor.cc:58] Processor thread started
I1004 19:26:07.094444 19752 processor.cc:58] Processor thread started
I1004 19:26:07.094444  7528 processor.cc:58] Processor thread started
I1004 19:26:07.094444 11576 processor.cc:58] Processor thread started
I1004 19:26:07.094444  6116 processor.cc:58] Processor thread started
I1004 19:26:07.094444  1524 processor.cc:58] Processor thread started
I1004 19:26:07.094444  2824 processor.cc:58] Processor thread started
I1004 19:26:07.094444  5460 processor.cc:58] Processor thread started
I1004 19:26:07.094444  2760 processor.cc:58] Processor thread started
I1004 19:26:07.094444 17616 processor.cc:58] Processor thread started
I1004 19:26:07.094444 13164 processor.cc:58] Processor thread started
I1004 19:26:07.095444  6880 processor.cc:58] Processor thread started
I1004 19:26:07.095444 21080 processor.cc:58] Processor thread started
I1004 19:26:07.095444 18184 processor.cc:58] Processor thread started
I1004 19:26:07.125455 20236 processor.cc:74] No data in processing queue, waiting...
I1004 19:26:07.125455  9904 processor.cc:74] No data in processing queue, waiting...
I1004 19:26:07.125455 14948 processor.cc:74] No data in processing queue, waiting...
I1004 19:26:07.126456 11576 processor.cc:74] No data in processing queue, waiting...
I1004 19:26:07.126456  5460 processor.cc:74] No data in processing queue, waiting...
I1004 19:26:07.126456  1524 processor.cc:74] No data in processing queue, waiting...
I1004 19:26:07.126456  7528 processor.cc:74] No data in processing queue, waiting...
I1004 19:26:07.126456 18184 processor.cc:74] No data in processing queue, waiting...
I1004 19:26:07.126456 13164 processor.cc:74] No data in processing queue, waiting...
I1004 19:26:07.126456  2824 processor.cc:74] No data in processing queue, waiting...
I1004 19:26:07.126456  2760 processor.cc:74] No data in processing queue, waiting...
I1004 19:26:07.126456  6880 processor.cc:74] No data in processing queue, waiting...
I1004 19:26:07.126456 19752 processor.cc:74] No data in processing queue, waiting...
I1004 19:26:07.126456 21080 processor.cc:74] No data in processing queue, waiting...
I1004 19:26:07.126456  6116 processor.cc:74] No data in processing queue, waiting...
I1004 19:26:07.126456 17616 processor.cc:74] No data in processing queue, waiting...
I1004 19:29:33.203387 11492 c_interface.cc:271] Pass MasterModelConfig: topic_name_size=0, score_config_size=1, num_processors=0, pwt_name=pwt, nwt_name=nwt, num_document_passes=0, reuse_theta=no, cache_theta=no, opt_for_avx=yes, disk_cache_path= to ArtmCreateMasterModel
I1004 19:29:33.203387 11492 c_interface.cc:274] Creating MasterModel (id=3)...
I1004 19:29:33.203387 11492 c_interface.cc:375] Pass c1bf0461-9fc7-4fd2-825d-5ebf81213725 to void (__cdecl artm::core::MasterComponent::*)(class std::basic_string<char,struct std::char_traits<char>,class std::allocator<char> > const & __ptr64) __ptr64
I1004 19:29:33.204386 11492 c_interface.cc:389] Pass GatherDictionaryArgs: dictionary_target_name=c1bf0461-9fc7-4fd2-825d-5ebf81213725, data_path=postnauka_batches, symmetric_cooc_values=0 to void (__cdecl artm::core::MasterComponent::*)(class artm::GatherDictionaryArgs const & __ptr64) __ptr64
I1004 19:29:33.204651 11492 dictionary_operations.cc:265] Found 2 batches in 'postnauka_batches' folder
I1004 19:29:33.316448 11492 dictionary_operations.cc:331] Find 26866 unique tokens in 1728 items
I1004 19:29:33.365639 11492 dictionary_operations.cc:611] Dictionary name='c1bf0461-9fc7-4fd2-825d-5ebf81213725' contains entries: author:539; text:26327; 
I1004 19:29:33.366484 11492 c_interface.cc:375] Pass pwt to void (__cdecl artm::core::MasterComponent::*)(class std::basic_string<char,struct std::char_traits<char>,class std::allocator<char> > const & __ptr64) __ptr64
I1004 19:29:33.366484 11492 c_interface.cc:375] Pass nwt to void (__cdecl artm::core::MasterComponent::*)(class std::basic_string<char,struct std::char_traits<char>,class std::allocator<char> > const & __ptr64) __ptr64
I1004 19:29:33.366484 11492 c_interface.cc:389] Pass InitializeModelArgs: model_name=pwt, dictionary_name=c1bf0461-9fc7-4fd2-825d-5ebf81213725, topic_name_size=30, seed=-1 to void (__cdecl artm::core::MasterComponent::*)(class artm::InitializeModelArgs const & __ptr64) __ptr64
I1004 19:29:33.510460 11492 master_component.cc:702] InitializeModel() created matrix pwt with 30 topics and 26866 tokens; 
I1004 19:29:33.510460 11492 c_interface.cc:389] Pass InitializeModelArgs: model_name=nwt, dictionary_name=c1bf0461-9fc7-4fd2-825d-5ebf81213725, topic_name_size=30, seed=-1 to void (__cdecl artm::core::MasterComponent::*)(class artm::InitializeModelArgs const & __ptr64) __ptr64
I1004 19:29:33.653460 11492 master_component.cc:702] InitializeModel() created matrix nwt with 30 topics and 26866 tokens; 
I1004 19:29:33.653460 11492 c_interface.cc:231] ArtmCopyRequestedMessage is copying 309 bytes...
I1004 19:35:35.101735 11492 c_interface.cc:389] Pass MasterModelConfig: topic_name_size=30, score_config_size=2, num_processors=0, pwt_name=pwt, nwt_name=nwt, num_document_passes=10, reuse_theta=no, cache_theta=yes, opt_for_avx=yes, disk_cache_path= to void (__cdecl artm::core::MasterComponent::*)(class artm::MasterModelConfig const & __ptr64) __ptr64
I1004 19:35:35.101735 11492 instance.cc:401] MasterModelConfig.processors_count is automatically set to 16
I1004 19:35:35.101735 11492 c_interface.cc:389] Pass MasterModelConfig: topic_name_size=30, score_config_size=3, num_processors=0, pwt_name=pwt, nwt_name=nwt, num_document_passes=10, reuse_theta=no, cache_theta=yes, opt_for_avx=yes, disk_cache_path= to void (__cdecl artm::core::MasterComponent::*)(class artm::MasterModelConfig const & __ptr64) __ptr64
I1004 19:35:35.101735 11492 instance.cc:401] MasterModelConfig.processors_count is automatically set to 16
I1004 19:47:53.501332 11492 c_interface.cc:389] Pass MasterModelConfig: topic_name_size=30, score_config_size=3, num_processors=0, pwt_name=pwt, nwt_name=nwt, num_document_passes=10, regularizer=(SmoothBcg:100000), reuse_theta=no, cache_theta=yes, opt_for_avx=yes, disk_cache_path= to void (__cdecl artm::core::MasterComponent::*)(class artm::MasterModelConfig const & __ptr64) __ptr64
I1004 19:47:53.501332 11492 instance.cc:401] MasterModelConfig.processors_count is automatically set to 16
I1004 19:47:53.501332 11492 instance.cc:232] Regularizer 'SmoothBcg' was cold-reconfigured
I1004 19:49:07.995738 11492 c_interface.cc:389] Pass MasterModelConfig: topic_name_size=30, score_config_size=3, num_processors=0, pwt_name=pwt, nwt_name=nwt, num_document_passes=1, regularizer=(SmoothBcg:100000), reuse_theta=no, cache_theta=yes, opt_for_avx=yes, disk_cache_path= to void (__cdecl artm::core::MasterComponent::*)(class artm::MasterModelConfig const & __ptr64) __ptr64
I1004 19:49:07.995738 11492 instance.cc:401] MasterModelConfig.processors_count is automatically set to 16
I1004 19:49:07.995738 11492 instance.cc:232] Regularizer 'SmoothBcg' was cold-reconfigured
I1004 19:49:07.997726 11492 c_interface.cc:389] Pass FitOfflineMasterModelArgs, batch_filename_size=2, batch_weight_size=2, num_collection_passes=1, reset_nwt=yes to void (__cdecl artm::core::MasterComponent::*)(class artm::FitOfflineMasterModelArgs const & __ptr64) __ptr64
I1004 19:49:07.997726 11492 master_component.cc:1461] ProcessBatchesArgs: nwt_target_name=nwt, batch_filename_size=2, batch_size=0, batch_weight_size=2, pwt_source_name=pwt, num_document_passes=1, regularizer=(name:SmoothBcg, tau:100000), reuse_theta=no, opt_for_avx=yes, predict_class_id=, reset_nwt=yes
I1004 19:49:08.010737 11492 master_component.cc:866] Batches count (=2) is smaller than num processors (=16), which may cause suboptimal performance.
I1004 19:49:08.013737 20236 processor.cc:81] Processing queue has data, processing started
I1004 19:49:08.013737 21080 processor.cc:81] Processing queue has data, processing started
I1004 19:49:08.034726 21080 processor.cc:158] Processor: start processing batch 6b262477-b74b-4c65-914f-7ff60b551995 into model nwt
I1004 19:49:08.049738 20236 processor.cc:158] Processor: start processing batch 4b9262b0-574b-4a82-9bbc-3466a0b3f7ef into model nwt
I1004 19:49:08.256726 21080 processor.cc:285] Processor: complete processing batch 6b262477-b74b-4c65-914f-7ff60b551995 into model nwt
I1004 19:49:08.261726 21080 cuckoo_watch.h:45] 247ms in ProcessBatch(postnauka_batches\aaaaaa.batch) [including 21ms in LoadMessage; 0ms in InitializeTheta; 0ms in CreateRegularizerAgents; 15ms in InitializeSparseNdw; 100ms in InferThetaAndUpdateNwtSparse; 0ms in UpdateCacheEntry; 105ms in CalculateScore(^^^ItemsProcessedScore^^^); ]
I1004 19:49:08.290727 21080 processor.cc:74] No data in processing queue, waiting...
I1004 19:49:08.479727 20236 processor.cc:285] Processor: complete processing batch 4b9262b0-574b-4a82-9bbc-3466a0b3f7ef into model nwt
I1004 19:49:08.486729 20236 cuckoo_watch.h:45] 473ms in ProcessBatch(postnauka_batches\aaaaab.batch) [including 36ms in LoadMessage; 0ms in InitializeTheta; 0ms in CreateRegularizerAgents; 32ms in InitializeSparseNdw; 200ms in InferThetaAndUpdateNwtSparse; 0ms in UpdateCacheEntry; 195ms in CalculateScore(^^^ItemsProcessedScore^^^); ]
I1004 19:49:08.487737 11492 master_component.cc:1499] RegularizeModelArgs: rwt_target_name=rwt, pwt_source_name=pwt, nwt_source_name=nwt
I1004 19:49:08.487737 11492 master_component.cc:1016] MasterComponent: start regularizing model pwt
I1004 19:49:08.520728 20236 processor.cc:74] No data in processing queue, waiting...
I1004 19:49:08.553737 11492 master_component.cc:1044] MasterComponent: complete regularizing model pwt
I1004 19:49:08.553737 11492 master_component.cc:1512] NormalizeModelArgs: pwt_target_name=pwt, nwt_source_name=nwt, rwt_source_name=rwt
I1004 19:49:08.553737 11492 master_component.cc:1048] MasterComponent: start normalizing model nwt
I1004 19:49:08.583737 11492 master_component.cc:1087] MasterComponent: complete normalizing model nwt
I1004 19:49:08.683737 11492 master_component.cc:1536] DisposeModel rwt
I1004 19:49:08.692726 11492 master_component.cc:1115] FitOffline: ItemsProcessed, num_items=1728, num_batches=2, token_weight=808522, token_weight_in_effect=808522
I1004 19:49:08.692726 11492 c_interface.cc:389] Pass FitOfflineMasterModelArgs, batch_filename_size=2, batch_weight_size=2, num_collection_passes=1, reset_nwt=yes to void (__cdecl artm::core::MasterComponent::*)(class artm::FitOfflineMasterModelArgs const & __ptr64) __ptr64
I1004 19:49:08.692726 11492 master_component.cc:1461] ProcessBatchesArgs: nwt_target_name=nwt, batch_filename_size=2, batch_size=0, batch_weight_size=2, pwt_source_name=pwt, num_document_passes=1, regularizer=(name:SmoothBcg, tau:100000), reuse_theta=no, opt_for_avx=yes, predict_class_id=, reset_nwt=yes
I1004 19:49:08.710737 13164 processor.cc:81] Processing queue has data, processing started
I1004 19:49:08.710737  5460 processor.cc:81] Processing queue has data, processing started
I1004 19:49:08.727737  5460 processor.cc:158] Processor: start processing batch 6b262477-b74b-4c65-914f-7ff60b551995 into model nwt
I1004 19:49:08.741724 13164 processor.cc:158] Processor: start processing batch 4b9262b0-574b-4a82-9bbc-3466a0b3f7ef into model nwt
I1004 19:49:08.954257  5460 processor.cc:285] Processor: complete processing batch 6b262477-b74b-4c65-914f-7ff60b551995 into model nwt
I1004 19:49:08.960258  5460 cuckoo_watch.h:45] 249ms in ProcessBatch(postnauka_batches\aaaaaa.batch) [including 17ms in LoadMessage; 0ms in InitializeTheta; 0ms in CreateRegularizerAgents; 12ms in InitializeSparseNdw; 99ms in InferThetaAndUpdateNwtSparse; 0ms in UpdateCacheEntry; 112ms in CalculateScore(^^^ItemsProcessedScore^^^); ]
I1004 19:49:08.990267  5460 processor.cc:74] No data in processing queue, waiting...
I1004 19:49:09.175267 13164 processor.cc:285] Processor: complete processing batch 4b9262b0-574b-4a82-9bbc-3466a0b3f7ef into model nwt
I1004 19:49:09.182255 13164 cuckoo_watch.h:45] 472ms in ProcessBatch(postnauka_batches\aaaaab.batch) [including 31ms in LoadMessage; 0ms in InitializeTheta; 0ms in CreateRegularizerAgents; 29ms in InitializeSparseNdw; 205ms in InferThetaAndUpdateNwtSparse; 0ms in UpdateCacheEntry; 198ms in CalculateScore(^^^ItemsProcessedScore^^^); ]
I1004 19:49:09.183271 11492 master_component.cc:1499] RegularizeModelArgs: rwt_target_name=rwt, pwt_source_name=pwt, nwt_source_name=nwt
I1004 19:49:09.183271 11492 master_component.cc:1016] MasterComponent: start regularizing model pwt
I1004 19:49:09.214272 13164 processor.cc:74] No data in processing queue, waiting...
I1004 19:49:09.252256 11492 master_component.cc:1044] MasterComponent: complete regularizing model pwt
I1004 19:49:09.252256 11492 master_component.cc:1512] NormalizeModelArgs: pwt_target_name=pwt, nwt_source_name=nwt, rwt_source_name=rwt
I1004 19:49:09.252256 11492 master_component.cc:1048] MasterComponent: start normalizing model nwt
I1004 19:49:09.283272 11492 master_component.cc:1087] MasterComponent: complete normalizing model nwt
I1004 19:49:09.384271 11492 master_component.cc:1536] DisposeModel rwt
I1004 19:49:09.393256 11492 master_component.cc:1115] FitOffline: ItemsProcessed, num_items=1728, num_batches=2, token_weight=808522, token_weight_in_effect=808522
I1004 19:49:09.393256 11492 c_interface.cc:389] Pass FitOfflineMasterModelArgs, batch_filename_size=2, batch_weight_size=2, num_collection_passes=1, reset_nwt=yes to void (__cdecl artm::core::MasterComponent::*)(class artm::FitOfflineMasterModelArgs const & __ptr64) __ptr64
I1004 19:49:09.393256 11492 master_component.cc:1461] ProcessBatchesArgs: nwt_target_name=nwt, batch_filename_size=2, batch_size=0, batch_weight_size=2, pwt_source_name=pwt, num_document_passes=1, regularizer=(name:SmoothBcg, tau:100000), reuse_theta=no, opt_for_avx=yes, predict_class_id=, reset_nwt=yes
I1004 19:49:09.409257 11576 processor.cc:81] Processing queue has data, processing started
I1004 19:49:09.411268  6880 processor.cc:81] Processing queue has data, processing started
I1004 19:49:09.427268 11576 processor.cc:158] Processor: start processing batch 6b262477-b74b-4c65-914f-7ff60b551995 into model nwt
I1004 19:49:09.444255  6880 processor.cc:158] Processor: start processing batch 4b9262b0-574b-4a82-9bbc-3466a0b3f7ef into model nwt
I1004 19:49:09.670256 11576 processor.cc:285] Processor: complete processing batch 6b262477-b74b-4c65-914f-7ff60b551995 into model nwt
I1004 19:49:09.673255 11576 cuckoo_watch.h:45] 264ms in ProcessBatch(postnauka_batches\aaaaaa.batch) [including 18ms in LoadMessage; 0ms in InitializeTheta; 0ms in CreateRegularizerAgents; 13ms in InitializeSparseNdw; 102ms in InferThetaAndUpdateNwtSparse; 0ms in UpdateCacheEntry; 126ms in CalculateScore(^^^ItemsProcessedScore^^^); ]
I1004 19:49:09.703255 11576 processor.cc:74] No data in processing queue, waiting...
I1004 19:49:09.912268  6880 processor.cc:285] Processor: complete processing batch 4b9262b0-574b-4a82-9bbc-3466a0b3f7ef into model nwt
I1004 19:49:09.920267  6880 cuckoo_watch.h:45] 509ms in ProcessBatch(postnauka_batches\aaaaab.batch) [including 33ms in LoadMessage; 0ms in InitializeTheta; 0ms in CreateRegularizerAgents; 33ms in InitializeSparseNdw; 214ms in InferThetaAndUpdateNwtSparse; 0ms in UpdateCacheEntry; 218ms in CalculateScore(^^^ItemsProcessedScore^^^); ]
I1004 19:49:09.921272 11492 master_component.cc:1499] RegularizeModelArgs: rwt_target_name=rwt, pwt_source_name=pwt, nwt_source_name=nwt
I1004 19:49:09.921272 11492 master_component.cc:1016] MasterComponent: start regularizing model pwt
I1004 19:49:09.953255  6880 processor.cc:74] No data in processing queue, waiting...
I1004 19:49:09.988256 11492 master_component.cc:1044] MasterComponent: complete regularizing model pwt
I1004 19:49:09.988256 11492 master_component.cc:1512] NormalizeModelArgs: pwt_target_name=pwt, nwt_source_name=nwt, rwt_source_name=rwt
I1004 19:49:09.988256 11492 master_component.cc:1048] MasterComponent: start normalizing model nwt
I1004 19:49:10.020256 11492 master_component.cc:1087] MasterComponent: complete normalizing model nwt
I1004 19:49:10.124256 11492 master_component.cc:1536] DisposeModel rwt
I1004 19:49:10.133256 11492 master_component.cc:1115] FitOffline: ItemsProcessed, num_items=1728, num_batches=2, token_weight=808522, token_weight_in_effect=808522
I1004 19:49:10.133256 11492 c_interface.cc:389] Pass FitOfflineMasterModelArgs, batch_filename_size=2, batch_weight_size=2, num_collection_passes=1, reset_nwt=yes to void (__cdecl artm::core::MasterComponent::*)(class artm::FitOfflineMasterModelArgs const & __ptr64) __ptr64
I1004 19:49:10.133256 11492 master_component.cc:1461] ProcessBatchesArgs: nwt_target_name=nwt, batch_filename_size=2, batch_size=0, batch_weight_size=2, pwt_source_name=pwt, num_document_passes=1, regularizer=(name:SmoothBcg, tau:100000), reuse_theta=no, opt_for_avx=yes, predict_class_id=, reset_nwt=yes
I1004 19:49:10.152267  7528 processor.cc:81] Processing queue has data, processing started
I1004 19:49:10.152267 11576 processor.cc:81] Processing queue has data, processing started
I1004 19:49:10.171255  7528 processor.cc:158] Processor: start processing batch 6b262477-b74b-4c65-914f-7ff60b551995 into model nwt
I1004 19:49:10.185256 11576 processor.cc:158] Processor: start processing batch 4b9262b0-574b-4a82-9bbc-3466a0b3f7ef into model nwt
I1004 19:49:10.391335  7528 processor.cc:285] Processor: complete processing batch 6b262477-b74b-4c65-914f-7ff60b551995 into model nwt
I1004 19:49:10.395258  7528 cuckoo_watch.h:45] 243ms in ProcessBatch(postnauka_batches\aaaaaa.batch) [including 19ms in LoadMessage; 0ms in InitializeTheta; 0ms in CreateRegularizerAgents; 15ms in InitializeSparseNdw; 96ms in InferThetaAndUpdateNwtSparse; 0ms in UpdateCacheEntry; 106ms in CalculateScore(^^^ItemsProcessedScore^^^); ]
I1004 19:49:10.428272  7528 processor.cc:74] No data in processing queue, waiting...
I1004 19:49:10.608271 11576 processor.cc:285] Processor: complete processing batch 4b9262b0-574b-4a82-9bbc-3466a0b3f7ef into model nwt
I1004 19:49:10.615267 11576 cuckoo_watch.h:45] 463ms in ProcessBatch(postnauka_batches\aaaaab.batch) [including 33ms in LoadMessage; 0ms in InitializeTheta; 0ms in CreateRegularizerAgents; 31ms in InitializeSparseNdw; 197ms in InferThetaAndUpdateNwtSparse; 0ms in UpdateCacheEntry; 193ms in CalculateScore(^^^ItemsProcessedScore^^^); ]
I1004 19:49:10.616267 11492 master_component.cc:1499] RegularizeModelArgs: rwt_target_name=rwt, pwt_source_name=pwt, nwt_source_name=nwt
I1004 19:49:10.616267 11492 master_component.cc:1016] MasterComponent: start regularizing model pwt
I1004 19:49:10.652271 11576 processor.cc:74] No data in processing queue, waiting...
I1004 19:49:10.678256 11492 master_component.cc:1044] MasterComponent: complete regularizing model pwt
I1004 19:49:10.678256 11492 master_component.cc:1512] NormalizeModelArgs: pwt_target_name=pwt, nwt_source_name=nwt, rwt_source_name=rwt
I1004 19:49:10.678256 11492 master_component.cc:1048] MasterComponent: start normalizing model nwt
I1004 19:49:10.714255 11492 master_component.cc:1087] MasterComponent: complete normalizing model nwt
I1004 19:49:10.814256 11492 master_component.cc:1536] DisposeModel rwt
I1004 19:49:10.822257 11492 master_component.cc:1115] FitOffline: ItemsProcessed, num_items=1728, num_batches=2, token_weight=808522, token_weight_in_effect=808522
I1004 19:49:10.822257 11492 c_interface.cc:389] Pass FitOfflineMasterModelArgs, batch_filename_size=2, batch_weight_size=2, num_collection_passes=1, reset_nwt=yes to void (__cdecl artm::core::MasterComponent::*)(class artm::FitOfflineMasterModelArgs const & __ptr64) __ptr64
I1004 19:49:10.822257 11492 master_component.cc:1461] ProcessBatchesArgs: nwt_target_name=nwt, batch_filename_size=2, batch_size=0, batch_weight_size=2, pwt_source_name=pwt, num_document_passes=1, regularizer=(name:SmoothBcg, tau:100000), reuse_theta=no, opt_for_avx=yes, predict_class_id=, reset_nwt=yes
I1004 19:49:10.844255  1524 processor.cc:81] Processing queue has data, processing started
I1004 19:49:10.844255 19752 processor.cc:81] Processing queue has data, processing started
I1004 19:49:10.863255  1524 processor.cc:158] Processor: start processing batch 6b262477-b74b-4c65-914f-7ff60b551995 into model nwt
I1004 19:49:10.880256 19752 processor.cc:158] Processor: start processing batch 4b9262b0-574b-4a82-9bbc-3466a0b3f7ef into model nwt
I1004 19:49:11.102255  1524 processor.cc:285] Processor: complete processing batch 6b262477-b74b-4c65-914f-7ff60b551995 into model nwt
I1004 19:49:11.107255  1524 cuckoo_watch.h:45] 263ms in ProcessBatch(postnauka_batches\aaaaaa.batch) [including 19ms in LoadMessage; 0ms in InitializeTheta; 0ms in CreateRegularizerAgents; 13ms in InitializeSparseNdw; 111ms in InferThetaAndUpdateNwtSparse; 0ms in UpdateCacheEntry; 113ms in CalculateScore(^^^ItemsProcessedScore^^^); ]
I1004 19:49:11.146286  1524 processor.cc:74] No data in processing queue, waiting...
I1004 19:49:11.316256 19752 processor.cc:285] Processor: complete processing batch 4b9262b0-574b-4a82-9bbc-3466a0b3f7ef into model nwt
I1004 19:49:11.323257 19752 cuckoo_watch.h:45] 479ms in ProcessBatch(postnauka_batches\aaaaab.batch) [including 36ms in LoadMessage; 0ms in InitializeTheta; 0ms in CreateRegularizerAgents; 32ms in InitializeSparseNdw; 210ms in InferThetaAndUpdateNwtSparse; 0ms in UpdateCacheEntry; 192ms in CalculateScore(^^^ItemsProcessedScore^^^); ]
I1004 19:49:11.325255 11492 master_component.cc:1499] RegularizeModelArgs: rwt_target_name=rwt, pwt_source_name=pwt, nwt_source_name=nwt
I1004 19:49:11.325255 11492 master_component.cc:1016] MasterComponent: start regularizing model pwt
I1004 19:49:11.351258 19752 processor.cc:74] No data in processing queue, waiting...
I1004 19:49:11.391268 11492 master_component.cc:1044] MasterComponent: complete regularizing model pwt
I1004 19:49:11.391268 11492 master_component.cc:1512] NormalizeModelArgs: pwt_target_name=pwt, nwt_source_name=nwt, rwt_source_name=rwt
I1004 19:49:11.391268 11492 master_component.cc:1048] MasterComponent: start normalizing model nwt
I1004 19:49:11.424259 11492 master_component.cc:1087] MasterComponent: complete normalizing model nwt
I1004 19:49:11.526255 11492 master_component.cc:1536] DisposeModel rwt
I1004 19:49:11.534255 11492 master_component.cc:1115] FitOffline: ItemsProcessed, num_items=1728, num_batches=2, token_weight=808522, token_weight_in_effect=808522
I1004 19:49:11.535257 11492 c_interface.cc:389] Pass FitOfflineMasterModelArgs, batch_filename_size=2, batch_weight_size=2, num_collection_passes=1, reset_nwt=yes to void (__cdecl artm::core::MasterComponent::*)(class artm::FitOfflineMasterModelArgs const & __ptr64) __ptr64
I1004 19:49:11.535257 11492 master_component.cc:1461] ProcessBatchesArgs: nwt_target_name=nwt, batch_filename_size=2, batch_size=0, batch_weight_size=2, pwt_source_name=pwt, num_document_passes=1, regularizer=(name:SmoothBcg, tau:100000), reuse_theta=no, opt_for_avx=yes, predict_class_id=, reset_nwt=yes
I1004 19:49:11.551256 13164 processor.cc:81] Processing queue has data, processing started
I1004 19:49:11.551256  7528 processor.cc:81] Processing queue has data, processing started
I1004 19:49:11.568259 13164 processor.cc:158] Processor: start processing batch 6b262477-b74b-4c65-914f-7ff60b551995 into model nwt
I1004 19:49:11.581256  7528 processor.cc:158] Processor: start processing batch 4b9262b0-574b-4a82-9bbc-3466a0b3f7ef into model nwt
I1004 19:49:11.790256 13164 processor.cc:285] Processor: complete processing batch 6b262477-b74b-4c65-914f-7ff60b551995 into model nwt
I1004 19:49:11.794255 13164 cuckoo_watch.h:45] 243ms in ProcessBatch(postnauka_batches\aaaaaa.batch) [including 17ms in LoadMessage; 0ms in InitializeTheta; 0ms in CreateRegularizerAgents; 12ms in InitializeSparseNdw; 100ms in InferThetaAndUpdateNwtSparse; 0ms in UpdateCacheEntry; 108ms in CalculateScore(^^^ItemsProcessedScore^^^); ]
I1004 19:49:11.825268 13164 processor.cc:74] No data in processing queue, waiting...
I1004 19:49:12.006256  7528 processor.cc:285] Processor: complete processing batch 4b9262b0-574b-4a82-9bbc-3466a0b3f7ef into model nwt
I1004 19:49:12.013268  7528 cuckoo_watch.h:45] 462ms in ProcessBatch(postnauka_batches\aaaaab.batch) [including 30ms in LoadMessage; 0ms in InitializeTheta; 0ms in CreateRegularizerAgents; 32ms in InitializeSparseNdw; 192ms in InferThetaAndUpdateNwtSparse; 0ms in UpdateCacheEntry; 198ms in CalculateScore(^^^ItemsProcessedScore^^^); ]
I1004 19:49:12.015255 11492 master_component.cc:1499] RegularizeModelArgs: rwt_target_name=rwt, pwt_source_name=pwt, nwt_source_name=nwt
I1004 19:49:12.015255 11492 master_component.cc:1016] MasterComponent: start regularizing model pwt
I1004 19:49:12.041267  7528 processor.cc:74] No data in processing queue, waiting...
I1004 19:49:12.082257 11492 master_component.cc:1044] MasterComponent: complete regularizing model pwt
I1004 19:49:12.082257 11492 master_component.cc:1512] NormalizeModelArgs: pwt_target_name=pwt, nwt_source_name=nwt, rwt_source_name=rwt
I1004 19:49:12.082257 11492 master_component.cc:1048] MasterComponent: start normalizing model nwt
I1004 19:49:12.115255 11492 master_component.cc:1087] MasterComponent: complete normalizing model nwt
I1004 19:49:12.220255 11492 master_component.cc:1536] DisposeModel rwt
I1004 19:49:12.228255 11492 master_component.cc:1115] FitOffline: ItemsProcessed, num_items=1728, num_batches=2, token_weight=808522, token_weight_in_effect=808522
I1004 19:49:12.228255 11492 c_interface.cc:389] Pass FitOfflineMasterModelArgs, batch_filename_size=2, batch_weight_size=2, num_collection_passes=1, reset_nwt=yes to void (__cdecl artm::core::MasterComponent::*)(class artm::FitOfflineMasterModelArgs const & __ptr64) __ptr64
I1004 19:49:12.228255 11492 master_component.cc:1461] ProcessBatchesArgs: nwt_target_name=nwt, batch_filename_size=2, batch_size=0, batch_weight_size=2, pwt_source_name=pwt, num_document_passes=1, regularizer=(name:SmoothBcg, tau:100000), reuse_theta=no, opt_for_avx=yes, predict_class_id=, reset_nwt=yes
I1004 19:49:12.247256 14948 processor.cc:81] Processing queue has data, processing started
I1004 19:49:12.247256  5460 processor.cc:81] Processing queue has data, processing started
I1004 19:49:12.264267 14948 processor.cc:158] Processor: start processing batch 6b262477-b74b-4c65-914f-7ff60b551995 into model nwt
I1004 19:49:12.280267  5460 processor.cc:158] Processor: start processing batch 4b9262b0-574b-4a82-9bbc-3466a0b3f7ef into model nwt
I1004 19:49:12.475255 14948 processor.cc:285] Processor: complete processing batch 6b262477-b74b-4c65-914f-7ff60b551995 into model nwt
I1004 19:49:12.480255 14948 cuckoo_watch.h:45] 232ms in ProcessBatch(postnauka_batches\aaaaaa.batch) [including 17ms in LoadMessage; 0ms in InitializeTheta; 0ms in CreateRegularizerAgents; 13ms in InitializeSparseNdw; 94ms in InferThetaAndUpdateNwtSparse; 0ms in UpdateCacheEntry; 101ms in CalculateScore(^^^ItemsProcessedScore^^^); ]
I1004 19:49:12.514256 14948 processor.cc:74] No data in processing queue, waiting...
I1004 19:49:12.677256  5460 processor.cc:285] Processor: complete processing batch 4b9262b0-574b-4a82-9bbc-3466a0b3f7ef into model nwt
I1004 19:49:12.684257  5460 cuckoo_watch.h:45] 437ms in ProcessBatch(postnauka_batches\aaaaab.batch) [including 33ms in LoadMessage; 0ms in InitializeTheta; 0ms in CreateRegularizerAgents; 28ms in InitializeSparseNdw; 185ms in InferThetaAndUpdateNwtSparse; 0ms in UpdateCacheEntry; 181ms in CalculateScore(^^^ItemsProcessedScore^^^); ]
I1004 19:49:12.685256 11492 master_component.cc:1499] RegularizeModelArgs: rwt_target_name=rwt, pwt_source_name=pwt, nwt_source_name=nwt
I1004 19:49:12.685256 11492 master_component.cc:1016] MasterComponent: start regularizing model pwt
I1004 19:49:12.715267  5460 processor.cc:74] No data in processing queue, waiting...
I1004 19:49:12.747267 11492 master_component.cc:1044] MasterComponent: complete regularizing model pwt
I1004 19:49:12.747267 11492 master_component.cc:1512] NormalizeModelArgs: pwt_target_name=pwt, nwt_source_name=nwt, rwt_source_name=rwt
I1004 19:49:12.747267 11492 master_component.cc:1048] MasterComponent: start normalizing model nwt
I1004 19:49:12.778271 11492 master_component.cc:1087] MasterComponent: complete normalizing model nwt
I1004 19:49:12.877267 11492 master_component.cc:1536] DisposeModel rwt
I1004 19:49:12.884255 11492 master_component.cc:1115] FitOffline: ItemsProcessed, num_items=1728, num_batches=2, token_weight=808522, token_weight_in_effect=808522
I1004 19:49:12.885267 11492 c_interface.cc:389] Pass FitOfflineMasterModelArgs, batch_filename_size=2, batch_weight_size=2, num_collection_passes=1, reset_nwt=yes to void (__cdecl artm::core::MasterComponent::*)(class artm::FitOfflineMasterModelArgs const & __ptr64) __ptr64
I1004 19:49:12.885267 11492 master_component.cc:1461] ProcessBatchesArgs: nwt_target_name=nwt, batch_filename_size=2, batch_size=0, batch_weight_size=2, pwt_source_name=pwt, num_document_passes=1, regularizer=(name:SmoothBcg, tau:100000), reuse_theta=no, opt_for_avx=yes, predict_class_id=, reset_nwt=yes
I1004 19:49:12.903255 14948 processor.cc:81] Processing queue has data, processing started
I1004 19:49:12.903255 20236 processor.cc:81] Processing queue has data, processing started
I1004 19:49:12.921257 14948 processor.cc:158] Processor: start processing batch 6b262477-b74b-4c65-914f-7ff60b551995 into model nwt
I1004 19:49:12.940268 20236 processor.cc:158] Processor: start processing batch 4b9262b0-574b-4a82-9bbc-3466a0b3f7ef into model nwt
I1004 19:49:13.137267 14948 processor.cc:285] Processor: complete processing batch 6b262477-b74b-4c65-914f-7ff60b551995 into model nwt
I1004 19:49:13.141268 14948 cuckoo_watch.h:45] 238ms in ProcessBatch(postnauka_batches\aaaaaa.batch) [including 18ms in LoadMessage; 0ms in InitializeTheta; 0ms in CreateRegularizerAgents; 14ms in InitializeSparseNdw; 94ms in InferThetaAndUpdateNwtSparse; 0ms in UpdateCacheEntry; 105ms in CalculateScore(^^^ItemsProcessedScore^^^); ]
I1004 19:49:13.172271 14948 processor.cc:74] No data in processing queue, waiting...
I1004 19:49:13.345255 20236 processor.cc:285] Processor: complete processing batch 4b9262b0-574b-4a82-9bbc-3466a0b3f7ef into model nwt
I1004 19:49:13.352268 20236 cuckoo_watch.h:45] 448ms in ProcessBatch(postnauka_batches\aaaaab.batch) [including 37ms in LoadMessage; 0ms in InitializeTheta; 0ms in CreateRegularizerAgents; 31ms in InitializeSparseNdw; 191ms in InferThetaAndUpdateNwtSparse; 0ms in UpdateCacheEntry; 180ms in CalculateScore(^^^ItemsProcessedScore^^^); ]
I1004 19:49:13.353256 11492 master_component.cc:1499] RegularizeModelArgs: rwt_target_name=rwt, pwt_source_name=pwt, nwt_source_name=nwt
I1004 19:49:13.353256 11492 master_component.cc:1016] MasterComponent: start regularizing model pwt
I1004 19:49:13.384268 20236 processor.cc:74] No data in processing queue, waiting...
I1004 19:49:13.416255 11492 master_component.cc:1044] MasterComponent: complete regularizing model pwt
I1004 19:49:13.416255 11492 master_component.cc:1512] NormalizeModelArgs: pwt_target_name=pwt, nwt_source_name=nwt, rwt_source_name=rwt
I1004 19:49:13.416255 11492 master_component.cc:1048] MasterComponent: start normalizing model nwt
I1004 19:49:13.446256 11492 master_component.cc:1087] MasterComponent: complete normalizing model nwt
I1004 19:49:13.544271 11492 master_component.cc:1536] DisposeModel rwt
I1004 19:49:13.552273 11492 master_component.cc:1115] FitOffline: ItemsProcessed, num_items=1728, num_batches=2, token_weight=808522, token_weight_in_effect=808522
I1004 19:49:13.552273 11492 c_interface.cc:389] Pass FitOfflineMasterModelArgs, batch_filename_size=2, batch_weight_size=2, num_collection_passes=1, reset_nwt=yes to void (__cdecl artm::core::MasterComponent::*)(class artm::FitOfflineMasterModelArgs const & __ptr64) __ptr64
I1004 19:49:13.552273 11492 master_component.cc:1461] ProcessBatchesArgs: nwt_target_name=nwt, batch_filename_size=2, batch_size=0, batch_weight_size=2, pwt_source_name=pwt, num_document_passes=1, regularizer=(name:SmoothBcg, tau:100000), reuse_theta=no, opt_for_avx=yes, predict_class_id=, reset_nwt=yes
I1004 19:49:13.568256 13164 processor.cc:81] Processing queue has data, processing started
I1004 19:49:13.569268  7528 processor.cc:81] Processing queue has data, processing started
I1004 19:49:13.588255 13164 processor.cc:158] Processor: start processing batch 6b262477-b74b-4c65-914f-7ff60b551995 into model nwt
I1004 19:49:13.603271  7528 processor.cc:158] Processor: start processing batch 4b9262b0-574b-4a82-9bbc-3466a0b3f7ef into model nwt
I1004 19:49:13.802273 13164 processor.cc:285] Processor: complete processing batch 6b262477-b74b-4c65-914f-7ff60b551995 into model nwt
I1004 19:49:13.806267 13164 cuckoo_watch.h:45] 237ms in ProcessBatch(postnauka_batches\aaaaaa.batch) [including 20ms in LoadMessage; 0ms in InitializeTheta; 0ms in CreateRegularizerAgents; 13ms in InitializeSparseNdw; 96ms in InferThetaAndUpdateNwtSparse; 0ms in UpdateCacheEntry; 102ms in CalculateScore(^^^ItemsProcessedScore^^^); ]
I1004 19:49:13.840271 13164 processor.cc:74] No data in processing queue, waiting...
I1004 19:49:14.010257  7528 processor.cc:285] Processor: complete processing batch 4b9262b0-574b-4a82-9bbc-3466a0b3f7ef into model nwt
I1004 19:49:14.017256  7528 cuckoo_watch.h:45] 448ms in ProcessBatch(postnauka_batches\aaaaab.batch) [including 34ms in LoadMessage; 0ms in InitializeTheta; 0ms in CreateRegularizerAgents; 29ms in InitializeSparseNdw; 193ms in InferThetaAndUpdateNwtSparse; 0ms in UpdateCacheEntry; 183ms in CalculateScore(^^^ItemsProcessedScore^^^); ]
I1004 19:49:14.020260 11492 master_component.cc:1499] RegularizeModelArgs: rwt_target_name=rwt, pwt_source_name=pwt, nwt_source_name=nwt
I1004 19:49:14.020260 11492 master_component.cc:1016] MasterComponent: start regularizing model pwt
I1004 19:49:14.047266  7528 processor.cc:74] No data in processing queue, waiting...
I1004 19:49:14.084265 11492 master_component.cc:1044] MasterComponent: complete regularizing model pwt
I1004 19:49:14.084265 11492 master_component.cc:1512] NormalizeModelArgs: pwt_target_name=pwt, nwt_source_name=nwt, rwt_source_name=rwt
I1004 19:49:14.084265 11492 master_component.cc:1048] MasterComponent: start normalizing model nwt
I1004 19:49:14.115278 11492 master_component.cc:1087] MasterComponent: complete normalizing model nwt
I1004 19:49:14.212271 11492 master_component.cc:1536] DisposeModel rwt
I1004 19:49:14.221282 11492 master_component.cc:1115] FitOffline: ItemsProcessed, num_items=1728, num_batches=2, token_weight=808522, token_weight_in_effect=808522
I1004 19:49:14.221282 11492 c_interface.cc:389] Pass FitOfflineMasterModelArgs, batch_filename_size=2, batch_weight_size=2, num_collection_passes=1, reset_nwt=yes to void (__cdecl artm::core::MasterComponent::*)(class artm::FitOfflineMasterModelArgs const & __ptr64) __ptr64
I1004 19:49:14.221282 11492 master_component.cc:1461] ProcessBatchesArgs: nwt_target_name=nwt, batch_filename_size=2, batch_size=0, batch_weight_size=2, pwt_source_name=pwt, num_document_passes=1, regularizer=(name:SmoothBcg, tau:100000), reuse_theta=no, opt_for_avx=yes, predict_class_id=, reset_nwt=yes
I1004 19:49:14.238266 14948 processor.cc:81] Processing queue has data, processing started
I1004 19:49:14.238266  9904 processor.cc:81] Processing queue has data, processing started
I1004 19:49:14.254278 14948 processor.cc:158] Processor: start processing batch 6b262477-b74b-4c65-914f-7ff60b551995 into model nwt
I1004 19:49:14.268281  9904 processor.cc:158] Processor: start processing batch 4b9262b0-574b-4a82-9bbc-3466a0b3f7ef into model nwt
I1004 19:49:14.469269 14948 processor.cc:285] Processor: complete processing batch 6b262477-b74b-4c65-914f-7ff60b551995 into model nwt
I1004 19:49:14.473265 14948 cuckoo_watch.h:45] 235ms in ProcessBatch(postnauka_batches\aaaaaa.batch) [including 16ms in LoadMessage; 0ms in InitializeTheta; 0ms in CreateRegularizerAgents; 12ms in InitializeSparseNdw; 95ms in InferThetaAndUpdateNwtSparse; 0ms in UpdateCacheEntry; 106ms in CalculateScore(^^^ItemsProcessedScore^^^); ]
I1004 19:49:14.501277 14948 processor.cc:74] No data in processing queue, waiting...
I1004 19:49:14.696796  9904 processor.cc:285] Processor: complete processing batch 4b9262b0-574b-4a82-9bbc-3466a0b3f7ef into model nwt
I1004 19:49:14.703797  9904 cuckoo_watch.h:45] 466ms in ProcessBatch(postnauka_batches\aaaaab.batch) [including 30ms in LoadMessage; 0ms in InitializeTheta; 0ms in CreateRegularizerAgents; 28ms in InitializeSparseNdw; 200ms in InferThetaAndUpdateNwtSparse; 0ms in UpdateCacheEntry; 198ms in CalculateScore(^^^ItemsProcessedScore^^^); ]
I1004 19:49:14.705799 11492 master_component.cc:1499] RegularizeModelArgs: rwt_target_name=rwt, pwt_source_name=pwt, nwt_source_name=nwt
I1004 19:49:14.705799 11492 master_component.cc:1016] MasterComponent: start regularizing model pwt
I1004 19:49:14.731799  9904 processor.cc:74] No data in processing queue, waiting...
I1004 19:49:14.777796 11492 master_component.cc:1044] MasterComponent: complete regularizing model pwt
I1004 19:49:14.777796 11492 master_component.cc:1512] NormalizeModelArgs: pwt_target_name=pwt, nwt_source_name=nwt, rwt_source_name=rwt
I1004 19:49:14.777796 11492 master_component.cc:1048] MasterComponent: start normalizing model nwt
I1004 19:49:14.808795 11492 master_component.cc:1087] MasterComponent: complete normalizing model nwt
I1004 19:49:14.905795 11492 master_component.cc:1536] DisposeModel rwt
I1004 19:49:14.914796 11492 master_component.cc:1115] FitOffline: ItemsProcessed, num_items=1728, num_batches=2, token_weight=808522, token_weight_in_effect=808522
I1004 19:49:14.914796 11492 c_interface.cc:389] Pass FitOfflineMasterModelArgs, batch_filename_size=2, batch_weight_size=2, num_collection_passes=1, reset_nwt=yes to void (__cdecl artm::core::MasterComponent::*)(class artm::FitOfflineMasterModelArgs const & __ptr64) __ptr64
I1004 19:49:14.914796 11492 master_component.cc:1461] ProcessBatchesArgs: nwt_target_name=nwt, batch_filename_size=2, batch_size=0, batch_weight_size=2, pwt_source_name=pwt, num_document_passes=1, regularizer=(name:SmoothBcg, tau:100000), reuse_theta=no, opt_for_avx=yes, predict_class_id=, reset_nwt=yes
I1004 19:49:14.932802  2824 processor.cc:81] Processing queue has data, processing started
I1004 19:49:14.932802 11576 processor.cc:81] Processing queue has data, processing started
I1004 19:49:14.949811  2824 processor.cc:158] Processor: start processing batch 6b262477-b74b-4c65-914f-7ff60b551995 into model nwt
I1004 19:49:14.962821 11576 processor.cc:158] Processor: start processing batch 4b9262b0-574b-4a82-9bbc-3466a0b3f7ef into model nwt
I1004 19:49:15.175820  2824 processor.cc:285] Processor: complete processing batch 6b262477-b74b-4c65-914f-7ff60b551995 into model nwt
I1004 19:49:15.179808  2824 cuckoo_watch.h:45] 247ms in ProcessBatch(postnauka_batches\aaaaaa.batch) [including 17ms in LoadMessage; 0ms in InitializeTheta; 0ms in CreateRegularizerAgents; 11ms in InitializeSparseNdw; 104ms in InferThetaAndUpdateNwtSparse; 0ms in UpdateCacheEntry; 108ms in CalculateScore(^^^ItemsProcessedScore^^^); ]
I1004 19:49:15.213884  2824 processor.cc:74] No data in processing queue, waiting...
I1004 19:49:15.381884 11576 processor.cc:285] Processor: complete processing batch 4b9262b0-574b-4a82-9bbc-3466a0b3f7ef into model nwt
I1004 19:49:15.388873 11576 cuckoo_watch.h:45] 456ms in ProcessBatch(postnauka_batches\aaaaab.batch) [including 30ms in LoadMessage; 0ms in InitializeTheta; 0ms in CreateRegularizerAgents; 28ms in InitializeSparseNdw; 201ms in InferThetaAndUpdateNwtSparse; 0ms in UpdateCacheEntry; 187ms in CalculateScore(^^^ItemsProcessedScore^^^); ]
I1004 19:49:15.390872 11492 master_component.cc:1499] RegularizeModelArgs: rwt_target_name=rwt, pwt_source_name=pwt, nwt_source_name=nwt
I1004 19:49:15.390872 11492 master_component.cc:1016] MasterComponent: start regularizing model pwt
I1004 19:49:15.417884 11576 processor.cc:74] No data in processing queue, waiting...
I1004 19:49:15.455873 11492 master_component.cc:1044] MasterComponent: complete regularizing model pwt
I1004 19:49:15.455873 11492 master_component.cc:1512] NormalizeModelArgs: pwt_target_name=pwt, nwt_source_name=nwt, rwt_source_name=rwt
I1004 19:49:15.455873 11492 master_component.cc:1048] MasterComponent: start normalizing model nwt
I1004 19:49:15.486873 11492 master_component.cc:1087] MasterComponent: complete normalizing model nwt
I1004 19:49:15.586872 11492 master_component.cc:1536] DisposeModel rwt
I1004 19:49:15.595872 11492 master_component.cc:1115] FitOffline: ItemsProcessed, num_items=1728, num_batches=2, token_weight=808522, token_weight_in_effect=808522
I1004 19:49:15.595872 11492 c_interface.cc:389] Pass FitOfflineMasterModelArgs, batch_filename_size=2, batch_weight_size=2, num_collection_passes=1, reset_nwt=yes to void (__cdecl artm::core::MasterComponent::*)(class artm::FitOfflineMasterModelArgs const & __ptr64) __ptr64
I1004 19:49:15.595872 11492 master_component.cc:1461] ProcessBatchesArgs: nwt_target_name=nwt, batch_filename_size=2, batch_size=0, batch_weight_size=2, pwt_source_name=pwt, num_document_passes=1, regularizer=(name:SmoothBcg, tau:100000), reuse_theta=no, opt_for_avx=yes, predict_class_id=, reset_nwt=yes
I1004 19:49:15.615875 14948 processor.cc:81] Processing queue has data, processing started
I1004 19:49:15.615875  2824 processor.cc:81] Processing queue has data, processing started
I1004 19:49:15.633872 14948 processor.cc:158] Processor: start processing batch 6b262477-b74b-4c65-914f-7ff60b551995 into model nwt
I1004 19:49:15.647872  2824 processor.cc:158] Processor: start processing batch 4b9262b0-574b-4a82-9bbc-3466a0b3f7ef into model nwt
I1004 19:49:15.847884 14948 processor.cc:285] Processor: complete processing batch 6b262477-b74b-4c65-914f-7ff60b551995 into model nwt
I1004 19:49:15.852874 14948 cuckoo_watch.h:45] 237ms in ProcessBatch(postnauka_batches\aaaaaa.batch) [including 18ms in LoadMessage; 0ms in InitializeTheta; 0ms in CreateRegularizerAgents; 12ms in InitializeSparseNdw; 96ms in InferThetaAndUpdateNwtSparse; 0ms in UpdateCacheEntry; 103ms in CalculateScore(^^^ItemsProcessedScore^^^); ]
I1004 19:49:15.881872 14948 processor.cc:74] No data in processing queue, waiting...
I1004 19:49:16.063416  2824 processor.cc:285] Processor: complete processing batch 4b9262b0-574b-4a82-9bbc-3466a0b3f7ef into model nwt
I1004 19:49:16.070415  2824 cuckoo_watch.h:45] 454ms in ProcessBatch(postnauka_batches\aaaaab.batch) [including 32ms in LoadMessage; 0ms in InitializeTheta; 0ms in CreateRegularizerAgents; 28ms in InitializeSparseNdw; 205ms in InferThetaAndUpdateNwtSparse; 0ms in UpdateCacheEntry; 180ms in CalculateScore(^^^ItemsProcessedScore^^^); ]
I1004 19:49:16.071416 11492 master_component.cc:1499] RegularizeModelArgs: rwt_target_name=rwt, pwt_source_name=pwt, nwt_source_name=nwt
I1004 19:49:16.071416 11492 master_component.cc:1016] MasterComponent: start regularizing model pwt
I1004 19:49:16.100415  2824 processor.cc:74] No data in processing queue, waiting...
I1004 19:49:16.133415 11492 master_component.cc:1044] MasterComponent: complete regularizing model pwt
I1004 19:49:16.133415 11492 master_component.cc:1512] NormalizeModelArgs: pwt_target_name=pwt, nwt_source_name=nwt, rwt_source_name=rwt
I1004 19:49:16.133415 11492 master_component.cc:1048] MasterComponent: start normalizing model nwt
I1004 19:49:16.164415 11492 master_component.cc:1087] MasterComponent: complete normalizing model nwt
I1004 19:49:16.261416 11492 master_component.cc:1536] DisposeModel rwt
I1004 19:49:16.270403 11492 master_component.cc:1115] FitOffline: ItemsProcessed, num_items=1728, num_batches=2, token_weight=808522, token_weight_in_effect=808522
I1004 19:49:16.270403 11492 c_interface.cc:389] Pass FitOfflineMasterModelArgs, batch_filename_size=2, batch_weight_size=2, num_collection_passes=1, reset_nwt=yes to void (__cdecl artm::core::MasterComponent::*)(class artm::FitOfflineMasterModelArgs const & __ptr64) __ptr64
I1004 19:49:16.270403 11492 master_component.cc:1461] ProcessBatchesArgs: nwt_target_name=nwt, batch_filename_size=2, batch_size=0, batch_weight_size=2, pwt_source_name=pwt, num_document_passes=1, regularizer=(name:SmoothBcg, tau:100000), reuse_theta=no, opt_for_avx=yes, predict_class_id=, reset_nwt=yes
I1004 19:49:16.290403 18184 processor.cc:81] Processing queue has data, processing started
I1004 19:49:16.290403  2760 processor.cc:81] Processing queue has data, processing started
I1004 19:49:16.308416 18184 processor.cc:158] Processor: start processing batch 6b262477-b74b-4c65-914f-7ff60b551995 into model nwt
I1004 19:49:16.323405  2760 processor.cc:158] Processor: start processing batch 4b9262b0-574b-4a82-9bbc-3466a0b3f7ef into model nwt
I1004 19:49:16.543404 18184 processor.cc:285] Processor: complete processing batch 6b262477-b74b-4c65-914f-7ff60b551995 into model nwt
I1004 19:49:16.546403 18184 cuckoo_watch.h:45] 255ms in ProcessBatch(postnauka_batches\aaaaaa.batch) [including 17ms in LoadMessage; 0ms in InitializeTheta; 0ms in CreateRegularizerAgents; 14ms in InitializeSparseNdw; 104ms in InferThetaAndUpdateNwtSparse; 0ms in UpdateCacheEntry; 114ms in CalculateScore(^^^ItemsProcessedScore^^^); ]
I1004 19:49:16.579416 18184 processor.cc:74] No data in processing queue, waiting...
I1004 19:49:16.755416  2760 processor.cc:285] Processor: complete processing batch 4b9262b0-574b-4a82-9bbc-3466a0b3f7ef into model nwt
I1004 19:49:16.763403  2760 cuckoo_watch.h:45] 473ms in ProcessBatch(postnauka_batches\aaaaab.batch) [including 33ms in LoadMessage; 0ms in InitializeTheta; 0ms in CreateRegularizerAgents; 28ms in InitializeSparseNdw; 220ms in InferThetaAndUpdateNwtSparse; 0ms in UpdateCacheEntry; 182ms in CalculateScore(^^^ItemsProcessedScore^^^); ]
I1004 19:49:16.764405 11492 master_component.cc:1499] RegularizeModelArgs: rwt_target_name=rwt, pwt_source_name=pwt, nwt_source_name=nwt
I1004 19:49:16.764405 11492 master_component.cc:1016] MasterComponent: start regularizing model pwt
I1004 19:49:16.796416  2760 processor.cc:74] No data in processing queue, waiting...
I1004 19:49:16.825417 11492 master_component.cc:1044] MasterComponent: complete regularizing model pwt
I1004 19:49:16.825417 11492 master_component.cc:1512] NormalizeModelArgs: pwt_target_name=pwt, nwt_source_name=nwt, rwt_source_name=rwt
I1004 19:49:16.825417 11492 master_component.cc:1048] MasterComponent: start normalizing model nwt
I1004 19:49:16.858419 11492 master_component.cc:1087] MasterComponent: complete normalizing model nwt
I1004 19:49:16.956404 11492 master_component.cc:1536] DisposeModel rwt
I1004 19:49:16.964404 11492 master_component.cc:1115] FitOffline: ItemsProcessed, num_items=1728, num_batches=2, token_weight=808522, token_weight_in_effect=808522
I1004 19:49:16.964404 11492 c_interface.cc:389] Pass FitOfflineMasterModelArgs, batch_filename_size=2, batch_weight_size=2, num_collection_passes=1, reset_nwt=yes to void (__cdecl artm::core::MasterComponent::*)(class artm::FitOfflineMasterModelArgs const & __ptr64) __ptr64
I1004 19:49:16.964404 11492 master_component.cc:1461] ProcessBatchesArgs: nwt_target_name=nwt, batch_filename_size=2, batch_size=0, batch_weight_size=2, pwt_source_name=pwt, num_document_passes=1, regularizer=(name:SmoothBcg, tau:100000), reuse_theta=no, opt_for_avx=yes, predict_class_id=, reset_nwt=yes
I1004 19:49:16.982416 14948 processor.cc:81] Processing queue has data, processing started
I1004 19:49:16.982416 13164 processor.cc:81] Processing queue has data, processing started
I1004 19:49:16.999415 13164 processor.cc:158] Processor: start processing batch 6b262477-b74b-4c65-914f-7ff60b551995 into model nwt
