I1006 23:33:34.355162 14184 cuckoo_watch.h:45] 51ms in ProcessBatch(lectures_batches\aaaaaa.batch) [including 3ms in LoadMessage; 0ms in FindReuseThetaCacheEntry; 0ms in InitializeTheta; 0ms in CreateRegularizerAgents; 1ms in InitializeSparseNdw; 21ms in InferThetaAndUpdateNwtSparse; 0ms in UpdateCacheEntry; 21ms in CalculateScore(^^^ItemsProcessedScore^^^); ]
I1006 23:33:34.370163  9192 processor.cc:285] Processor: complete processing batch af1e20cc-5d86-4e40-871b-5587402473d2 into model nwt
I1006 23:33:34.372165  9192 cuckoo_watch.h:45] 66ms in ProcessBatch(lectures_batches\aaaaab.batch) [including 4ms in LoadMessage; 0ms in FindReuseThetaCacheEntry; 0ms in InitializeTheta; 0ms in CreateRegularizerAgents; 2ms in InitializeSparseNdw; 29ms in InferThetaAndUpdateNwtSparse; 0ms in UpdateCacheEntry; 27ms in CalculateScore(^^^ItemsProcessedScore^^^); ]
I1006 23:33:34.386165 11232 processor.cc:285] Processor: complete processing batch 2625da5d-c53c-49c8-a8ba-b9e4f7d5183c into model nwt
I1006 23:33:34.388162 11232 cuckoo_watch.h:45] 82ms in ProcessBatch(lectures_batches\aaaaac.batch) [including 6ms in LoadMessage; 0ms in FindReuseThetaCacheEntry; 0ms in InitializeTheta; 0ms in CreateRegularizerAgents; 3ms in InitializeSparseNdw; 33ms in InferThetaAndUpdateNwtSparse; 0ms in UpdateCacheEntry; 36ms in CalculateScore(^^^ItemsProcessedScore^^^); ]
I1006 23:33:34.390174 14184 processor.cc:74] No data in processing queue, waiting...
I1006 23:33:34.395162  3532 processor.cc:285] Processor: complete processing batch 4c4e67bb-42f7-4832-89c8-bd5288729b84 into model nwt
I1006 23:33:34.397162  3532 cuckoo_watch.h:45] 91ms in ProcessBatch(lectures_batches\aaaaag.batch) [including 8ms in LoadMessage; 0ms in FindReuseThetaCacheEntry; 0ms in InitializeTheta; 0ms in CreateRegularizerAgents; 3ms in InitializeSparseNdw; 40ms in InferThetaAndUpdateNwtSparse; 0ms in UpdateCacheEntry; 35ms in CalculateScore(^^^ItemsProcessedScore^^^); ]
I1006 23:33:34.405162  5320 processor.cc:285] Processor: complete processing batch 95cf0e1d-46d3-4d8c-b161-78a4f783e638 into model nwt
I1006 23:33:34.407168  9192 processor.cc:74] No data in processing queue, waiting...
I1006 23:33:34.407168  5320 cuckoo_watch.h:45] 101ms in ProcessBatch(lectures_batches\aaaaad.batch) [including 8ms in LoadMessage; 0ms in FindReuseThetaCacheEntry; 0ms in InitializeTheta; 0ms in CreateRegularizerAgents; 5ms in InitializeSparseNdw; 42ms in InferThetaAndUpdateNwtSparse; 0ms in UpdateCacheEntry; 42ms in CalculateScore(^^^ItemsProcessedScore^^^); ]
I1006 23:33:34.422163 11232 processor.cc:74] No data in processing queue, waiting...
I1006 23:33:34.431174  3532 processor.cc:74] No data in processing queue, waiting...
I1006 23:33:34.440161  5320 processor.cc:74] No data in processing queue, waiting...
I1006 23:33:34.503161 15304 processor.cc:285] Processor: complete processing batch c63f64cb-8eca-4d0f-9dcf-71bf73071ed9 into model nwt
I1006 23:33:34.507162 15304 cuckoo_watch.h:45] 201ms in ProcessBatch(lectures_batches\aaaaaf.batch) [including 16ms in LoadMessage; 0ms in FindReuseThetaCacheEntry; 0ms in InitializeTheta; 0ms in CreateRegularizerAgents; 10ms in InitializeSparseNdw; 84ms in InferThetaAndUpdateNwtSparse; 0ms in UpdateCacheEntry; 84ms in CalculateScore(^^^ItemsProcessedScore^^^); ]
I1006 23:33:34.532174  5088 processor.cc:285] Processor: complete processing batch 1a0df289-53b0-4ba4-a58d-5bf6de9728e5 into model nwt
I1006 23:33:34.536173  5088 cuckoo_watch.h:45] 230ms in ProcessBatch(lectures_batches\aaaaae.batch) [including 19ms in LoadMessage; 0ms in FindReuseThetaCacheEntry; 0ms in InitializeTheta; 0ms in CreateRegularizerAgents; 14ms in InitializeSparseNdw; 96ms in InferThetaAndUpdateNwtSparse; 0ms in UpdateCacheEntry; 95ms in CalculateScore(^^^ItemsProcessedScore^^^); ]
I1006 23:33:34.537161 19524 master_component.cc:1499] RegularizeModelArgs: rwt_target_name=rwt, pwt_source_name=pwt, nwt_source_name=nwt
I1006 23:33:34.537161 19524 master_component.cc:1016] MasterComponent: start regularizing model pwt
I1006 23:33:34.538161 15304 processor.cc:74] No data in processing queue, waiting...
I1006 23:33:34.570176  5088 processor.cc:74] No data in processing queue, waiting...
I1006 23:33:34.631176 19524 master_component.cc:1044] MasterComponent: complete regularizing model pwt
I1006 23:33:34.631176 19524 master_component.cc:1512] NormalizeModelArgs: pwt_target_name=pwt, nwt_source_name=nwt, rwt_source_name=rwt
I1006 23:33:34.631176 19524 master_component.cc:1048] MasterComponent: start normalizing model nwt
I1006 23:33:34.686161 19524 master_component.cc:1087] MasterComponent: complete normalizing model nwt
I1006 23:33:34.751173 19524 master_component.cc:1536] DisposeModel rwt
I1006 23:33:34.761173 19524 master_component.cc:1115] FitOffline: ItemsProcessed, num_items=1728, num_batches=7, token_weight=808522, token_weight_in_effect=808522
I1006 23:33:34.761173 19524 c_interface.cc:389] Pass FitOfflineMasterModelArgs, batch_filename_size=7, batch_weight_size=7, num_collection_passes=1, reset_nwt=yes to void (__cdecl artm::core::MasterComponent::*)(class artm::FitOfflineMasterModelArgs const & __ptr64) __ptr64
I1006 23:33:34.761173 19524 master_component.cc:1461] ProcessBatchesArgs: nwt_target_name=nwt, batch_filename_size=7, batch_size=0, batch_weight_size=7, pwt_source_name=pwt, num_document_passes=1, regularizer=(name:Smooth_regular, tau:100000), regularizer=(name:Sparse_regular, tau:-100000), reuse_theta=yes, opt_for_avx=yes, predict_class_id=, reset_nwt=yes
I1006 23:33:34.783160  5088 processor.cc:81] Processing queue has data, processing started
I1006 23:33:34.783160  9208 processor.cc:81] Processing queue has data, processing started
I1006 23:33:34.784165  3532 processor.cc:81] Processing queue has data, processing started
I1006 23:33:34.784165 11676 processor.cc:81] Processing queue has data, processing started
I1006 23:33:34.784165 16924 processor.cc:81] Processing queue has data, processing started
I1006 23:33:34.786164 11336 processor.cc:81] Processing queue has data, processing started
I1006 23:33:34.786164 14184 processor.cc:81] Processing queue has data, processing started
I1006 23:33:34.786164  5088 processor.cc:158] Processor: start processing batch a4f4483b-9ffc-4200-bb40-a31d04d43960 into model nwt
I1006 23:33:34.787173  9208 processor.cc:158] Processor: start processing batch af1e20cc-5d86-4e40-871b-5587402473d2 into model nwt
I1006 23:33:34.790164  3532 processor.cc:158] Processor: start processing batch 2625da5d-c53c-49c8-a8ba-b9e4f7d5183c into model nwt
I1006 23:33:34.791167 11676 processor.cc:158] Processor: start processing batch 95cf0e1d-46d3-4d8c-b161-78a4f783e638 into model nwt
I1006 23:33:34.792165 11336 processor.cc:158] Processor: start processing batch 4c4e67bb-42f7-4832-89c8-bd5288729b84 into model nwt
I1006 23:33:34.799165 14184 processor.cc:158] Processor: start processing batch c63f64cb-8eca-4d0f-9dcf-71bf73071ed9 into model nwt
I1006 23:33:34.803164 16924 processor.cc:158] Processor: start processing batch 1a0df289-53b0-4ba4-a58d-5bf6de9728e5 into model nwt
I1006 23:33:34.835162  5088 processor.cc:285] Processor: complete processing batch a4f4483b-9ffc-4200-bb40-a31d04d43960 into model nwt
I1006 23:33:34.836163  5088 cuckoo_watch.h:45] 53ms in ProcessBatch(lectures_batches\aaaaaa.batch) [including 3ms in LoadMessage; 0ms in FindReuseThetaCacheEntry; 0ms in InitializeTheta; 0ms in CreateRegularizerAgents; 2ms in InitializeSparseNdw; 24ms in InferThetaAndUpdateNwtSparse; 0ms in UpdateCacheEntry; 20ms in CalculateScore(^^^ItemsProcessedScore^^^); ]
I1006 23:33:34.847173  9208 processor.cc:285] Processor: complete processing batch af1e20cc-5d86-4e40-871b-5587402473d2 into model nwt
I1006 23:33:34.849174  9208 cuckoo_watch.h:45] 66ms in ProcessBatch(lectures_batches\aaaaab.batch) [including 4ms in LoadMessage; 0ms in FindReuseThetaCacheEntry; 0ms in InitializeTheta; 0ms in CreateRegularizerAgents; 2ms in InitializeSparseNdw; 28ms in InferThetaAndUpdateNwtSparse; 0ms in UpdateCacheEntry; 28ms in CalculateScore(^^^ItemsProcessedScore^^^); ]
I1006 23:33:34.864163  3532 processor.cc:285] Processor: complete processing batch 2625da5d-c53c-49c8-a8ba-b9e4f7d5183c into model nwt
I1006 23:33:34.866165  3532 cuckoo_watch.h:45] 82ms in ProcessBatch(lectures_batches\aaaaac.batch) [including 6ms in LoadMessage; 0ms in FindReuseThetaCacheEntry; 0ms in InitializeTheta; 0ms in CreateRegularizerAgents; 3ms in InitializeSparseNdw; 36ms in InferThetaAndUpdateNwtSparse; 0ms in UpdateCacheEntry; 33ms in CalculateScore(^^^ItemsProcessedScore^^^); ]
I1006 23:33:34.872164  5088 processor.cc:74] No data in processing queue, waiting...
I1006 23:33:34.874164 11336 processor.cc:285] Processor: complete processing batch 4c4e67bb-42f7-4832-89c8-bd5288729b84 into model nwt
I1006 23:33:34.876174 11676 processor.cc:285] Processor: complete processing batch 95cf0e1d-46d3-4d8c-b161-78a4f783e638 into model nwt
I1006 23:33:34.876174 11336 cuckoo_watch.h:45] 90ms in ProcessBatch(lectures_batches\aaaaag.batch) [including 6ms in LoadMessage; 0ms in FindReuseThetaCacheEntry; 0ms in InitializeTheta; 0ms in CreateRegularizerAgents; 4ms in InitializeSparseNdw; 38ms in InferThetaAndUpdateNwtSparse; 0ms in UpdateCacheEntry; 37ms in CalculateScore(^^^ItemsProcessedScore^^^); ]
I1006 23:33:34.878165 11676 cuckoo_watch.h:45] 94ms in ProcessBatch(lectures_batches\aaaaad.batch) [including 6ms in LoadMessage; 0ms in FindReuseThetaCacheEntry; 0ms in InitializeTheta; 0ms in CreateRegularizerAgents; 4ms in InitializeSparseNdw; 39ms in InferThetaAndUpdateNwtSparse; 0ms in UpdateCacheEntry; 40ms in CalculateScore(^^^ItemsProcessedScore^^^); ]
I1006 23:33:34.882161  9208 processor.cc:74] No data in processing queue, waiting...
I1006 23:33:34.897173  3532 processor.cc:74] No data in processing queue, waiting...
I1006 23:33:34.907163 11336 processor.cc:74] No data in processing queue, waiting...
I1006 23:33:34.908164 11676 processor.cc:74] No data in processing queue, waiting...
I1006 23:33:34.983173 14184 processor.cc:285] Processor: complete processing batch c63f64cb-8eca-4d0f-9dcf-71bf73071ed9 into model nwt
I1006 23:33:34.987174 14184 cuckoo_watch.h:45] 201ms in ProcessBatch(lectures_batches\aaaaaf.batch) [including 13ms in LoadMessage; 0ms in FindReuseThetaCacheEntry; 0ms in InitializeTheta; 0ms in CreateRegularizerAgents; 11ms in InitializeSparseNdw; 89ms in InferThetaAndUpdateNwtSparse; 0ms in UpdateCacheEntry; 82ms in CalculateScore(^^^ItemsProcessedScore^^^); ]
I1006 23:33:35.013162 16924 processor.cc:285] Processor: complete processing batch 1a0df289-53b0-4ba4-a58d-5bf6de9728e5 into model nwt
I1006 23:33:35.015162 14184 processor.cc:74] No data in processing queue, waiting...
I1006 23:33:35.017163 16924 cuckoo_watch.h:45] 233ms in ProcessBatch(lectures_batches\aaaaae.batch) [including 19ms in LoadMessage; 0ms in FindReuseThetaCacheEntry; 0ms in InitializeTheta; 0ms in CreateRegularizerAgents; 15ms in InitializeSparseNdw; 93ms in InferThetaAndUpdateNwtSparse; 0ms in UpdateCacheEntry; 99ms in CalculateScore(^^^ItemsProcessedScore^^^); ]
I1006 23:33:35.019163 19524 master_component.cc:1499] RegularizeModelArgs: rwt_target_name=rwt, pwt_source_name=pwt, nwt_source_name=nwt
I1006 23:33:35.019163 19524 master_component.cc:1016] MasterComponent: start regularizing model pwt
I1006 23:33:35.049162 16924 processor.cc:74] No data in processing queue, waiting...
I1006 23:33:35.115162 19524 master_component.cc:1044] MasterComponent: complete regularizing model pwt
I1006 23:33:35.115162 19524 master_component.cc:1512] NormalizeModelArgs: pwt_target_name=pwt, nwt_source_name=nwt, rwt_source_name=rwt
I1006 23:33:35.115162 19524 master_component.cc:1048] MasterComponent: start normalizing model nwt
I1006 23:33:35.169162 19524 master_component.cc:1087] MasterComponent: complete normalizing model nwt
I1006 23:33:35.234165 19524 master_component.cc:1536] DisposeModel rwt
I1006 23:33:35.243162 19524 master_component.cc:1115] FitOffline: ItemsProcessed, num_items=1728, num_batches=7, token_weight=808522, token_weight_in_effect=808522
I1006 23:33:35.244174 19524 c_interface.cc:389] Pass FitOfflineMasterModelArgs, batch_filename_size=7, batch_weight_size=7, num_collection_passes=1, reset_nwt=yes to void (__cdecl artm::core::MasterComponent::*)(class artm::FitOfflineMasterModelArgs const & __ptr64) __ptr64
I1006 23:33:35.244174 19524 master_component.cc:1461] ProcessBatchesArgs: nwt_target_name=nwt, batch_filename_size=7, batch_size=0, batch_weight_size=7, pwt_source_name=pwt, num_document_passes=1, regularizer=(name:Smooth_regular, tau:100000), regularizer=(name:Sparse_regular, tau:-100000), reuse_theta=yes, opt_for_avx=yes, predict_class_id=, reset_nwt=yes
I1006 23:33:35.265161 11232 processor.cc:81] Processing queue has data, processing started
I1006 23:33:35.265161  9208 processor.cc:81] Processing queue has data, processing started
I1006 23:33:35.265161  9192 processor.cc:81] Processing queue has data, processing started
I1006 23:33:35.266165 11336 processor.cc:81] Processing queue has data, processing started
I1006 23:33:35.266165 14184 processor.cc:81] Processing queue has data, processing started
I1006 23:33:35.266165 11676 processor.cc:81] Processing queue has data, processing started
I1006 23:33:35.268163 11708 processor.cc:81] Processing queue has data, processing started
I1006 23:33:35.269165 11232 processor.cc:158] Processor: start processing batch a4f4483b-9ffc-4200-bb40-a31d04d43960 into model nwt
I1006 23:33:35.269165  9208 processor.cc:158] Processor: start processing batch af1e20cc-5d86-4e40-871b-5587402473d2 into model nwt
I1006 23:33:35.271164  9192 processor.cc:158] Processor: start processing batch 2625da5d-c53c-49c8-a8ba-b9e4f7d5183c into model nwt
I1006 23:33:35.272167 11336 processor.cc:158] Processor: start processing batch 95cf0e1d-46d3-4d8c-b161-78a4f783e638 into model nwt
I1006 23:33:35.275163 11708 processor.cc:158] Processor: start processing batch 4c4e67bb-42f7-4832-89c8-bd5288729b84 into model nwt
I1006 23:33:35.281163 11676 processor.cc:158] Processor: start processing batch 1a0df289-53b0-4ba4-a58d-5bf6de9728e5 into model nwt
I1006 23:33:35.282164 14184 processor.cc:158] Processor: start processing batch c63f64cb-8eca-4d0f-9dcf-71bf73071ed9 into model nwt
I1006 23:33:35.311162 11232 processor.cc:285] Processor: complete processing batch a4f4483b-9ffc-4200-bb40-a31d04d43960 into model nwt
I1006 23:33:35.313163 11232 cuckoo_watch.h:45] 48ms in ProcessBatch(lectures_batches\aaaaaa.batch) [including 4ms in LoadMessage; 0ms in FindReuseThetaCacheEntry; 0ms in InitializeTheta; 0ms in CreateRegularizerAgents; 1ms in InitializeSparseNdw; 21ms in InferThetaAndUpdateNwtSparse; 0ms in UpdateCacheEntry; 18ms in CalculateScore(^^^ItemsProcessedScore^^^); ]
I1006 23:33:35.327163  9208 processor.cc:285] Processor: complete processing batch af1e20cc-5d86-4e40-871b-5587402473d2 into model nwt
I1006 23:33:35.329161  9208 cuckoo_watch.h:45] 64ms in ProcessBatch(lectures_batches\aaaaab.batch) [including 4ms in LoadMessage; 0ms in FindReuseThetaCacheEntry; 0ms in InitializeTheta; 0ms in CreateRegularizerAgents; 2ms in InitializeSparseNdw; 28ms in InferThetaAndUpdateNwtSparse; 0ms in UpdateCacheEntry; 25ms in CalculateScore(^^^ItemsProcessedScore^^^); ]
I1006 23:33:35.343163 11232 processor.cc:74] No data in processing queue, waiting...
I1006 23:33:35.348163  9192 processor.cc:285] Processor: complete processing batch 2625da5d-c53c-49c8-a8ba-b9e4f7d5183c into model nwt
I1006 23:33:35.349164 11708 processor.cc:285] Processor: complete processing batch 4c4e67bb-42f7-4832-89c8-bd5288729b84 into model nwt
I1006 23:33:35.350163  9192 cuckoo_watch.h:45] 84ms in ProcessBatch(lectures_batches\aaaaac.batch) [including 6ms in LoadMessage; 0ms in FindReuseThetaCacheEntry; 0ms in InitializeTheta; 0ms in CreateRegularizerAgents; 4ms in InitializeSparseNdw; 38ms in InferThetaAndUpdateNwtSparse; 0ms in UpdateCacheEntry; 32ms in CalculateScore(^^^ItemsProcessedScore^^^); ]
I1006 23:33:35.351161 11708 cuckoo_watch.h:45] 83ms in ProcessBatch(lectures_batches\aaaaag.batch) [including 7ms in LoadMessage; 0ms in FindReuseThetaCacheEntry; 0ms in InitializeTheta; 0ms in CreateRegularizerAgents; 3ms in InitializeSparseNdw; 37ms in InferThetaAndUpdateNwtSparse; 0ms in UpdateCacheEntry; 32ms in CalculateScore(^^^ItemsProcessedScore^^^); ]
I1006 23:33:35.356161 11336 processor.cc:285] Processor: complete processing batch 95cf0e1d-46d3-4d8c-b161-78a4f783e638 into model nwt
I1006 23:33:35.357173 11336 cuckoo_watch.h:45] 91ms in ProcessBatch(lectures_batches\aaaaad.batch) [including 6ms in LoadMessage; 0ms in FindReuseThetaCacheEntry; 0ms in InitializeTheta; 0ms in CreateRegularizerAgents; 4ms in InitializeSparseNdw; 40ms in InferThetaAndUpdateNwtSparse; 0ms in UpdateCacheEntry; 38ms in CalculateScore(^^^ItemsProcessedScore^^^); ]
I1006 23:33:35.359174  9208 processor.cc:74] No data in processing queue, waiting...
I1006 23:33:35.381177 11708 processor.cc:74] No data in processing queue, waiting...
I1006 23:33:35.381177  9192 processor.cc:74] No data in processing queue, waiting...
I1006 23:33:35.388173 11336 processor.cc:74] No data in processing queue, waiting...
I1006 23:33:35.454161 14184 processor.cc:285] Processor: complete processing batch c63f64cb-8eca-4d0f-9dcf-71bf73071ed9 into model nwt
I1006 23:33:35.457175 14184 cuckoo_watch.h:45] 191ms in ProcessBatch(lectures_batches\aaaaaf.batch) [including 16ms in LoadMessage; 0ms in FindReuseThetaCacheEntry; 0ms in InitializeTheta; 0ms in CreateRegularizerAgents; 11ms in InitializeSparseNdw; 78ms in InferThetaAndUpdateNwtSparse; 0ms in UpdateCacheEntry; 82ms in CalculateScore(^^^ItemsProcessedScore^^^); ]
I1006 23:33:35.486165 11676 processor.cc:285] Processor: complete processing batch 1a0df289-53b0-4ba4-a58d-5bf6de9728e5 into model nwt
I1006 23:33:35.489161 14184 processor.cc:74] No data in processing queue, waiting...
I1006 23:33:35.489161 11676 cuckoo_watch.h:45] 223ms in ProcessBatch(lectures_batches\aaaaae.batch) [including 15ms in LoadMessage; 0ms in FindReuseThetaCacheEntry; 0ms in InitializeTheta; 0ms in CreateRegularizerAgents; 13ms in InitializeSparseNdw; 93ms in InferThetaAndUpdateNwtSparse; 0ms in UpdateCacheEntry; 96ms in CalculateScore(^^^ItemsProcessedScore^^^); ]
I1006 23:33:35.491307 19524 master_component.cc:1499] RegularizeModelArgs: rwt_target_name=rwt, pwt_source_name=pwt, nwt_source_name=nwt
I1006 23:33:35.491307 19524 master_component.cc:1016] MasterComponent: start regularizing model pwt
I1006 23:33:35.523319 11676 processor.cc:74] No data in processing queue, waiting...
I1006 23:33:35.583307 19524 master_component.cc:1044] MasterComponent: complete regularizing model pwt
I1006 23:33:35.583307 19524 master_component.cc:1512] NormalizeModelArgs: pwt_target_name=pwt, nwt_source_name=nwt, rwt_source_name=rwt
I1006 23:33:35.583307 19524 master_component.cc:1048] MasterComponent: start normalizing model nwt
I1006 23:33:35.637836 19524 master_component.cc:1087] MasterComponent: complete normalizing model nwt
I1006 23:33:35.700847 19524 master_component.cc:1536] DisposeModel rwt
I1006 23:33:35.710837 19524 master_component.cc:1115] FitOffline: ItemsProcessed, num_items=1728, num_batches=7, token_weight=808522, token_weight_in_effect=808522
I1006 23:33:35.710837 19524 c_interface.cc:389] Pass FitOfflineMasterModelArgs, batch_filename_size=7, batch_weight_size=7, num_collection_passes=1, reset_nwt=yes to void (__cdecl artm::core::MasterComponent::*)(class artm::FitOfflineMasterModelArgs const & __ptr64) __ptr64
I1006 23:33:35.711838 19524 master_component.cc:1461] ProcessBatchesArgs: nwt_target_name=nwt, batch_filename_size=7, batch_size=0, batch_weight_size=7, pwt_source_name=pwt, num_document_passes=1, regularizer=(name:Smooth_regular, tau:100000), regularizer=(name:Sparse_regular, tau:-100000), reuse_theta=yes, opt_for_avx=yes, predict_class_id=, reset_nwt=yes
I1006 23:33:35.733835 14184 processor.cc:81] Processing queue has data, processing started
I1006 23:33:35.733835  2888 processor.cc:81] Processing queue has data, processing started
I1006 23:33:35.733835  3532 processor.cc:81] Processing queue has data, processing started
I1006 23:33:35.733835  5320 processor.cc:81] Processing queue has data, processing started
I1006 23:33:35.734838   812 processor.cc:81] Processing queue has data, processing started
I1006 23:33:35.734838 16924 processor.cc:81] Processing queue has data, processing started
I1006 23:33:35.734838 11232 processor.cc:81] Processing queue has data, processing started
I1006 23:33:35.738837  2888 processor.cc:158] Processor: start processing batch a4f4483b-9ffc-4200-bb40-a31d04d43960 into model nwt
I1006 23:33:35.739847  5320 processor.cc:158] Processor: start processing batch af1e20cc-5d86-4e40-871b-5587402473d2 into model nwt
I1006 23:33:35.739847 14184 processor.cc:158] Processor: start processing batch 2625da5d-c53c-49c8-a8ba-b9e4f7d5183c into model nwt
I1006 23:33:35.739847  3532 processor.cc:158] Processor: start processing batch 95cf0e1d-46d3-4d8c-b161-78a4f783e638 into model nwt
I1006 23:33:35.740839 11232 processor.cc:158] Processor: start processing batch 4c4e67bb-42f7-4832-89c8-bd5288729b84 into model nwt
I1006 23:33:35.751837   812 processor.cc:158] Processor: start processing batch c63f64cb-8eca-4d0f-9dcf-71bf73071ed9 into model nwt
I1006 23:33:35.757838 16924 processor.cc:158] Processor: start processing batch 1a0df289-53b0-4ba4-a58d-5bf6de9728e5 into model nwt
I1006 23:33:35.787837  2888 processor.cc:285] Processor: complete processing batch a4f4483b-9ffc-4200-bb40-a31d04d43960 into model nwt
I1006 23:33:35.788837  2888 cuckoo_watch.h:45] 55ms in ProcessBatch(lectures_batches\aaaaaa.batch) [including 5ms in LoadMessage; 0ms in FindReuseThetaCacheEntry; 0ms in InitializeTheta; 0ms in CreateRegularizerAgents; 2ms in InitializeSparseNdw; 25ms in InferThetaAndUpdateNwtSparse; 0ms in UpdateCacheEntry; 20ms in CalculateScore(^^^ItemsProcessedScore^^^); ]
I1006 23:33:35.799836  5320 processor.cc:285] Processor: complete processing batch af1e20cc-5d86-4e40-871b-5587402473d2 into model nwt
I1006 23:33:35.800837  5320 cuckoo_watch.h:45] 67ms in ProcessBatch(lectures_batches\aaaaab.batch) [including 6ms in LoadMessage; 0ms in FindReuseThetaCacheEntry; 0ms in InitializeTheta; 0ms in CreateRegularizerAgents; 3ms in InitializeSparseNdw; 29ms in InferThetaAndUpdateNwtSparse; 0ms in UpdateCacheEntry; 26ms in CalculateScore(^^^ItemsProcessedScore^^^); ]
I1006 23:33:35.815842 14184 processor.cc:285] Processor: complete processing batch 2625da5d-c53c-49c8-a8ba-b9e4f7d5183c into model nwt
I1006 23:33:35.816838 14184 cuckoo_watch.h:45] 83ms in ProcessBatch(lectures_batches\aaaaac.batch) [including 6ms in LoadMessage; 0ms in FindReuseThetaCacheEntry; 0ms in InitializeTheta; 0ms in CreateRegularizerAgents; 3ms in InitializeSparseNdw; 35ms in InferThetaAndUpdateNwtSparse; 0ms in UpdateCacheEntry; 35ms in CalculateScore(^^^ItemsProcessedScore^^^); ]
I1006 23:33:35.817836 11232 processor.cc:285] Processor: complete processing batch 4c4e67bb-42f7-4832-89c8-bd5288729b84 into model nwt
I1006 23:33:35.819835 11232 cuckoo_watch.h:45] 85ms in ProcessBatch(lectures_batches\aaaaag.batch) [including 6ms in LoadMessage; 0ms in FindReuseThetaCacheEntry; 0ms in InitializeTheta; 0ms in CreateRegularizerAgents; 3ms in InitializeSparseNdw; 34ms in InferThetaAndUpdateNwtSparse; 0ms in UpdateCacheEntry; 38ms in CalculateScore(^^^ItemsProcessedScore^^^); ]
I1006 23:33:35.820847  2888 processor.cc:74] No data in processing queue, waiting...
I1006 23:33:35.822953  3532 processor.cc:285] Processor: complete processing batch 95cf0e1d-46d3-4d8c-b161-78a4f783e638 into model nwt
I1006 23:33:35.824838  3532 cuckoo_watch.h:45] 91ms in ProcessBatch(lectures_batches\aaaaad.batch) [including 6ms in LoadMessage; 0ms in FindReuseThetaCacheEntry; 0ms in InitializeTheta; 0ms in CreateRegularizerAgents; 3ms in InitializeSparseNdw; 39ms in InferThetaAndUpdateNwtSparse; 0ms in UpdateCacheEntry; 38ms in CalculateScore(^^^ItemsProcessedScore^^^); ]
I1006 23:33:35.831934  5320 processor.cc:74] No data in processing queue, waiting...
I1006 23:33:35.849848 14184 processor.cc:74] No data in processing queue, waiting...
I1006 23:33:35.851835 11232 processor.cc:74] No data in processing queue, waiting...
I1006 23:33:35.856837  3532 processor.cc:74] No data in processing queue, waiting...
I1006 23:33:35.924839   812 processor.cc:285] Processor: complete processing batch c63f64cb-8eca-4d0f-9dcf-71bf73071ed9 into model nwt
I1006 23:33:35.926837   812 cuckoo_watch.h:45] 192ms in ProcessBatch(lectures_batches\aaaaaf.batch) [including 17ms in LoadMessage; 0ms in FindReuseThetaCacheEntry; 0ms in InitializeTheta; 0ms in CreateRegularizerAgents; 13ms in InitializeSparseNdw; 77ms in InferThetaAndUpdateNwtSparse; 0ms in UpdateCacheEntry; 80ms in CalculateScore(^^^ItemsProcessedScore^^^); ]
I1006 23:33:35.957836 16924 processor.cc:285] Processor: complete processing batch 1a0df289-53b0-4ba4-a58d-5bf6de9728e5 into model nwt
I1006 23:33:35.958925   812 processor.cc:74] No data in processing queue, waiting...
I1006 23:33:35.961848 16924 cuckoo_watch.h:45] 227ms in ProcessBatch(lectures_batches\aaaaae.batch) [including 23ms in LoadMessage; 0ms in FindReuseThetaCacheEntry; 0ms in InitializeTheta; 0ms in CreateRegularizerAgents; 12ms in InitializeSparseNdw; 91ms in InferThetaAndUpdateNwtSparse; 0ms in UpdateCacheEntry; 94ms in CalculateScore(^^^ItemsProcessedScore^^^); ]
I1006 23:33:35.963847 19524 master_component.cc:1499] RegularizeModelArgs: rwt_target_name=rwt, pwt_source_name=pwt, nwt_source_name=nwt
I1006 23:33:35.963847 19524 master_component.cc:1016] MasterComponent: start regularizing model pwt
I1006 23:33:35.993847 16924 processor.cc:74] No data in processing queue, waiting...
I1006 23:33:36.052847 19524 master_component.cc:1044] MasterComponent: complete regularizing model pwt
I1006 23:33:36.052847 19524 master_component.cc:1512] NormalizeModelArgs: pwt_target_name=pwt, nwt_source_name=nwt, rwt_source_name=rwt
I1006 23:33:36.053951 19524 master_component.cc:1048] MasterComponent: start normalizing model nwt
I1006 23:33:36.107836 19524 master_component.cc:1087] MasterComponent: complete normalizing model nwt
I1006 23:33:36.170838 19524 master_component.cc:1536] DisposeModel rwt
I1006 23:33:36.179847 19524 master_component.cc:1115] FitOffline: ItemsProcessed, num_items=1728, num_batches=7, token_weight=808522, token_weight_in_effect=808522
I1006 23:33:36.179847 19524 c_interface.cc:389] Pass FitOfflineMasterModelArgs, batch_filename_size=7, batch_weight_size=7, num_collection_passes=1, reset_nwt=yes to void (__cdecl artm::core::MasterComponent::*)(class artm::FitOfflineMasterModelArgs const & __ptr64) __ptr64
I1006 23:33:36.179847 19524 master_component.cc:1461] ProcessBatchesArgs: nwt_target_name=nwt, batch_filename_size=7, batch_size=0, batch_weight_size=7, pwt_source_name=pwt, num_document_passes=1, regularizer=(name:Smooth_regular, tau:100000), regularizer=(name:Sparse_regular, tau:-100000), reuse_theta=yes, opt_for_avx=yes, predict_class_id=, reset_nwt=yes
I1006 23:33:36.200850 14184 processor.cc:81] Processing queue has data, processing started
I1006 23:33:36.200850  5088 processor.cc:81] Processing queue has data, processing started
I1006 23:33:36.200850  9192 processor.cc:81] Processing queue has data, processing started
I1006 23:33:36.200850  7500 processor.cc:81] Processing queue has data, processing started
I1006 23:33:36.200850 11232 processor.cc:81] Processing queue has data, processing started
I1006 23:33:36.200850  9208 processor.cc:81] Processing queue has data, processing started
I1006 23:33:36.202838 15744 processor.cc:81] Processing queue has data, processing started
I1006 23:33:36.204838 14184 processor.cc:158] Processor: start processing batch a4f4483b-9ffc-4200-bb40-a31d04d43960 into model nwt
I1006 23:33:36.205839  5088 processor.cc:158] Processor: start processing batch af1e20cc-5d86-4e40-871b-5587402473d2 into model nwt
I1006 23:33:36.206837  9192 processor.cc:158] Processor: start processing batch 2625da5d-c53c-49c8-a8ba-b9e4f7d5183c into model nwt
I1006 23:33:36.208838  7500 processor.cc:158] Processor: start processing batch 95cf0e1d-46d3-4d8c-b161-78a4f783e638 into model nwt
I1006 23:33:36.208838 15744 processor.cc:158] Processor: start processing batch 4c4e67bb-42f7-4832-89c8-bd5288729b84 into model nwt
I1006 23:33:36.212837  9208 processor.cc:158] Processor: start processing batch c63f64cb-8eca-4d0f-9dcf-71bf73071ed9 into model nwt
I1006 23:33:36.215838 11232 processor.cc:158] Processor: start processing batch 1a0df289-53b0-4ba4-a58d-5bf6de9728e5 into model nwt
I1006 23:33:36.250835 14184 processor.cc:285] Processor: complete processing batch a4f4483b-9ffc-4200-bb40-a31d04d43960 into model nwt
I1006 23:33:36.252838 14184 cuckoo_watch.h:45] 52ms in ProcessBatch(lectures_batches\aaaaaa.batch) [including 4ms in LoadMessage; 0ms in FindReuseThetaCacheEntry; 0ms in InitializeTheta; 0ms in CreateRegularizerAgents; 1ms in InitializeSparseNdw; 20ms in InferThetaAndUpdateNwtSparse; 0ms in UpdateCacheEntry; 23ms in CalculateScore(^^^ItemsProcessedScore^^^); ]
I1006 23:33:36.261838  5088 processor.cc:285] Processor: complete processing batch af1e20cc-5d86-4e40-871b-5587402473d2 into model nwt
I1006 23:33:36.262837  5088 cuckoo_watch.h:45] 62ms in ProcessBatch(lectures_batches\aaaaab.batch) [including 5ms in LoadMessage; 0ms in FindReuseThetaCacheEntry; 0ms in InitializeTheta; 0ms in CreateRegularizerAgents; 3ms in InitializeSparseNdw; 29ms in InferThetaAndUpdateNwtSparse; 0ms in UpdateCacheEntry; 21ms in CalculateScore(^^^ItemsProcessedScore^^^); ]
I1006 23:33:36.284837 14184 processor.cc:74] No data in processing queue, waiting...
I1006 23:33:36.284837  9192 processor.cc:285] Processor: complete processing batch 2625da5d-c53c-49c8-a8ba-b9e4f7d5183c into model nwt
I1006 23:33:36.286836  9192 cuckoo_watch.h:45] 86ms in ProcessBatch(lectures_batches\aaaaac.batch) [including 6ms in LoadMessage; 0ms in FindReuseThetaCacheEntry; 0ms in InitializeTheta; 0ms in CreateRegularizerAgents; 3ms in InitializeSparseNdw; 34ms in InferThetaAndUpdateNwtSparse; 0ms in UpdateCacheEntry; 39ms in CalculateScore(^^^ItemsProcessedScore^^^); ]
I1006 23:33:36.291847 15744 processor.cc:285] Processor: complete processing batch 4c4e67bb-42f7-4832-89c8-bd5288729b84 into model nwt
I1006 23:33:36.293836 15744 cuckoo_watch.h:45] 91ms in ProcessBatch(lectures_batches\aaaaag.batch) [including 6ms in LoadMessage; 0ms in FindReuseThetaCacheEntry; 0ms in InitializeTheta; 0ms in CreateRegularizerAgents; 3ms in InitializeSparseNdw; 41ms in InferThetaAndUpdateNwtSparse; 0ms in UpdateCacheEntry; 37ms in CalculateScore(^^^ItemsProcessedScore^^^); ]
I1006 23:33:36.294836  7500 processor.cc:285] Processor: complete processing batch 95cf0e1d-46d3-4d8c-b161-78a4f783e638 into model nwt
I1006 23:33:36.295835  7500 cuckoo_watch.h:45] 95ms in ProcessBatch(lectures_batches\aaaaad.batch) [including 8ms in LoadMessage; 0ms in FindReuseThetaCacheEntry; 0ms in InitializeTheta; 0ms in CreateRegularizerAgents; 5ms in InitializeSparseNdw; 43ms in InferThetaAndUpdateNwtSparse; 0ms in UpdateCacheEntry; 36ms in CalculateScore(^^^ItemsProcessedScore^^^); ]
I1006 23:33:36.297835  5088 processor.cc:74] No data in processing queue, waiting...
I1006 23:33:36.323848  9192 processor.cc:74] No data in processing queue, waiting...
I1006 23:33:36.328847 15744 processor.cc:74] No data in processing queue, waiting...
I1006 23:33:36.330947  7500 processor.cc:74] No data in processing queue, waiting...
I1006 23:33:36.390837  9208 processor.cc:285] Processor: complete processing batch c63f64cb-8eca-4d0f-9dcf-71bf73071ed9 into model nwt
I1006 23:33:36.393838  9208 cuckoo_watch.h:45] 193ms in ProcessBatch(lectures_batches\aaaaaf.batch) [including 12ms in LoadMessage; 0ms in FindReuseThetaCacheEntry; 0ms in InitializeTheta; 0ms in CreateRegularizerAgents; 9ms in InitializeSparseNdw; 84ms in InferThetaAndUpdateNwtSparse; 0ms in UpdateCacheEntry; 82ms in CalculateScore(^^^ItemsProcessedScore^^^); ]
I1006 23:33:36.408847 11232 processor.cc:285] Processor: complete processing batch 1a0df289-53b0-4ba4-a58d-5bf6de9728e5 into model nwt
I1006 23:33:36.412851 11232 cuckoo_watch.h:45] 212ms in ProcessBatch(lectures_batches\aaaaae.batch) [including 14ms in LoadMessage; 0ms in FindReuseThetaCacheEntry; 0ms in InitializeTheta; 0ms in CreateRegularizerAgents; 12ms in InitializeSparseNdw; 85ms in InferThetaAndUpdateNwtSparse; 0ms in UpdateCacheEntry; 95ms in CalculateScore(^^^ItemsProcessedScore^^^); ]
I1006 23:33:36.414847 19524 master_component.cc:1499] RegularizeModelArgs: rwt_target_name=rwt, pwt_source_name=pwt, nwt_source_name=nwt
I1006 23:33:36.414847 19524 master_component.cc:1016] MasterComponent: start regularizing model pwt
I1006 23:33:36.422847  9208 processor.cc:74] No data in processing queue, waiting...
I1006 23:33:36.441848 11232 processor.cc:74] No data in processing queue, waiting...
I1006 23:33:36.503370 19524 master_component.cc:1044] MasterComponent: complete regularizing model pwt
I1006 23:33:36.503370 19524 master_component.cc:1512] NormalizeModelArgs: pwt_target_name=pwt, nwt_source_name=nwt, rwt_source_name=rwt
I1006 23:33:36.503370 19524 master_component.cc:1048] MasterComponent: start normalizing model nwt
I1006 23:33:36.557369 19524 master_component.cc:1087] MasterComponent: complete normalizing model nwt
I1006 23:33:36.621368 19524 master_component.cc:1536] DisposeModel rwt
I1006 23:33:36.632369 19524 master_component.cc:1115] FitOffline: ItemsProcessed, num_items=1728, num_batches=7, token_weight=808522, token_weight_in_effect=808522
I1006 23:33:36.632369 19524 c_interface.cc:389] Pass FitOfflineMasterModelArgs, batch_filename_size=7, batch_weight_size=7, num_collection_passes=1, reset_nwt=yes to void (__cdecl artm::core::MasterComponent::*)(class artm::FitOfflineMasterModelArgs const & __ptr64) __ptr64
I1006 23:33:36.632369 19524 master_component.cc:1461] ProcessBatchesArgs: nwt_target_name=nwt, batch_filename_size=7, batch_size=0, batch_weight_size=7, pwt_source_name=pwt, num_document_passes=1, regularizer=(name:Smooth_regular, tau:100000), regularizer=(name:Sparse_regular, tau:-100000), reuse_theta=yes, opt_for_avx=yes, predict_class_id=, reset_nwt=yes
I1006 23:33:36.654368 16924 processor.cc:81] Processing queue has data, processing started
I1006 23:33:36.654368 11676 processor.cc:81] Processing queue has data, processing started
I1006 23:33:36.655369 11336 processor.cc:81] Processing queue has data, processing started
I1006 23:33:36.655369  9208 processor.cc:81] Processing queue has data, processing started
I1006 23:33:36.656369  5320 processor.cc:81] Processing queue has data, processing started
I1006 23:33:36.656369 15304 processor.cc:81] Processing queue has data, processing started
I1006 23:33:36.656369  2888 processor.cc:81] Processing queue has data, processing started
I1006 23:33:36.658371 16924 processor.cc:158] Processor: start processing batch a4f4483b-9ffc-4200-bb40-a31d04d43960 into model nwt
I1006 23:33:36.659370 11676 processor.cc:158] Processor: start processing batch af1e20cc-5d86-4e40-871b-5587402473d2 into model nwt
I1006 23:33:36.661370  9208 processor.cc:158] Processor: start processing batch 2625da5d-c53c-49c8-a8ba-b9e4f7d5183c into model nwt
I1006 23:33:36.662370 11336 processor.cc:158] Processor: start processing batch 95cf0e1d-46d3-4d8c-b161-78a4f783e638 into model nwt
I1006 23:33:36.662370  2888 processor.cc:158] Processor: start processing batch 4c4e67bb-42f7-4832-89c8-bd5288729b84 into model nwt
I1006 23:33:36.670451 15304 processor.cc:158] Processor: start processing batch c63f64cb-8eca-4d0f-9dcf-71bf73071ed9 into model nwt
I1006 23:33:36.672381  5320 processor.cc:158] Processor: start processing batch 1a0df289-53b0-4ba4-a58d-5bf6de9728e5 into model nwt
I1006 23:33:36.698369 16924 processor.cc:285] Processor: complete processing batch a4f4483b-9ffc-4200-bb40-a31d04d43960 into model nwt
I1006 23:33:36.699368 16924 cuckoo_watch.h:45] 45ms in ProcessBatch(lectures_batches\aaaaaa.batch) [including 4ms in LoadMessage; 0ms in FindReuseThetaCacheEntry; 0ms in InitializeTheta; 0ms in CreateRegularizerAgents; 1ms in InitializeSparseNdw; 19ms in InferThetaAndUpdateNwtSparse; 0ms in UpdateCacheEntry; 18ms in CalculateScore(^^^ItemsProcessedScore^^^); ]
I1006 23:33:36.718370 11676 processor.cc:285] Processor: complete processing batch af1e20cc-5d86-4e40-871b-5587402473d2 into model nwt
I1006 23:33:36.719369 11676 cuckoo_watch.h:45] 65ms in ProcessBatch(lectures_batches\aaaaab.batch) [including 4ms in LoadMessage; 0ms in FindReuseThetaCacheEntry; 0ms in InitializeTheta; 0ms in CreateRegularizerAgents; 2ms in InitializeSparseNdw; 30ms in InferThetaAndUpdateNwtSparse; 0ms in UpdateCacheEntry; 25ms in CalculateScore(^^^ItemsProcessedScore^^^); ]
I1006 23:33:36.731380  9208 processor.cc:285] Processor: complete processing batch 2625da5d-c53c-49c8-a8ba-b9e4f7d5183c into model nwt
I1006 23:33:36.733368 16924 processor.cc:74] No data in processing queue, waiting...
I1006 23:33:36.733368  9208 cuckoo_watch.h:45] 78ms in ProcessBatch(lectures_batches\aaaaac.batch) [including 5ms in LoadMessage; 0ms in FindReuseThetaCacheEntry; 0ms in InitializeTheta; 0ms in CreateRegularizerAgents; 3ms in InitializeSparseNdw; 34ms in InferThetaAndUpdateNwtSparse; 0ms in UpdateCacheEntry; 31ms in CalculateScore(^^^ItemsProcessedScore^^^); ]
I1006 23:33:36.743371 11336 processor.cc:285] Processor: complete processing batch 95cf0e1d-46d3-4d8c-b161-78a4f783e638 into model nwt
I1006 23:33:36.745370 11336 cuckoo_watch.h:45] 90ms in ProcessBatch(lectures_batches\aaaaad.batch) [including 7ms in LoadMessage; 0ms in FindReuseThetaCacheEntry; 0ms in InitializeTheta; 0ms in CreateRegularizerAgents; 3ms in InitializeSparseNdw; 39ms in InferThetaAndUpdateNwtSparse; 0ms in UpdateCacheEntry; 37ms in CalculateScore(^^^ItemsProcessedScore^^^); ]
I1006 23:33:36.749370  2888 processor.cc:285] Processor: complete processing batch 4c4e67bb-42f7-4832-89c8-bd5288729b84 into model nwt
I1006 23:33:36.751370  2888 cuckoo_watch.h:45] 95ms in ProcessBatch(lectures_batches\aaaaag.batch) [including 6ms in LoadMessage; 0ms in FindReuseThetaCacheEntry; 0ms in InitializeTheta; 0ms in CreateRegularizerAgents; 5ms in InitializeSparseNdw; 42ms in InferThetaAndUpdateNwtSparse; 0ms in UpdateCacheEntry; 38ms in CalculateScore(^^^ItemsProcessedScore^^^); ]
I1006 23:33:36.752369 11676 processor.cc:74] No data in processing queue, waiting...
I1006 23:33:36.762380  9208 processor.cc:74] No data in processing queue, waiting...
I1006 23:33:36.772380 11336 processor.cc:74] No data in processing queue, waiting...
I1006 23:33:36.782380  2888 processor.cc:74] No data in processing queue, waiting...
I1006 23:33:36.844370 15304 processor.cc:285] Processor: complete processing batch c63f64cb-8eca-4d0f-9dcf-71bf73071ed9 into model nwt
I1006 23:33:36.847381 15304 cuckoo_watch.h:45] 191ms in ProcessBatch(lectures_batches\aaaaaf.batch) [including 14ms in LoadMessage; 0ms in FindReuseThetaCacheEntry; 0ms in InitializeTheta; 0ms in CreateRegularizerAgents; 10ms in InitializeSparseNdw; 80ms in InferThetaAndUpdateNwtSparse; 0ms in UpdateCacheEntry; 82ms in CalculateScore(^^^ItemsProcessedScore^^^); ]
I1006 23:33:36.871381  5320 processor.cc:285] Processor: complete processing batch 1a0df289-53b0-4ba4-a58d-5bf6de9728e5 into model nwt
I1006 23:33:36.874370  5320 cuckoo_watch.h:45] 218ms in ProcessBatch(lectures_batches\aaaaae.batch) [including 16ms in LoadMessage; 0ms in FindReuseThetaCacheEntry; 0ms in InitializeTheta; 0ms in CreateRegularizerAgents; 14ms in InitializeSparseNdw; 90ms in InferThetaAndUpdateNwtSparse; 0ms in UpdateCacheEntry; 93ms in CalculateScore(^^^ItemsProcessedScore^^^); ]
I1006 23:33:36.875368 19524 master_component.cc:1499] RegularizeModelArgs: rwt_target_name=rwt, pwt_source_name=pwt, nwt_source_name=nwt
I1006 23:33:36.875368 19524 master_component.cc:1016] MasterComponent: start regularizing model pwt
I1006 23:33:36.880373 15304 processor.cc:74] No data in processing queue, waiting...
I1006 23:33:36.909368  5320 processor.cc:74] No data in processing queue, waiting...
I1006 23:33:36.964381 19524 master_component.cc:1044] MasterComponent: complete regularizing model pwt
I1006 23:33:36.964381 19524 master_component.cc:1512] NormalizeModelArgs: pwt_target_name=pwt, nwt_source_name=nwt, rwt_source_name=rwt
I1006 23:33:36.964381 19524 master_component.cc:1048] MasterComponent: start normalizing model nwt
I1006 23:33:37.018898 19524 master_component.cc:1087] MasterComponent: complete normalizing model nwt
I1006 23:33:37.080900 19524 master_component.cc:1536] DisposeModel rwt
I1006 23:33:37.091914 19524 master_component.cc:1115] FitOffline: ItemsProcessed, num_items=1728, num_batches=7, token_weight=808522, token_weight_in_effect=808522
I1006 23:33:40.076020 19524 c_interface.cc:231] ArtmCopyRequestedMessage is copying 713461 bytes...
I1006 23:33:40.304023 19524 c_interface.cc:231] ArtmCopyRequestedMessage is copying 713461 bytes...
I1006 23:33:40.531023 19524 c_interface.cc:231] ArtmCopyRequestedMessage is copying 713461 bytes...
I1006 23:33:40.755023 19524 c_interface.cc:231] ArtmCopyRequestedMessage is copying 713461 bytes...
I1006 23:33:40.981009 19524 c_interface.cc:231] ArtmCopyRequestedMessage is copying 713461 bytes...
I1006 23:33:41.206073 19524 c_interface.cc:231] ArtmCopyRequestedMessage is copying 713461 bytes...
I1006 23:33:41.433073 19524 c_interface.cc:231] ArtmCopyRequestedMessage is copying 713461 bytes...
I1006 23:33:41.708075 19524 c_interface.cc:231] ArtmCopyRequestedMessage is copying 713461 bytes...
I1006 23:33:41.932085 19524 c_interface.cc:231] ArtmCopyRequestedMessage is copying 713461 bytes...
I1006 23:33:42.156083 19524 c_interface.cc:231] ArtmCopyRequestedMessage is copying 713461 bytes...
I1006 23:33:42.378083 19524 c_interface.cc:231] ArtmCopyRequestedMessage is copying 713461 bytes...
I1006 23:33:42.602629 19524 c_interface.cc:231] ArtmCopyRequestedMessage is copying 713461 bytes...
I1006 23:33:42.826640 19524 c_interface.cc:231] ArtmCopyRequestedMessage is copying 713461 bytes...
I1006 23:33:43.048640 19524 c_interface.cc:231] ArtmCopyRequestedMessage is copying 713461 bytes...
I1006 23:33:43.274771 19524 c_interface.cc:231] ArtmCopyRequestedMessage is copying 713461 bytes...
I1006 23:33:43.498764 19524 c_interface.cc:231] ArtmCopyRequestedMessage is copying 713461 bytes...
I1006 23:33:43.724764 19524 c_interface.cc:231] ArtmCopyRequestedMessage is copying 713461 bytes...
I1006 23:33:43.949769 19524 c_interface.cc:231] ArtmCopyRequestedMessage is copying 713461 bytes...
I1006 23:33:44.171764 19524 c_interface.cc:231] ArtmCopyRequestedMessage is copying 713461 bytes...
I1006 23:33:44.396764 19524 c_interface.cc:231] ArtmCopyRequestedMessage is copying 713461 bytes...
I1006 23:33:44.622764 19524 c_interface.cc:231] ArtmCopyRequestedMessage is copying 713461 bytes...
I1006 23:33:44.848765 19524 c_interface.cc:231] ArtmCopyRequestedMessage is copying 713461 bytes...
I1006 23:33:45.073765 19524 c_interface.cc:231] ArtmCopyRequestedMessage is copying 713461 bytes...
I1006 23:33:45.299818 19524 c_interface.cc:231] ArtmCopyRequestedMessage is copying 713461 bytes...
I1006 23:33:45.522820 19524 c_interface.cc:231] ArtmCopyRequestedMessage is copying 713461 bytes...
I1006 23:33:45.744820 19524 c_interface.cc:231] ArtmCopyRequestedMessage is copying 713461 bytes...
I1006 23:33:45.968819 19524 c_interface.cc:231] ArtmCopyRequestedMessage is copying 713461 bytes...
I1006 23:33:46.192821 19524 c_interface.cc:231] ArtmCopyRequestedMessage is copying 713461 bytes...
I1006 23:33:46.414819 19524 c_interface.cc:231] ArtmCopyRequestedMessage is copying 713461 bytes...
I1006 23:33:46.637885 19524 c_interface.cc:231] ArtmCopyRequestedMessage is copying 713461 bytes...
I1006 23:34:09.185915 19524 phi_matrix_operations.cc:150] RetrieveExternalTopicModel() with 30 topics, 26866 tokens
I1006 23:34:09.212450 19524 c_interface.cc:231] ArtmCopyRequestedMessage is copying 825334 bytes...
I1006 23:34:09.822459 19524 phi_matrix_operations.cc:150] RetrieveExternalTopicModel() with 30 topics, 539 tokens
I1006 23:34:09.823448 19524 c_interface.cc:231] ArtmCopyRequestedMessage is copying 21126 bytes...
I1006 23:34:09.826448 19524 c_interface.cc:236] ArtmCopyRequestedObject is copying 64680 bytes...
I1006 23:34:29.365265 19524 c_interface.cc:231] ArtmCopyRequestedMessage is copying 68913 bytes...
W1006 23:34:29.393276 19524 check_messages.h:1121] Inconsistent fields size in ThetaMatrix: 1728 vs 0 vs 1728 vs 0;
I1006 23:34:29.394266 19524 c_interface.cc:231] ArtmCopyRequestedMessage is copying 62001 bytes...
I1006 23:34:29.401276 19524 c_interface.cc:236] ArtmCopyRequestedObject is copying 207360 bytes...
I1006 23:38:00.858197 19524 c_interface.cc:231] ArtmCopyRequestedMessage is copying 713461 bytes...
I1006 23:38:01.088734 19524 c_interface.cc:231] ArtmCopyRequestedMessage is copying 713461 bytes...
I1006 23:38:01.311726 19524 c_interface.cc:231] ArtmCopyRequestedMessage is copying 713461 bytes...
I1006 23:38:01.541764 19524 c_interface.cc:231] ArtmCopyRequestedMessage is copying 713461 bytes...
I1006 23:38:01.768764 19524 c_interface.cc:231] ArtmCopyRequestedMessage is copying 713461 bytes...
I1006 23:38:01.998765 19524 c_interface.cc:231] ArtmCopyRequestedMessage is copying 713461 bytes...
I1006 23:38:02.223767 19524 c_interface.cc:231] ArtmCopyRequestedMessage is copying 713461 bytes...
I1006 23:38:02.453768 19524 c_interface.cc:231] ArtmCopyRequestedMessage is copying 713461 bytes...
I1006 23:38:02.683765 19524 c_interface.cc:231] ArtmCopyRequestedMessage is copying 713461 bytes...
I1006 23:38:02.909294 19524 c_interface.cc:231] ArtmCopyRequestedMessage is copying 713461 bytes...
I1006 23:38:03.135298 19524 c_interface.cc:231] ArtmCopyRequestedMessage is copying 713461 bytes...
I1006 23:38:03.363296 19524 c_interface.cc:231] ArtmCopyRequestedMessage is copying 713461 bytes...
I1006 23:38:03.590296 19524 c_interface.cc:231] ArtmCopyRequestedMessage is copying 713461 bytes...
I1006 23:38:03.817296 19524 c_interface.cc:231] ArtmCopyRequestedMessage is copying 713461 bytes...
I1006 23:38:04.045297 19524 c_interface.cc:231] ArtmCopyRequestedMessage is copying 713461 bytes...
I1006 23:38:04.269937 19524 c_interface.cc:231] ArtmCopyRequestedMessage is copying 713461 bytes...
I1006 23:38:04.499935 19524 c_interface.cc:231] ArtmCopyRequestedMessage is copying 713461 bytes...
I1006 23:38:04.727936 19524 c_interface.cc:231] ArtmCopyRequestedMessage is copying 713461 bytes...
I1006 23:38:04.952936 19524 c_interface.cc:231] ArtmCopyRequestedMessage is copying 713461 bytes...
I1006 23:38:05.183936 19524 c_interface.cc:231] ArtmCopyRequestedMessage is copying 713461 bytes...
I1006 23:38:05.413936 19524 c_interface.cc:231] ArtmCopyRequestedMessage is copying 713461 bytes...
I1006 23:38:05.643985 19524 c_interface.cc:231] ArtmCopyRequestedMessage is copying 713461 bytes...
I1006 23:38:05.867985 19524 c_interface.cc:231] ArtmCopyRequestedMessage is copying 713461 bytes...
I1006 23:38:06.094985 19524 c_interface.cc:231] ArtmCopyRequestedMessage is copying 713461 bytes...
I1006 23:38:06.328986 19524 c_interface.cc:231] ArtmCopyRequestedMessage is copying 713461 bytes...
I1006 23:38:06.553984 19524 c_interface.cc:231] ArtmCopyRequestedMessage is copying 713461 bytes...
I1006 23:38:06.779983 19524 c_interface.cc:231] ArtmCopyRequestedMessage is copying 713461 bytes...
I1006 23:38:07.005017 19524 c_interface.cc:231] ArtmCopyRequestedMessage is copying 713461 bytes...
I1006 23:38:07.235016 19524 c_interface.cc:231] ArtmCopyRequestedMessage is copying 713461 bytes...
I1006 23:38:07.461019 19524 c_interface.cc:231] ArtmCopyRequestedMessage is copying 713461 bytes...
I1007 05:32:21.528563 11336 processor.cc:66] Processor thread stopped
I1007 05:32:21.528563 11336 processor.cc:67] Total number of processed batches: 26
I1007 05:32:21.530566   812 processor.cc:66] Processor thread stopped
I1007 05:32:21.530566   812 processor.cc:67] Total number of processed batches: 26
I1007 05:32:21.532552  9208 processor.cc:66] Processor thread stopped
I1007 05:32:21.532552  9208 processor.cc:67] Total number of processed batches: 25
I1007 05:32:21.533565 11708 processor.cc:66] Processor thread stopped
I1007 05:32:21.533565 11708 processor.cc:67] Total number of processed batches: 26
I1007 05:32:21.535564 14184 processor.cc:66] Processor thread stopped
I1007 05:32:21.535564 14184 processor.cc:67] Total number of processed batches: 30
I1007 05:32:21.538552  3532 processor.cc:66] Processor thread stopped
I1007 05:32:21.538552  3532 processor.cc:67] Total number of processed batches: 20
I1007 05:32:21.539552 15304 processor.cc:66] Processor thread stopped
I1007 05:32:21.539552 15304 processor.cc:67] Total number of processed batches: 21
I1007 05:32:21.540563 11676 processor.cc:66] Processor thread stopped
I1007 05:32:21.540563 11676 processor.cc:67] Total number of processed batches: 27
I1007 05:32:21.541563  9192 processor.cc:66] Processor thread stopped
I1007 05:32:21.541563  9192 processor.cc:67] Total number of processed batches: 33
I1007 05:32:21.542563  5088 processor.cc:66] Processor thread stopped
I1007 05:32:21.542563  5088 processor.cc:67] Total number of processed batches: 23
I1007 05:32:21.544564 15744 processor.cc:66] Processor thread stopped
I1007 05:32:21.544564 15744 processor.cc:67] Total number of processed batches: 22
I1007 05:32:21.545563 16924 processor.cc:66] Processor thread stopped
I1007 05:32:21.545563 16924 processor.cc:67] Total number of processed batches: 33
I1007 05:32:21.546563  7500 processor.cc:66] Processor thread stopped
I1007 05:32:21.546563  7500 processor.cc:67] Total number of processed batches: 27
I1007 05:32:21.548563  5320 processor.cc:66] Processor thread stopped
I1007 05:32:21.548563  5320 processor.cc:67] Total number of processed batches: 23
I1007 05:32:21.550554  2888 processor.cc:66] Processor thread stopped
