I1006 08:17:25.296819 11796 processor.cc:81] Processing queue has data, processing started
I1006 08:17:25.322808  3576 processor.cc:158] Processor: start processing batch e41facce-f06d-4c62-a00f-dc325b15196d into model nwt
I1006 08:17:25.328820 11796 processor.cc:158] Processor: start processing batch f5a1bf36-ac49-4e25-95d6-56cabf2e5f4d into model nwt
I1006 08:17:25.536820  3576 processor.cc:285] Processor: complete processing batch e41facce-f06d-4c62-a00f-dc325b15196d into model nwt
I1006 08:17:25.539820  3576 cuckoo_watch.h:45] 243ms in ProcessBatch(postnauka_batches\aaaaaa.batch) [including 26ms in LoadMessage; 0ms in InitializeTheta; 0ms in CreateRegularizerAgents; 13ms in InitializeSparseNdw; 101ms in InferThetaAndUpdateNwtSparse; 0ms in UpdateCacheEntry; 98ms in CalculateScore(^^^ItemsProcessedScore^^^); ]
I1006 08:17:25.574810  3576 processor.cc:74] No data in processing queue, waiting...
I1006 08:17:25.726404 11796 processor.cc:285] Processor: complete processing batch f5a1bf36-ac49-4e25-95d6-56cabf2e5f4d into model nwt
I1006 08:17:25.733393 11796 cuckoo_watch.h:45] 437ms in ProcessBatch(postnauka_batches\aaaaab.batch) [including 32ms in LoadMessage; 0ms in InitializeTheta; 0ms in CreateRegularizerAgents; 27ms in InitializeSparseNdw; 190ms in InferThetaAndUpdateNwtSparse; 0ms in UpdateCacheEntry; 178ms in CalculateScore(^^^ItemsProcessedScore^^^); ]
I1006 08:17:25.734405 11852 master_component.cc:1499] RegularizeModelArgs: rwt_target_name=rwt, pwt_source_name=pwt, nwt_source_name=nwt
I1006 08:17:25.734405 11852 master_component.cc:1016] MasterComponent: start regularizing model pwt
I1006 08:17:25.767405 11796 processor.cc:74] No data in processing queue, waiting...
I1006 08:17:25.801393 11852 master_component.cc:1044] MasterComponent: complete regularizing model pwt
I1006 08:17:25.801393 11852 master_component.cc:1512] NormalizeModelArgs: pwt_target_name=pwt, nwt_source_name=nwt, rwt_source_name=rwt
I1006 08:17:25.801393 11852 master_component.cc:1048] MasterComponent: start normalizing model nwt
I1006 08:17:25.832393 11852 master_component.cc:1087] MasterComponent: complete normalizing model nwt
I1006 08:17:25.948405 11852 master_component.cc:1536] DisposeModel rwt
I1006 08:17:25.956398 11852 master_component.cc:1115] FitOffline: ItemsProcessed, num_items=1728, num_batches=2, token_weight=808522, token_weight_in_effect=808522
I1006 08:17:25.957393 11852 c_interface.cc:389] Pass FitOfflineMasterModelArgs, batch_filename_size=2, batch_weight_size=2, num_collection_passes=1, reset_nwt=yes to void (__cdecl artm::core::MasterComponent::*)(class artm::FitOfflineMasterModelArgs const & __ptr64) __ptr64
I1006 08:17:25.957393 11852 master_component.cc:1461] ProcessBatchesArgs: nwt_target_name=nwt, batch_filename_size=2, batch_size=0, batch_weight_size=2, pwt_source_name=pwt, num_document_passes=1, regularizer=(name:SmoothBcg, tau:100000), reuse_theta=no, opt_for_avx=yes, predict_class_id=, reset_nwt=yes
I1006 08:17:25.971417  3576 processor.cc:81] Processing queue has data, processing started
I1006 08:17:25.971417 12040 processor.cc:81] Processing queue has data, processing started
I1006 08:17:25.988406  3576 processor.cc:158] Processor: start processing batch e41facce-f06d-4c62-a00f-dc325b15196d into model nwt
I1006 08:17:26.005406 12040 processor.cc:158] Processor: start processing batch f5a1bf36-ac49-4e25-95d6-56cabf2e5f4d into model nwt
I1006 08:17:26.192397  3576 processor.cc:285] Processor: complete processing batch e41facce-f06d-4c62-a00f-dc325b15196d into model nwt
I1006 08:17:26.195405  3576 cuckoo_watch.h:45] 224ms in ProcessBatch(postnauka_batches\aaaaaa.batch) [including 17ms in LoadMessage; 0ms in InitializeTheta; 0ms in CreateRegularizerAgents; 11ms in InitializeSparseNdw; 91ms in InferThetaAndUpdateNwtSparse; 0ms in UpdateCacheEntry; 99ms in CalculateScore(^^^ItemsProcessedScore^^^); ]
I1006 08:17:26.228396  3576 processor.cc:74] No data in processing queue, waiting...
I1006 08:17:26.415256 12040 processor.cc:285] Processor: complete processing batch f5a1bf36-ac49-4e25-95d6-56cabf2e5f4d into model nwt
I1006 08:17:26.423260 12040 cuckoo_watch.h:45] 452ms in ProcessBatch(postnauka_batches\aaaaab.batch) [including 34ms in LoadMessage; 0ms in InitializeTheta; 0ms in CreateRegularizerAgents; 30ms in InitializeSparseNdw; 187ms in InferThetaAndUpdateNwtSparse; 0ms in UpdateCacheEntry; 190ms in CalculateScore(^^^ItemsProcessedScore^^^); ]
I1006 08:17:26.424260 11852 master_component.cc:1499] RegularizeModelArgs: rwt_target_name=rwt, pwt_source_name=pwt, nwt_source_name=nwt
I1006 08:17:26.424260 11852 master_component.cc:1016] MasterComponent: start regularizing model pwt
I1006 08:17:26.453259 12040 processor.cc:74] No data in processing queue, waiting...
I1006 08:17:26.495261 11852 master_component.cc:1044] MasterComponent: complete regularizing model pwt
I1006 08:17:26.495261 11852 master_component.cc:1512] NormalizeModelArgs: pwt_target_name=pwt, nwt_source_name=nwt, rwt_source_name=rwt
I1006 08:17:26.495261 11852 master_component.cc:1048] MasterComponent: start normalizing model nwt
I1006 08:17:26.522260 11852 master_component.cc:1087] MasterComponent: complete normalizing model nwt
I1006 08:17:26.624245 11852 master_component.cc:1536] DisposeModel rwt
I1006 08:17:26.632257 11852 master_component.cc:1115] FitOffline: ItemsProcessed, num_items=1728, num_batches=2, token_weight=808522, token_weight_in_effect=808522
I1006 08:17:26.632257 11852 c_interface.cc:389] Pass FitOfflineMasterModelArgs, batch_filename_size=2, batch_weight_size=2, num_collection_passes=1, reset_nwt=yes to void (__cdecl artm::core::MasterComponent::*)(class artm::FitOfflineMasterModelArgs const & __ptr64) __ptr64
I1006 08:17:26.632257 11852 master_component.cc:1461] ProcessBatchesArgs: nwt_target_name=nwt, batch_filename_size=2, batch_size=0, batch_weight_size=2, pwt_source_name=pwt, num_document_passes=1, regularizer=(name:SmoothBcg, tau:100000), reuse_theta=no, opt_for_avx=yes, predict_class_id=, reset_nwt=yes
I1006 08:17:26.646262 10080 processor.cc:81] Processing queue has data, processing started
I1006 08:17:26.648250 11796 processor.cc:81] Processing queue has data, processing started
I1006 08:17:26.663246 10080 processor.cc:158] Processor: start processing batch e41facce-f06d-4c62-a00f-dc325b15196d into model nwt
I1006 08:17:26.683245 11796 processor.cc:158] Processor: start processing batch f5a1bf36-ac49-4e25-95d6-56cabf2e5f4d into model nwt
I1006 08:17:26.890260 10080 processor.cc:285] Processor: complete processing batch e41facce-f06d-4c62-a00f-dc325b15196d into model nwt
I1006 08:17:26.893260 10080 cuckoo_watch.h:45] 247ms in ProcessBatch(postnauka_batches\aaaaaa.batch) [including 17ms in LoadMessage; 0ms in InitializeTheta; 0ms in CreateRegularizerAgents; 16ms in InitializeSparseNdw; 105ms in InferThetaAndUpdateNwtSparse; 0ms in UpdateCacheEntry; 104ms in CalculateScore(^^^ItemsProcessedScore^^^); ]
I1006 08:17:26.927248 10080 processor.cc:74] No data in processing queue, waiting...
I1006 08:17:27.117246 11796 processor.cc:285] Processor: complete processing batch f5a1bf36-ac49-4e25-95d6-56cabf2e5f4d into model nwt
I1006 08:17:27.124260 11796 cuckoo_watch.h:45] 475ms in ProcessBatch(postnauka_batches\aaaaab.batch) [including 35ms in LoadMessage; 0ms in InitializeTheta; 0ms in CreateRegularizerAgents; 36ms in InitializeSparseNdw; 200ms in InferThetaAndUpdateNwtSparse; 0ms in UpdateCacheEntry; 196ms in CalculateScore(^^^ItemsProcessedScore^^^); ]
I1006 08:17:27.124260 11852 master_component.cc:1499] RegularizeModelArgs: rwt_target_name=rwt, pwt_source_name=pwt, nwt_source_name=nwt
I1006 08:17:27.124260 11852 master_component.cc:1016] MasterComponent: start regularizing model pwt
I1006 08:17:27.152261 11796 processor.cc:74] No data in processing queue, waiting...
I1006 08:17:27.192247 11852 master_component.cc:1044] MasterComponent: complete regularizing model pwt
I1006 08:17:27.192247 11852 master_component.cc:1512] NormalizeModelArgs: pwt_target_name=pwt, nwt_source_name=nwt, rwt_source_name=rwt
I1006 08:17:27.192247 11852 master_component.cc:1048] MasterComponent: start normalizing model nwt
I1006 08:17:27.223260 11852 master_component.cc:1087] MasterComponent: complete normalizing model nwt
I1006 08:17:27.333253 11852 master_component.cc:1536] DisposeModel rwt
I1006 08:17:27.341246 11852 master_component.cc:1115] FitOffline: ItemsProcessed, num_items=1728, num_batches=2, token_weight=808522, token_weight_in_effect=808522
I1006 08:17:27.341246 11852 c_interface.cc:389] Pass FitOfflineMasterModelArgs, batch_filename_size=2, batch_weight_size=2, num_collection_passes=1, reset_nwt=yes to void (__cdecl artm::core::MasterComponent::*)(class artm::FitOfflineMasterModelArgs const & __ptr64) __ptr64
I1006 08:17:27.341246 11852 master_component.cc:1461] ProcessBatchesArgs: nwt_target_name=nwt, batch_filename_size=2, batch_size=0, batch_weight_size=2, pwt_source_name=pwt, num_document_passes=1, regularizer=(name:SmoothBcg, tau:100000), reuse_theta=no, opt_for_avx=yes, predict_class_id=, reset_nwt=yes
I1006 08:17:27.358245 12040 processor.cc:81] Processing queue has data, processing started
I1006 08:17:27.358245  7904 processor.cc:81] Processing queue has data, processing started
I1006 08:17:27.381247 12040 processor.cc:158] Processor: start processing batch e41facce-f06d-4c62-a00f-dc325b15196d into model nwt
I1006 08:17:27.396245  7904 processor.cc:158] Processor: start processing batch f5a1bf36-ac49-4e25-95d6-56cabf2e5f4d into model nwt
I1006 08:17:27.589246 12040 processor.cc:285] Processor: complete processing batch e41facce-f06d-4c62-a00f-dc325b15196d into model nwt
I1006 08:17:27.591260 12040 cuckoo_watch.h:45] 233ms in ProcessBatch(postnauka_batches\aaaaaa.batch) [including 22ms in LoadMessage; 0ms in InitializeTheta; 0ms in CreateRegularizerAgents; 13ms in InitializeSparseNdw; 94ms in InferThetaAndUpdateNwtSparse; 0ms in UpdateCacheEntry; 98ms in CalculateScore(^^^ItemsProcessedScore^^^); ]
I1006 08:17:27.622257 12040 processor.cc:74] No data in processing queue, waiting...
I1006 08:17:27.807245  7904 processor.cc:285] Processor: complete processing batch f5a1bf36-ac49-4e25-95d6-56cabf2e5f4d into model nwt
I1006 08:17:27.813246  7904 cuckoo_watch.h:45] 455ms in ProcessBatch(postnauka_batches\aaaaab.batch) [including 38ms in LoadMessage; 0ms in InitializeTheta; 0ms in CreateRegularizerAgents; 26ms in InitializeSparseNdw; 190ms in InferThetaAndUpdateNwtSparse; 0ms in UpdateCacheEntry; 192ms in CalculateScore(^^^ItemsProcessedScore^^^); ]
I1006 08:17:27.814246 11852 master_component.cc:1499] RegularizeModelArgs: rwt_target_name=rwt, pwt_source_name=pwt, nwt_source_name=nwt
I1006 08:17:27.814246 11852 master_component.cc:1016] MasterComponent: start regularizing model pwt
I1006 08:17:27.845247  7904 processor.cc:74] No data in processing queue, waiting...
I1006 08:17:27.878245 11852 master_component.cc:1044] MasterComponent: complete regularizing model pwt
I1006 08:17:27.878245 11852 master_component.cc:1512] NormalizeModelArgs: pwt_target_name=pwt, nwt_source_name=nwt, rwt_source_name=rwt
I1006 08:17:27.878245 11852 master_component.cc:1048] MasterComponent: start normalizing model nwt
I1006 08:17:27.913246 11852 master_component.cc:1087] MasterComponent: complete normalizing model nwt
I1006 08:17:28.017256 11852 master_component.cc:1536] DisposeModel rwt
I1006 08:17:28.025257 11852 master_component.cc:1115] FitOffline: ItemsProcessed, num_items=1728, num_batches=2, token_weight=808522, token_weight_in_effect=808522
I1006 08:17:28.025257 11852 c_interface.cc:389] Pass FitOfflineMasterModelArgs, batch_filename_size=2, batch_weight_size=2, num_collection_passes=1, reset_nwt=yes to void (__cdecl artm::core::MasterComponent::*)(class artm::FitOfflineMasterModelArgs const & __ptr64) __ptr64
I1006 08:17:28.025257 11852 master_component.cc:1461] ProcessBatchesArgs: nwt_target_name=nwt, batch_filename_size=2, batch_size=0, batch_weight_size=2, pwt_source_name=pwt, num_document_passes=1, regularizer=(name:SmoothBcg, tau:100000), reuse_theta=no, opt_for_avx=yes, predict_class_id=, reset_nwt=yes
I1006 08:17:28.040261 10908 processor.cc:81] Processing queue has data, processing started
I1006 08:17:28.040261  3692 processor.cc:81] Processing queue has data, processing started
I1006 08:17:28.057247 10908 processor.cc:158] Processor: start processing batch e41facce-f06d-4c62-a00f-dc325b15196d into model nwt
I1006 08:17:28.071245  3692 processor.cc:158] Processor: start processing batch f5a1bf36-ac49-4e25-95d6-56cabf2e5f4d into model nwt
I1006 08:17:28.262260 10908 processor.cc:285] Processor: complete processing batch e41facce-f06d-4c62-a00f-dc325b15196d into model nwt
I1006 08:17:28.265256 10908 cuckoo_watch.h:45] 225ms in ProcessBatch(postnauka_batches\aaaaaa.batch) [including 17ms in LoadMessage; 0ms in InitializeTheta; 0ms in CreateRegularizerAgents; 11ms in InitializeSparseNdw; 95ms in InferThetaAndUpdateNwtSparse; 0ms in UpdateCacheEntry; 96ms in CalculateScore(^^^ItemsProcessedScore^^^); ]
I1006 08:17:28.300246 10908 processor.cc:74] No data in processing queue, waiting...
I1006 08:17:28.485245  3692 processor.cc:285] Processor: complete processing batch f5a1bf36-ac49-4e25-95d6-56cabf2e5f4d into model nwt
I1006 08:17:28.491245  3692 cuckoo_watch.h:45] 450ms in ProcessBatch(postnauka_batches\aaaaab.batch) [including 31ms in LoadMessage; 0ms in InitializeTheta; 0ms in CreateRegularizerAgents; 32ms in InitializeSparseNdw; 186ms in InferThetaAndUpdateNwtSparse; 0ms in UpdateCacheEntry; 194ms in CalculateScore(^^^ItemsProcessedScore^^^); ]
I1006 08:17:28.492245 11852 master_component.cc:1499] RegularizeModelArgs: rwt_target_name=rwt, pwt_source_name=pwt, nwt_source_name=nwt
I1006 08:17:28.492245 11852 master_component.cc:1016] MasterComponent: start regularizing model pwt
I1006 08:17:28.521261  3692 processor.cc:74] No data in processing queue, waiting...
I1006 08:17:28.558256 11852 master_component.cc:1044] MasterComponent: complete regularizing model pwt
I1006 08:17:28.558256 11852 master_component.cc:1512] NormalizeModelArgs: pwt_target_name=pwt, nwt_source_name=nwt, rwt_source_name=rwt
I1006 08:17:28.558256 11852 master_component.cc:1048] MasterComponent: start normalizing model nwt
I1006 08:17:28.589257 11852 master_component.cc:1087] MasterComponent: complete normalizing model nwt
I1006 08:17:28.684260 11852 master_component.cc:1536] DisposeModel rwt
I1006 08:17:28.692256 11852 master_component.cc:1115] FitOffline: ItemsProcessed, num_items=1728, num_batches=2, token_weight=808522, token_weight_in_effect=808522
I1006 08:17:28.692256 11852 c_interface.cc:389] Pass FitOfflineMasterModelArgs, batch_filename_size=2, batch_weight_size=2, num_collection_passes=1, reset_nwt=yes to void (__cdecl artm::core::MasterComponent::*)(class artm::FitOfflineMasterModelArgs const & __ptr64) __ptr64
I1006 08:17:28.692256 11852 master_component.cc:1461] ProcessBatchesArgs: nwt_target_name=nwt, batch_filename_size=2, batch_size=0, batch_weight_size=2, pwt_source_name=pwt, num_document_passes=1, regularizer=(name:SmoothBcg, tau:100000), reuse_theta=no, opt_for_avx=yes, predict_class_id=, reset_nwt=yes
I1006 08:17:28.710259 19364 processor.cc:81] Processing queue has data, processing started
I1006 08:17:28.710259 10908 processor.cc:81] Processing queue has data, processing started
I1006 08:17:28.727246 19364 processor.cc:158] Processor: start processing batch e41facce-f06d-4c62-a00f-dc325b15196d into model nwt
I1006 08:17:28.745260 10908 processor.cc:158] Processor: start processing batch f5a1bf36-ac49-4e25-95d6-56cabf2e5f4d into model nwt
I1006 08:17:28.932246 19364 processor.cc:285] Processor: complete processing batch e41facce-f06d-4c62-a00f-dc325b15196d into model nwt
I1006 08:17:28.937260 19364 cuckoo_watch.h:45] 227ms in ProcessBatch(postnauka_batches\aaaaaa.batch) [including 17ms in LoadMessage; 0ms in InitializeTheta; 0ms in CreateRegularizerAgents; 16ms in InitializeSparseNdw; 90ms in InferThetaAndUpdateNwtSparse; 0ms in UpdateCacheEntry; 97ms in CalculateScore(^^^ItemsProcessedScore^^^); ]
I1006 08:17:28.970247 19364 processor.cc:74] No data in processing queue, waiting...
I1006 08:17:29.168246 10908 processor.cc:285] Processor: complete processing batch f5a1bf36-ac49-4e25-95d6-56cabf2e5f4d into model nwt
I1006 08:17:29.175246 10908 cuckoo_watch.h:45] 464ms in ProcessBatch(postnauka_batches\aaaaab.batch) [including 35ms in LoadMessage; 0ms in InitializeTheta; 0ms in CreateRegularizerAgents; 30ms in InitializeSparseNdw; 191ms in InferThetaAndUpdateNwtSparse; 0ms in UpdateCacheEntry; 199ms in CalculateScore(^^^ItemsProcessedScore^^^); ]
I1006 08:17:29.176247 11852 master_component.cc:1499] RegularizeModelArgs: rwt_target_name=rwt, pwt_source_name=pwt, nwt_source_name=nwt
I1006 08:17:29.176247 11852 master_component.cc:1016] MasterComponent: start regularizing model pwt
I1006 08:17:29.203244 10908 processor.cc:74] No data in processing queue, waiting...
I1006 08:17:29.255246 11852 master_component.cc:1044] MasterComponent: complete regularizing model pwt
I1006 08:17:29.255246 11852 master_component.cc:1512] NormalizeModelArgs: pwt_target_name=pwt, nwt_source_name=nwt, rwt_source_name=rwt
I1006 08:17:29.255246 11852 master_component.cc:1048] MasterComponent: start normalizing model nwt
I1006 08:17:29.289245 11852 master_component.cc:1087] MasterComponent: complete normalizing model nwt
I1006 08:17:29.401245 11852 master_component.cc:1536] DisposeModel rwt
I1006 08:17:29.409246 11852 master_component.cc:1115] FitOffline: ItemsProcessed, num_items=1728, num_batches=2, token_weight=808522, token_weight_in_effect=808522
I1006 08:17:29.410252 11852 c_interface.cc:389] Pass FitOfflineMasterModelArgs, batch_filename_size=2, batch_weight_size=2, num_collection_passes=1, reset_nwt=yes to void (__cdecl artm::core::MasterComponent::*)(class artm::FitOfflineMasterModelArgs const & __ptr64) __ptr64
I1006 08:17:29.410252 11852 master_component.cc:1461] ProcessBatchesArgs: nwt_target_name=nwt, batch_filename_size=2, batch_size=0, batch_weight_size=2, pwt_source_name=pwt, num_document_passes=1, regularizer=(name:SmoothBcg, tau:100000), reuse_theta=no, opt_for_avx=yes, predict_class_id=, reset_nwt=yes
I1006 08:17:29.428261  8080 processor.cc:81] Processing queue has data, processing started
I1006 08:17:29.428261  7904 processor.cc:81] Processing queue has data, processing started
I1006 08:17:29.445257  8080 processor.cc:158] Processor: start processing batch e41facce-f06d-4c62-a00f-dc325b15196d into model nwt
I1006 08:17:29.459246  7904 processor.cc:158] Processor: start processing batch f5a1bf36-ac49-4e25-95d6-56cabf2e5f4d into model nwt
I1006 08:17:29.661260  8080 processor.cc:285] Processor: complete processing batch e41facce-f06d-4c62-a00f-dc325b15196d into model nwt
I1006 08:17:29.664256  8080 cuckoo_watch.h:45] 236ms in ProcessBatch(postnauka_batches\aaaaaa.batch) [including 17ms in LoadMessage; 0ms in InitializeTheta; 0ms in CreateRegularizerAgents; 13ms in InitializeSparseNdw; 98ms in InferThetaAndUpdateNwtSparse; 0ms in UpdateCacheEntry; 102ms in CalculateScore(^^^ItemsProcessedScore^^^); ]
I1006 08:17:29.694260  8080 processor.cc:74] No data in processing queue, waiting...
I1006 08:17:29.885260  7904 processor.cc:285] Processor: complete processing batch f5a1bf36-ac49-4e25-95d6-56cabf2e5f4d into model nwt
I1006 08:17:29.892257  7904 cuckoo_watch.h:45] 463ms in ProcessBatch(postnauka_batches\aaaaab.batch) [including 31ms in LoadMessage; 0ms in InitializeTheta; 0ms in CreateRegularizerAgents; 26ms in InitializeSparseNdw; 201ms in InferThetaAndUpdateNwtSparse; 0ms in UpdateCacheEntry; 197ms in CalculateScore(^^^ItemsProcessedScore^^^); ]
I1006 08:17:29.895256 11852 master_component.cc:1499] RegularizeModelArgs: rwt_target_name=rwt, pwt_source_name=pwt, nwt_source_name=nwt
I1006 08:17:29.895256 11852 master_component.cc:1016] MasterComponent: start regularizing model pwt
I1006 08:17:29.922247  7904 processor.cc:74] No data in processing queue, waiting...
I1006 08:17:29.958261 11852 master_component.cc:1044] MasterComponent: complete regularizing model pwt
I1006 08:17:29.958261 11852 master_component.cc:1512] NormalizeModelArgs: pwt_target_name=pwt, nwt_source_name=nwt, rwt_source_name=rwt
I1006 08:17:29.958261 11852 master_component.cc:1048] MasterComponent: start normalizing model nwt
I1006 08:17:29.988256 11852 master_component.cc:1087] MasterComponent: complete normalizing model nwt
I1006 08:17:30.083245 11852 master_component.cc:1536] DisposeModel rwt
I1006 08:17:30.090260 11852 master_component.cc:1115] FitOffline: ItemsProcessed, num_items=1728, num_batches=2, token_weight=808522, token_weight_in_effect=808522
I1006 08:17:30.090260 11852 c_interface.cc:389] Pass FitOfflineMasterModelArgs, batch_filename_size=2, batch_weight_size=2, num_collection_passes=1, reset_nwt=yes to void (__cdecl artm::core::MasterComponent::*)(class artm::FitOfflineMasterModelArgs const & __ptr64) __ptr64
I1006 08:17:30.090260 11852 master_component.cc:1461] ProcessBatchesArgs: nwt_target_name=nwt, batch_filename_size=2, batch_size=0, batch_weight_size=2, pwt_source_name=pwt, num_document_passes=1, regularizer=(name:SmoothBcg, tau:100000), reuse_theta=no, opt_for_avx=yes, predict_class_id=, reset_nwt=yes
I1006 08:17:30.105260  3692 processor.cc:81] Processing queue has data, processing started
I1006 08:17:30.107247 11796 processor.cc:81] Processing queue has data, processing started
I1006 08:17:30.121256  3692 processor.cc:158] Processor: start processing batch e41facce-f06d-4c62-a00f-dc325b15196d into model nwt
I1006 08:17:30.139246 11796 processor.cc:158] Processor: start processing batch f5a1bf36-ac49-4e25-95d6-56cabf2e5f4d into model nwt
I1006 08:17:30.317245  3692 processor.cc:285] Processor: complete processing batch e41facce-f06d-4c62-a00f-dc325b15196d into model nwt
I1006 08:17:30.321256  3692 cuckoo_watch.h:45] 216ms in ProcessBatch(postnauka_batches\aaaaaa.batch) [including 16ms in LoadMessage; 0ms in InitializeTheta; 0ms in CreateRegularizerAgents; 14ms in InitializeSparseNdw; 86ms in InferThetaAndUpdateNwtSparse; 0ms in UpdateCacheEntry; 94ms in CalculateScore(^^^ItemsProcessedScore^^^); ]
I1006 08:17:30.356261  3692 processor.cc:74] No data in processing queue, waiting...
I1006 08:17:30.516256 11796 processor.cc:285] Processor: complete processing batch f5a1bf36-ac49-4e25-95d6-56cabf2e5f4d into model nwt
I1006 08:17:30.522259 11796 cuckoo_watch.h:45] 415ms in ProcessBatch(postnauka_batches\aaaaab.batch) [including 32ms in LoadMessage; 0ms in InitializeTheta; 0ms in CreateRegularizerAgents; 26ms in InitializeSparseNdw; 173ms in InferThetaAndUpdateNwtSparse; 0ms in UpdateCacheEntry; 175ms in CalculateScore(^^^ItemsProcessedScore^^^); ]
I1006 08:17:30.523260 11852 master_component.cc:1499] RegularizeModelArgs: rwt_target_name=rwt, pwt_source_name=pwt, nwt_source_name=nwt
I1006 08:17:30.523260 11852 master_component.cc:1016] MasterComponent: start regularizing model pwt
I1006 08:17:30.554260 11796 processor.cc:74] No data in processing queue, waiting...
I1006 08:17:30.585260 11852 master_component.cc:1044] MasterComponent: complete regularizing model pwt
I1006 08:17:30.585260 11852 master_component.cc:1512] NormalizeModelArgs: pwt_target_name=pwt, nwt_source_name=nwt, rwt_source_name=rwt
I1006 08:17:30.585260 11852 master_component.cc:1048] MasterComponent: start normalizing model nwt
I1006 08:17:30.613256 11852 master_component.cc:1087] MasterComponent: complete normalizing model nwt
I1006 08:17:30.712256 11852 master_component.cc:1536] DisposeModel rwt
I1006 08:17:30.721256 11852 master_component.cc:1115] FitOffline: ItemsProcessed, num_items=1728, num_batches=2, token_weight=808522, token_weight_in_effect=808522
I1006 08:17:30.721256 11852 c_interface.cc:389] Pass FitOfflineMasterModelArgs, batch_filename_size=2, batch_weight_size=2, num_collection_passes=1, reset_nwt=yes to void (__cdecl artm::core::MasterComponent::*)(class artm::FitOfflineMasterModelArgs const & __ptr64) __ptr64
I1006 08:17:30.721256 11852 master_component.cc:1461] ProcessBatchesArgs: nwt_target_name=nwt, batch_filename_size=2, batch_size=0, batch_weight_size=2, pwt_source_name=pwt, num_document_passes=1, regularizer=(name:SmoothBcg, tau:100000), reuse_theta=no, opt_for_avx=yes, predict_class_id=, reset_nwt=yes
I1006 08:17:30.736259 19364 processor.cc:81] Processing queue has data, processing started
I1006 08:17:30.736259 14608 processor.cc:81] Processing queue has data, processing started
I1006 08:17:30.753260 19364 processor.cc:158] Processor: start processing batch e41facce-f06d-4c62-a00f-dc325b15196d into model nwt
I1006 08:17:30.771256 14608 processor.cc:158] Processor: start processing batch f5a1bf36-ac49-4e25-95d6-56cabf2e5f4d into model nwt
I1006 08:17:30.962256 19364 processor.cc:285] Processor: complete processing batch e41facce-f06d-4c62-a00f-dc325b15196d into model nwt
I1006 08:17:30.966256 19364 cuckoo_watch.h:45] 230ms in ProcessBatch(postnauka_batches\aaaaaa.batch) [including 17ms in LoadMessage; 0ms in InitializeTheta; 0ms in CreateRegularizerAgents; 14ms in InitializeSparseNdw; 100ms in InferThetaAndUpdateNwtSparse; 0ms in UpdateCacheEntry; 93ms in CalculateScore(^^^ItemsProcessedScore^^^); ]
I1006 08:17:30.997260 19364 processor.cc:74] No data in processing queue, waiting...
I1006 08:17:31.166260 14608 processor.cc:285] Processor: complete processing batch f5a1bf36-ac49-4e25-95d6-56cabf2e5f4d into model nwt
I1006 08:17:31.172247 14608 cuckoo_watch.h:45] 436ms in ProcessBatch(postnauka_batches\aaaaab.batch) [including 35ms in LoadMessage; 0ms in InitializeTheta; 0ms in CreateRegularizerAgents; 34ms in InitializeSparseNdw; 178ms in InferThetaAndUpdateNwtSparse; 0ms in UpdateCacheEntry; 180ms in CalculateScore(^^^ItemsProcessedScore^^^); ]
I1006 08:17:31.173245 11852 master_component.cc:1499] RegularizeModelArgs: rwt_target_name=rwt, pwt_source_name=pwt, nwt_source_name=nwt
I1006 08:17:31.173245 11852 master_component.cc:1016] MasterComponent: start regularizing model pwt
I1006 08:17:31.203259 14608 processor.cc:74] No data in processing queue, waiting...
I1006 08:17:31.238329 11852 master_component.cc:1044] MasterComponent: complete regularizing model pwt
I1006 08:17:31.238329 11852 master_component.cc:1512] NormalizeModelArgs: pwt_target_name=pwt, nwt_source_name=nwt, rwt_source_name=rwt
I1006 08:17:31.238329 11852 master_component.cc:1048] MasterComponent: start normalizing model nwt
I1006 08:17:31.269245 11852 master_component.cc:1087] MasterComponent: complete normalizing model nwt
I1006 08:17:31.362259 11852 master_component.cc:1536] DisposeModel rwt
I1006 08:17:31.370260 11852 master_component.cc:1115] FitOffline: ItemsProcessed, num_items=1728, num_batches=2, token_weight=808522, token_weight_in_effect=808522
I1006 08:17:31.370260 11852 c_interface.cc:389] Pass FitOfflineMasterModelArgs, batch_filename_size=2, batch_weight_size=2, num_collection_passes=1, reset_nwt=yes to void (__cdecl artm::core::MasterComponent::*)(class artm::FitOfflineMasterModelArgs const & __ptr64) __ptr64
I1006 08:17:31.370260 11852 master_component.cc:1461] ProcessBatchesArgs: nwt_target_name=nwt, batch_filename_size=2, batch_size=0, batch_weight_size=2, pwt_source_name=pwt, num_document_passes=1, regularizer=(name:SmoothBcg, tau:100000), reuse_theta=no, opt_for_avx=yes, predict_class_id=, reset_nwt=yes
I1006 08:17:31.387244 19200 processor.cc:81] Processing queue has data, processing started
I1006 08:17:31.387244  4340 processor.cc:81] Processing queue has data, processing started
I1006 08:17:31.403245 19200 processor.cc:158] Processor: start processing batch e41facce-f06d-4c62-a00f-dc325b15196d into model nwt
I1006 08:17:31.417245  4340 processor.cc:158] Processor: start processing batch f5a1bf36-ac49-4e25-95d6-56cabf2e5f4d into model nwt
I1006 08:17:31.607246 19200 processor.cc:285] Processor: complete processing batch e41facce-f06d-4c62-a00f-dc325b15196d into model nwt
I1006 08:17:31.611245 19200 cuckoo_watch.h:45] 224ms in ProcessBatch(postnauka_batches\aaaaaa.batch) [including 16ms in LoadMessage; 0ms in InitializeTheta; 0ms in CreateRegularizerAgents; 12ms in InitializeSparseNdw; 91ms in InferThetaAndUpdateNwtSparse; 0ms in UpdateCacheEntry; 98ms in CalculateScore(^^^ItemsProcessedScore^^^); ]
I1006 08:17:31.643244 19200 processor.cc:74] No data in processing queue, waiting...
I1006 08:17:31.816260  4340 processor.cc:285] Processor: complete processing batch f5a1bf36-ac49-4e25-95d6-56cabf2e5f4d into model nwt
I1006 08:17:31.821256  4340 cuckoo_watch.h:45] 434ms in ProcessBatch(postnauka_batches\aaaaab.batch) [including 30ms in LoadMessage; 0ms in InitializeTheta; 0ms in CreateRegularizerAgents; 29ms in InitializeSparseNdw; 180ms in InferThetaAndUpdateNwtSparse; 0ms in UpdateCacheEntry; 187ms in CalculateScore(^^^ItemsProcessedScore^^^); ]
I1006 08:17:31.823354 11852 master_component.cc:1499] RegularizeModelArgs: rwt_target_name=rwt, pwt_source_name=pwt, nwt_source_name=nwt
I1006 08:17:31.823354 11852 master_component.cc:1016] MasterComponent: start regularizing model pwt
I1006 08:17:31.856361  4340 processor.cc:74] No data in processing queue, waiting...
I1006 08:17:31.890359 11852 master_component.cc:1044] MasterComponent: complete regularizing model pwt
I1006 08:17:31.890359 11852 master_component.cc:1512] NormalizeModelArgs: pwt_target_name=pwt, nwt_source_name=nwt, rwt_source_name=rwt
I1006 08:17:31.890359 11852 master_component.cc:1048] MasterComponent: start normalizing model nwt
I1006 08:17:31.921365 11852 master_component.cc:1087] MasterComponent: complete normalizing model nwt
I1006 08:17:32.018360 11852 master_component.cc:1536] DisposeModel rwt
I1006 08:17:32.026372 11852 master_component.cc:1115] FitOffline: ItemsProcessed, num_items=1728, num_batches=2, token_weight=808522, token_weight_in_effect=808522
I1006 08:17:32.026372 11852 c_interface.cc:389] Pass FitOfflineMasterModelArgs, batch_filename_size=2, batch_weight_size=2, num_collection_passes=1, reset_nwt=yes to void (__cdecl artm::core::MasterComponent::*)(class artm::FitOfflineMasterModelArgs const & __ptr64) __ptr64
I1006 08:17:32.026372 11852 master_component.cc:1461] ProcessBatchesArgs: nwt_target_name=nwt, batch_filename_size=2, batch_size=0, batch_weight_size=2, pwt_source_name=pwt, num_document_passes=1, regularizer=(name:SmoothBcg, tau:100000), reuse_theta=no, opt_for_avx=yes, predict_class_id=, reset_nwt=yes
I1006 08:17:32.043370 19364 processor.cc:81] Processing queue has data, processing started
I1006 08:17:32.043370 14608 processor.cc:81] Processing queue has data, processing started
I1006 08:17:32.060371 19364 processor.cc:158] Processor: start processing batch e41facce-f06d-4c62-a00f-dc325b15196d into model nwt
I1006 08:17:32.073360 14608 processor.cc:158] Processor: start processing batch f5a1bf36-ac49-4e25-95d6-56cabf2e5f4d into model nwt
I1006 08:17:32.256371 19364 processor.cc:285] Processor: complete processing batch e41facce-f06d-4c62-a00f-dc325b15196d into model nwt
I1006 08:17:32.261371 19364 cuckoo_watch.h:45] 218ms in ProcessBatch(postnauka_batches\aaaaaa.batch) [including 17ms in LoadMessage; 0ms in InitializeTheta; 0ms in CreateRegularizerAgents; 12ms in InitializeSparseNdw; 85ms in InferThetaAndUpdateNwtSparse; 0ms in UpdateCacheEntry; 96ms in CalculateScore(^^^ItemsProcessedScore^^^); ]
I1006 08:17:32.297371 19364 processor.cc:74] No data in processing queue, waiting...
I1006 08:17:32.459362 14608 processor.cc:285] Processor: complete processing batch f5a1bf36-ac49-4e25-95d6-56cabf2e5f4d into model nwt
I1006 08:17:32.465371 14608 cuckoo_watch.h:45] 422ms in ProcessBatch(postnauka_batches\aaaaab.batch) [including 30ms in LoadMessage; 0ms in InitializeTheta; 0ms in CreateRegularizerAgents; 25ms in InitializeSparseNdw; 172ms in InferThetaAndUpdateNwtSparse; 0ms in UpdateCacheEntry; 187ms in CalculateScore(^^^ItemsProcessedScore^^^); ]
I1006 08:17:32.467360 11852 master_component.cc:1499] RegularizeModelArgs: rwt_target_name=rwt, pwt_source_name=pwt, nwt_source_name=nwt
I1006 08:17:32.467360 11852 master_component.cc:1016] MasterComponent: start regularizing model pwt
I1006 08:17:32.498370 14608 processor.cc:74] No data in processing queue, waiting...
I1006 08:17:32.530371 11852 master_component.cc:1044] MasterComponent: complete regularizing model pwt
I1006 08:17:32.530371 11852 master_component.cc:1512] NormalizeModelArgs: pwt_target_name=pwt, nwt_source_name=nwt, rwt_source_name=rwt
I1006 08:17:32.530371 11852 master_component.cc:1048] MasterComponent: start normalizing model nwt
I1006 08:17:32.562361 11852 master_component.cc:1087] MasterComponent: complete normalizing model nwt
I1006 08:17:32.658371 11852 master_component.cc:1536] DisposeModel rwt
I1006 08:17:32.665359 11852 master_component.cc:1115] FitOffline: ItemsProcessed, num_items=1728, num_batches=2, token_weight=808522, token_weight_in_effect=808522
I1006 08:17:32.666462 11852 c_interface.cc:389] Pass FitOfflineMasterModelArgs, batch_filename_size=2, batch_weight_size=2, num_collection_passes=1, reset_nwt=yes to void (__cdecl artm::core::MasterComponent::*)(class artm::FitOfflineMasterModelArgs const & __ptr64) __ptr64
I1006 08:17:32.666462 11852 master_component.cc:1461] ProcessBatchesArgs: nwt_target_name=nwt, batch_filename_size=2, batch_size=0, batch_weight_size=2, pwt_source_name=pwt, num_document_passes=1, regularizer=(name:SmoothBcg, tau:100000), reuse_theta=no, opt_for_avx=yes, predict_class_id=, reset_nwt=yes
I1006 08:17:32.682375 14608 processor.cc:81] Processing queue has data, processing started
I1006 08:17:32.682375 11796 processor.cc:81] Processing queue has data, processing started
I1006 08:17:32.702361 11796 processor.cc:158] Processor: start processing batch e41facce-f06d-4c62-a00f-dc325b15196d into model nwt
I1006 08:17:32.713371 14608 processor.cc:158] Processor: start processing batch f5a1bf36-ac49-4e25-95d6-56cabf2e5f4d into model nwt
I1006 08:17:32.903362 11796 processor.cc:285] Processor: complete processing batch e41facce-f06d-4c62-a00f-dc325b15196d into model nwt
I1006 08:17:32.905371 11796 cuckoo_watch.h:45] 223ms in ProcessBatch(postnauka_batches\aaaaaa.batch) [including 20ms in LoadMessage; 0ms in InitializeTheta; 0ms in CreateRegularizerAgents; 13ms in InitializeSparseNdw; 90ms in InferThetaAndUpdateNwtSparse; 0ms in UpdateCacheEntry; 96ms in CalculateScore(^^^ItemsProcessedScore^^^); ]
I1006 08:17:32.940371 11796 processor.cc:74] No data in processing queue, waiting...
I1006 08:17:33.103374 14608 processor.cc:285] Processor: complete processing batch f5a1bf36-ac49-4e25-95d6-56cabf2e5f4d into model nwt
I1006 08:17:33.110374 14608 cuckoo_watch.h:45] 428ms in ProcessBatch(postnauka_batches\aaaaab.batch) [including 31ms in LoadMessage; 0ms in InitializeTheta; 0ms in CreateRegularizerAgents; 27ms in InitializeSparseNdw; 178ms in InferThetaAndUpdateNwtSparse; 0ms in UpdateCacheEntry; 183ms in CalculateScore(^^^ItemsProcessedScore^^^); ]
I1006 08:17:33.112360 11852 master_component.cc:1499] RegularizeModelArgs: rwt_target_name=rwt, pwt_source_name=pwt, nwt_source_name=nwt
I1006 08:17:33.112360 11852 master_component.cc:1016] MasterComponent: start regularizing model pwt
I1006 08:17:33.142371 14608 processor.cc:74] No data in processing queue, waiting...
I1006 08:17:33.173359 11852 master_component.cc:1044] MasterComponent: complete regularizing model pwt
I1006 08:17:33.173359 11852 master_component.cc:1512] NormalizeModelArgs: pwt_target_name=pwt, nwt_source_name=nwt, rwt_source_name=rwt
I1006 08:17:33.173359 11852 master_component.cc:1048] MasterComponent: start normalizing model nwt
I1006 08:17:33.206372 11852 master_component.cc:1087] MasterComponent: complete normalizing model nwt
I1006 08:17:33.303371 11852 master_component.cc:1536] DisposeModel rwt
I1006 08:17:33.314371 11852 master_component.cc:1115] FitOffline: ItemsProcessed, num_items=1728, num_batches=2, token_weight=808522, token_weight_in_effect=808522
I1006 08:17:33.314371 11852 c_interface.cc:389] Pass FitOfflineMasterModelArgs, batch_filename_size=2, batch_weight_size=2, num_collection_passes=1, reset_nwt=yes to void (__cdecl artm::core::MasterComponent::*)(class artm::FitOfflineMasterModelArgs const & __ptr64) __ptr64
I1006 08:17:33.314371 11852 master_component.cc:1461] ProcessBatchesArgs: nwt_target_name=nwt, batch_filename_size=2, batch_size=0, batch_weight_size=2, pwt_source_name=pwt, num_document_passes=1, regularizer=(name:SmoothBcg, tau:100000), reuse_theta=no, opt_for_avx=yes, predict_class_id=, reset_nwt=yes
I1006 08:17:33.334362  3692 processor.cc:81] Processing queue has data, processing started
I1006 08:17:33.334362 19364 processor.cc:81] Processing queue has data, processing started
I1006 08:17:33.350361  3692 processor.cc:158] Processor: start processing batch e41facce-f06d-4c62-a00f-dc325b15196d into model nwt
I1006 08:17:33.363371 19364 processor.cc:158] Processor: start processing batch f5a1bf36-ac49-4e25-95d6-56cabf2e5f4d into model nwt
I1006 08:17:33.549360  3692 processor.cc:285] Processor: complete processing batch e41facce-f06d-4c62-a00f-dc325b15196d into model nwt
I1006 08:17:33.551360  3692 cuckoo_watch.h:45] 217ms in ProcessBatch(postnauka_batches\aaaaaa.batch) [including 16ms in LoadMessage; 0ms in InitializeTheta; 0ms in CreateRegularizerAgents; 12ms in InitializeSparseNdw; 85ms in InferThetaAndUpdateNwtSparse; 0ms in UpdateCacheEntry; 99ms in CalculateScore(^^^ItemsProcessedScore^^^); ]
I1006 08:17:33.578375  3692 processor.cc:74] No data in processing queue, waiting...
I1006 08:17:33.761359 19364 processor.cc:285] Processor: complete processing batch f5a1bf36-ac49-4e25-95d6-56cabf2e5f4d into model nwt
I1006 08:17:33.767361 19364 cuckoo_watch.h:45] 433ms in ProcessBatch(postnauka_batches\aaaaab.batch) [including 29ms in LoadMessage; 0ms in InitializeTheta; 0ms in CreateRegularizerAgents; 27ms in InitializeSparseNdw; 180ms in InferThetaAndUpdateNwtSparse; 0ms in UpdateCacheEntry; 188ms in CalculateScore(^^^ItemsProcessedScore^^^); ]
I1006 08:17:33.768362 11852 master_component.cc:1499] RegularizeModelArgs: rwt_target_name=rwt, pwt_source_name=pwt, nwt_source_name=nwt
I1006 08:17:33.768362 11852 master_component.cc:1016] MasterComponent: start regularizing model pwt
I1006 08:17:33.796360 19364 processor.cc:74] No data in processing queue, waiting...
I1006 08:17:33.834365 11852 master_component.cc:1044] MasterComponent: complete regularizing model pwt
I1006 08:17:33.834365 11852 master_component.cc:1512] NormalizeModelArgs: pwt_target_name=pwt, nwt_source_name=nwt, rwt_source_name=rwt
I1006 08:17:33.834365 11852 master_component.cc:1048] MasterComponent: start normalizing model nwt
I1006 08:17:33.862361 11852 master_component.cc:1087] MasterComponent: complete normalizing model nwt
I1006 08:17:33.967362 11852 master_component.cc:1536] DisposeModel rwt
I1006 08:17:33.975371 11852 master_component.cc:1115] FitOffline: ItemsProcessed, num_items=1728, num_batches=2, token_weight=808522, token_weight_in_effect=808522
I1006 08:17:33.975371 11852 c_interface.cc:389] Pass FitOfflineMasterModelArgs, batch_filename_size=2, batch_weight_size=2, num_collection_passes=1, reset_nwt=yes to void (__cdecl artm::core::MasterComponent::*)(class artm::FitOfflineMasterModelArgs const & __ptr64) __ptr64
I1006 08:17:33.975371 11852 master_component.cc:1461] ProcessBatchesArgs: nwt_target_name=nwt, batch_filename_size=2, batch_size=0, batch_weight_size=2, pwt_source_name=pwt, num_document_passes=1, regularizer=(name:SmoothBcg, tau:100000), reuse_theta=no, opt_for_avx=yes, predict_class_id=, reset_nwt=yes
I1006 08:17:33.992372 19232 processor.cc:81] Processing queue has data, processing started
I1006 08:17:33.992372  3576 processor.cc:81] Processing queue has data, processing started
I1006 08:17:34.010371  3576 processor.cc:158] Processor: start processing batch e41facce-f06d-4c62-a00f-dc325b15196d into model nwt
I1006 08:17:34.022359 19232 processor.cc:158] Processor: start processing batch f5a1bf36-ac49-4e25-95d6-56cabf2e5f4d into model nwt
I1006 08:17:34.202371  3576 processor.cc:285] Processor: complete processing batch e41facce-f06d-4c62-a00f-dc325b15196d into model nwt
I1006 08:17:34.205371  3576 cuckoo_watch.h:45] 213ms in ProcessBatch(postnauka_batches\aaaaaa.batch) [including 17ms in LoadMessage; 0ms in InitializeTheta; 0ms in CreateRegularizerAgents; 11ms in InitializeSparseNdw; 87ms in InferThetaAndUpdateNwtSparse; 0ms in UpdateCacheEntry; 92ms in CalculateScore(^^^ItemsProcessedScore^^^); ]
I1006 08:17:34.237371  3576 processor.cc:74] No data in processing queue, waiting...
I1006 08:17:34.418375 19232 processor.cc:285] Processor: complete processing batch f5a1bf36-ac49-4e25-95d6-56cabf2e5f4d into model nwt
I1006 08:17:34.424361 19232 cuckoo_watch.h:45] 432ms in ProcessBatch(postnauka_batches\aaaaab.batch) [including 30ms in LoadMessage; 0ms in InitializeTheta; 0ms in CreateRegularizerAgents; 25ms in InitializeSparseNdw; 185ms in InferThetaAndUpdateNwtSparse; 0ms in UpdateCacheEntry; 184ms in CalculateScore(^^^ItemsProcessedScore^^^); ]
I1006 08:17:34.427371 11852 master_component.cc:1499] RegularizeModelArgs: rwt_target_name=rwt, pwt_source_name=pwt, nwt_source_name=nwt
I1006 08:17:34.427371 11852 master_component.cc:1016] MasterComponent: start regularizing model pwt
I1006 08:17:34.458371 19232 processor.cc:74] No data in processing queue, waiting...
I1006 08:17:34.489372 11852 master_component.cc:1044] MasterComponent: complete regularizing model pwt
I1006 08:17:34.490375 11852 master_component.cc:1512] NormalizeModelArgs: pwt_target_name=pwt, nwt_source_name=nwt, rwt_source_name=rwt
I1006 08:17:34.490375 11852 master_component.cc:1048] MasterComponent: start normalizing model nwt
I1006 08:17:34.525372 11852 master_component.cc:1087] MasterComponent: complete normalizing model nwt
I1006 08:17:34.630371 11852 master_component.cc:1536] DisposeModel rwt
I1006 08:17:34.639371 11852 master_component.cc:1115] FitOffline: ItemsProcessed, num_items=1728, num_batches=2, token_weight=808522, token_weight_in_effect=808522
I1006 08:17:34.639371 11852 c_interface.cc:389] Pass FitOfflineMasterModelArgs, batch_filename_size=2, batch_weight_size=2, num_collection_passes=1, reset_nwt=yes to void (__cdecl artm::core::MasterComponent::*)(class artm::FitOfflineMasterModelArgs const & __ptr64) __ptr64
I1006 08:17:34.639371 11852 master_component.cc:1461] ProcessBatchesArgs: nwt_target_name=nwt, batch_filename_size=2, batch_size=0, batch_weight_size=2, pwt_source_name=pwt, num_document_passes=1, regularizer=(name:SmoothBcg, tau:100000), reuse_theta=no, opt_for_avx=yes, predict_class_id=, reset_nwt=yes
I1006 08:17:34.660370 20428 processor.cc:81] Processing queue has data, processing started
I1006 08:17:34.660370 19200 processor.cc:81] Processing queue has data, processing started
I1006 08:17:34.678361 20428 processor.cc:158] Processor: start processing batch e41facce-f06d-4c62-a00f-dc325b15196d into model nwt
I1006 08:17:34.691360 19200 processor.cc:158] Processor: start processing batch f5a1bf36-ac49-4e25-95d6-56cabf2e5f4d into model nwt
I1006 08:17:34.880371 20428 processor.cc:285] Processor: complete processing batch e41facce-f06d-4c62-a00f-dc325b15196d into model nwt
I1006 08:17:34.883363 20428 cuckoo_watch.h:45] 223ms in ProcessBatch(postnauka_batches\aaaaaa.batch) [including 17ms in LoadMessage; 0ms in InitializeTheta; 0ms in CreateRegularizerAgents; 12ms in InitializeSparseNdw; 98ms in InferThetaAndUpdateNwtSparse; 0ms in UpdateCacheEntry; 90ms in CalculateScore(^^^ItemsProcessedScore^^^); ]
I1006 08:17:34.915361 20428 processor.cc:74] No data in processing queue, waiting...
I1006 08:17:35.091361 19200 processor.cc:285] Processor: complete processing batch f5a1bf36-ac49-4e25-95d6-56cabf2e5f4d into model nwt
I1006 08:17:35.097371 19200 cuckoo_watch.h:45] 437ms in ProcessBatch(postnauka_batches\aaaaab.batch) [including 31ms in LoadMessage; 0ms in InitializeTheta; 0ms in CreateRegularizerAgents; 28ms in InitializeSparseNdw; 182ms in InferThetaAndUpdateNwtSparse; 0ms in UpdateCacheEntry; 187ms in CalculateScore(^^^ItemsProcessedScore^^^); ]
I1006 08:17:35.098376 11852 master_component.cc:1499] RegularizeModelArgs: rwt_target_name=rwt, pwt_source_name=pwt, nwt_source_name=nwt
I1006 08:17:35.098376 11852 master_component.cc:1016] MasterComponent: start regularizing model pwt
I1006 08:17:35.134361 19200 processor.cc:74] No data in processing queue, waiting...
I1006 08:17:35.161371 11852 master_component.cc:1044] MasterComponent: complete regularizing model pwt
I1006 08:17:35.161371 11852 master_component.cc:1512] NormalizeModelArgs: pwt_target_name=pwt, nwt_source_name=nwt, rwt_source_name=rwt
I1006 08:17:35.161371 11852 master_component.cc:1048] MasterComponent: start normalizing model nwt
I1006 08:17:35.195360 11852 master_component.cc:1087] MasterComponent: complete normalizing model nwt
I1006 08:17:35.299371 11852 master_component.cc:1536] DisposeModel rwt
I1006 08:17:35.307371 11852 master_component.cc:1115] FitOffline: ItemsProcessed, num_items=1728, num_batches=2, token_weight=808522, token_weight_in_effect=808522
I1006 08:17:35.307371 11852 c_interface.cc:389] Pass FitOfflineMasterModelArgs, batch_filename_size=2, batch_weight_size=2, num_collection_passes=1, reset_nwt=yes to void (__cdecl artm::core::MasterComponent::*)(class artm::FitOfflineMasterModelArgs const & __ptr64) __ptr64
I1006 08:17:35.307371 11852 master_component.cc:1461] ProcessBatchesArgs: nwt_target_name=nwt, batch_filename_size=2, batch_size=0, batch_weight_size=2, pwt_source_name=pwt, num_document_passes=1, regularizer=(name:SmoothBcg, tau:100000), reuse_theta=no, opt_for_avx=yes, predict_class_id=, reset_nwt=yes
I1006 08:17:35.324375 10080 processor.cc:81] Processing queue has data, processing started
I1006 08:17:35.324375  8080 processor.cc:81] Processing queue has data, processing started
I1006 08:17:35.342363 10080 processor.cc:158] Processor: start processing batch e41facce-f06d-4c62-a00f-dc325b15196d into model nwt
I1006 08:17:35.354360  8080 processor.cc:158] Processor: start processing batch f5a1bf36-ac49-4e25-95d6-56cabf2e5f4d into model nwt
I1006 08:17:35.532374 10080 processor.cc:285] Processor: complete processing batch e41facce-f06d-4c62-a00f-dc325b15196d into model nwt
I1006 08:17:35.536360 10080 cuckoo_watch.h:45] 212ms in ProcessBatch(postnauka_batches\aaaaaa.batch) [including 18ms in LoadMessage; 0ms in InitializeTheta; 0ms in CreateRegularizerAgents; 12ms in InitializeSparseNdw; 88ms in InferThetaAndUpdateNwtSparse; 0ms in UpdateCacheEntry; 89ms in CalculateScore(^^^ItemsProcessedScore^^^); ]
I1006 08:17:35.572376 10080 processor.cc:74] No data in processing queue, waiting...
I1006 08:17:35.747359  8080 processor.cc:285] Processor: complete processing batch f5a1bf36-ac49-4e25-95d6-56cabf2e5f4d into model nwt
I1006 08:17:35.753358  8080 cuckoo_watch.h:45] 429ms in ProcessBatch(postnauka_batches\aaaaab.batch) [including 30ms in LoadMessage; 0ms in InitializeTheta; 0ms in CreateRegularizerAgents; 26ms in InitializeSparseNdw; 177ms in InferThetaAndUpdateNwtSparse; 0ms in UpdateCacheEntry; 188ms in CalculateScore(^^^ItemsProcessedScore^^^); ]
I1006 08:17:35.754359 11852 master_component.cc:1499] RegularizeModelArgs: rwt_target_name=rwt, pwt_source_name=pwt, nwt_source_name=nwt
I1006 08:17:35.754359 11852 master_component.cc:1016] MasterComponent: start regularizing model pwt
I1006 08:17:35.783361  8080 processor.cc:74] No data in processing queue, waiting...
I1006 08:17:35.823371 11852 master_component.cc:1044] MasterComponent: complete regularizing model pwt
I1006 08:17:35.823371 11852 master_component.cc:1512] NormalizeModelArgs: pwt_target_name=pwt, nwt_source_name=nwt, rwt_source_name=rwt
I1006 08:17:35.823371 11852 master_component.cc:1048] MasterComponent: start normalizing model nwt
I1006 08:17:35.860375 11852 master_component.cc:1087] MasterComponent: complete normalizing model nwt
I1006 08:17:35.963361 11852 master_component.cc:1536] DisposeModel rwt
I1006 08:17:35.970374 11852 master_component.cc:1115] FitOffline: ItemsProcessed, num_items=1728, num_batches=2, token_weight=808522, token_weight_in_effect=808522
I1006 08:17:35.970374 11852 c_interface.cc:389] Pass FitOfflineMasterModelArgs, batch_filename_size=2, batch_weight_size=2, num_collection_passes=1, reset_nwt=yes to void (__cdecl artm::core::MasterComponent::*)(class artm::FitOfflineMasterModelArgs const & __ptr64) __ptr64
I1006 08:17:35.971371 11852 master_component.cc:1461] ProcessBatchesArgs: nwt_target_name=nwt, batch_filename_size=2, batch_size=0, batch_weight_size=2, pwt_source_name=pwt, num_document_passes=1, regularizer=(name:SmoothBcg, tau:100000), reuse_theta=no, opt_for_avx=yes, predict_class_id=, reset_nwt=yes
I1006 08:17:35.986371  4512 processor.cc:81] Processing queue has data, processing started
I1006 08:17:35.988370  4340 processor.cc:81] Processing queue has data, processing started
I1006 08:17:36.002372  4512 processor.cc:158] Processor: start processing batch e41facce-f06d-4c62-a00f-dc325b15196d into model nwt
I1006 08:17:36.017360  4340 processor.cc:158] Processor: start processing batch f5a1bf36-ac49-4e25-95d6-56cabf2e5f4d into model nwt
I1006 08:17:36.204375  4512 processor.cc:285] Processor: complete processing batch e41facce-f06d-4c62-a00f-dc325b15196d into model nwt
I1006 08:17:36.207371  4512 cuckoo_watch.h:45] 221ms in ProcessBatch(postnauka_batches\aaaaaa.batch) [including 16ms in LoadMessage; 0ms in InitializeTheta; 0ms in CreateRegularizerAgents; 11ms in InitializeSparseNdw; 89ms in InferThetaAndUpdateNwtSparse; 0ms in UpdateCacheEntry; 101ms in CalculateScore(^^^ItemsProcessedScore^^^); ]
I1006 08:17:36.243371  4512 processor.cc:74] No data in processing queue, waiting...
I1006 08:17:36.440361  4340 processor.cc:285] Processor: complete processing batch f5a1bf36-ac49-4e25-95d6-56cabf2e5f4d into model nwt
