Log file created at: 2020/10/06 08:17:04
Running on machine: DESKTOP-MT7K46O
Log line format: [IWEF]mmdd hh:mm:ss.uuuuuu threadid file:line] msg
I1006 08:17:04.051764 11852 c_interface.cc:127] Logging enabled to .
I1006 08:17:04.052764 11852 c_interface.cc:128] BigARTM version: v0.10.1
I1006 08:17:04.055157 11852 c_interface.cc:271] Pass MasterModelConfig: topic_name_size=0, score_config_size=1, num_processors=0, pwt_name=pwt, nwt_name=nwt, num_document_passes=0, reuse_theta=no, cache_theta=no, opt_for_avx=yes, disk_cache_path= to ArtmCreateMasterModel
I1006 08:17:04.056167 11852 c_interface.cc:274] Creating MasterModel (id=1)...
I1006 08:17:04.058167 11852 collection_parser.cc:771] CollectionParserConfig.num_threads is automatically set to 16
W1006 08:17:04.461166  9664 helpers.cc:231] File already exists: postnauka_batches\aaaaaa.batch
W1006 08:17:04.918193 19800 helpers.cc:231] File already exists: postnauka_batches\aaaaab.batch
I1006 08:17:04.972193 11852 c_interface.cc:375] Pass bf592a4a-662e-4126-98db-28171ccbf33c to void (__cdecl artm::core::MasterComponent::*)(class std::basic_string<char,struct std::char_traits<char>,class std::allocator<char> > const & __ptr64) __ptr64
I1006 08:17:04.972193 11852 c_interface.cc:389] Pass GatherDictionaryArgs: dictionary_target_name=bf592a4a-662e-4126-98db-28171ccbf33c, data_path=postnauka_batches, symmetric_cooc_values=0 to void (__cdecl artm::core::MasterComponent::*)(class artm::GatherDictionaryArgs const & __ptr64) __ptr64
I1006 08:17:04.973194 11852 dictionary_operations.cc:265] Found 2 batches in 'postnauka_batches' folder
I1006 08:17:05.078207 11852 dictionary_operations.cc:331] Find 26866 unique tokens in 1728 items
I1006 08:17:05.123206 11852 dictionary_operations.cc:611] Dictionary name='bf592a4a-662e-4126-98db-28171ccbf33c' contains entries: author:539; text:26327; 
I1006 08:17:05.148195 11852 c_interface.cc:271] Pass MasterModelConfig: topic_name_size=30, score_config_size=1, num_processors=0, pwt_name=pwt, nwt_name=nwt, num_document_passes=10, reuse_theta=no, cache_theta=yes, opt_for_avx=yes, disk_cache_path= to ArtmCreateMasterModel
I1006 08:17:05.148195 11852 instance.cc:401] MasterModelConfig.processors_count is automatically set to 16
I1006 08:17:05.149194 11852 c_interface.cc:274] Creating MasterModel (id=2)...
I1006 08:17:05.149194 19232 processor.cc:58] Processor thread started
I1006 08:17:05.149194  7904 processor.cc:58] Processor thread started
I1006 08:17:05.149194  3576 processor.cc:58] Processor thread started
I1006 08:17:05.149194 19364 processor.cc:58] Processor thread started
I1006 08:17:05.150195  3692 processor.cc:58] Processor thread started
I1006 08:17:05.150195  4340 processor.cc:58] Processor thread started
I1006 08:17:05.150195  4512 processor.cc:58] Processor thread started
I1006 08:17:05.150195 20260 processor.cc:58] Processor thread started
I1006 08:17:05.150195 10080 processor.cc:58] Processor thread started
I1006 08:17:05.150195  8080 processor.cc:58] Processor thread started
I1006 08:17:05.150195 12040 processor.cc:58] Processor thread started
I1006 08:17:05.150195 10908 processor.cc:58] Processor thread started
I1006 08:17:05.150195 20428 processor.cc:58] Processor thread started
I1006 08:17:05.151196 19200 processor.cc:58] Processor thread started
I1006 08:17:05.151196 14608 processor.cc:58] Processor thread started
I1006 08:17:05.151196 11796 processor.cc:58] Processor thread started
I1006 08:17:05.179194  3576 processor.cc:74] No data in processing queue, waiting...
I1006 08:17:05.179194 19232 processor.cc:74] No data in processing queue, waiting...
I1006 08:17:05.179194 19364 processor.cc:74] No data in processing queue, waiting...
I1006 08:17:05.179194  7904 processor.cc:74] No data in processing queue, waiting...
I1006 08:17:05.180197 10080 processor.cc:74] No data in processing queue, waiting...
I1006 08:17:05.180197 10908 processor.cc:74] No data in processing queue, waiting...
I1006 08:17:05.180197 20260 processor.cc:74] No data in processing queue, waiting...
I1006 08:17:05.180197  8080 processor.cc:74] No data in processing queue, waiting...
I1006 08:17:05.180197  3692 processor.cc:74] No data in processing queue, waiting...
I1006 08:17:05.180197  4512 processor.cc:74] No data in processing queue, waiting...
I1006 08:17:05.180197 12040 processor.cc:74] No data in processing queue, waiting...
I1006 08:17:05.180197  4340 processor.cc:74] No data in processing queue, waiting...
I1006 08:17:05.180197 20428 processor.cc:74] No data in processing queue, waiting...
I1006 08:17:05.182194 11796 processor.cc:74] No data in processing queue, waiting...
I1006 08:17:05.182194 14608 processor.cc:74] No data in processing queue, waiting...
I1006 08:17:05.182194 19200 processor.cc:74] No data in processing queue, waiting...
I1006 08:17:08.395288 11852 c_interface.cc:271] Pass MasterModelConfig: topic_name_size=0, score_config_size=1, num_processors=0, pwt_name=pwt, nwt_name=nwt, num_document_passes=0, reuse_theta=no, cache_theta=no, opt_for_avx=yes, disk_cache_path= to ArtmCreateMasterModel
I1006 08:17:08.395288 11852 c_interface.cc:274] Creating MasterModel (id=3)...
I1006 08:17:08.395288 11852 c_interface.cc:375] Pass 6783a5a9-021d-4f9c-82fd-6ab1dde6e723 to void (__cdecl artm::core::MasterComponent::*)(class std::basic_string<char,struct std::char_traits<char>,class std::allocator<char> > const & __ptr64) __ptr64
I1006 08:17:08.395288 11852 c_interface.cc:389] Pass GatherDictionaryArgs: dictionary_target_name=6783a5a9-021d-4f9c-82fd-6ab1dde6e723, data_path=postnauka_batches, symmetric_cooc_values=0 to void (__cdecl artm::core::MasterComponent::*)(class artm::GatherDictionaryArgs const & __ptr64) __ptr64
I1006 08:17:08.396286 11852 dictionary_operations.cc:265] Found 2 batches in 'postnauka_batches' folder
I1006 08:17:08.501298 11852 dictionary_operations.cc:331] Find 26866 unique tokens in 1728 items
I1006 08:17:08.551299 11852 dictionary_operations.cc:611] Dictionary name='6783a5a9-021d-4f9c-82fd-6ab1dde6e723' contains entries: author:539; text:26327; 
I1006 08:17:08.551299 11852 c_interface.cc:375] Pass pwt to void (__cdecl artm::core::MasterComponent::*)(class std::basic_string<char,struct std::char_traits<char>,class std::allocator<char> > const & __ptr64) __ptr64
I1006 08:17:08.551299 11852 c_interface.cc:375] Pass nwt to void (__cdecl artm::core::MasterComponent::*)(class std::basic_string<char,struct std::char_traits<char>,class std::allocator<char> > const & __ptr64) __ptr64
I1006 08:17:08.551299 11852 c_interface.cc:389] Pass InitializeModelArgs: model_name=pwt, dictionary_name=6783a5a9-021d-4f9c-82fd-6ab1dde6e723, topic_name_size=30, seed=-1 to void (__cdecl artm::core::MasterComponent::*)(class artm::InitializeModelArgs const & __ptr64) __ptr64
I1006 08:17:08.690282 11852 master_component.cc:702] InitializeModel() created matrix pwt with 30 topics and 26866 tokens; 
I1006 08:17:08.690282 11852 c_interface.cc:389] Pass InitializeModelArgs: model_name=nwt, dictionary_name=6783a5a9-021d-4f9c-82fd-6ab1dde6e723, topic_name_size=30, seed=-1 to void (__cdecl artm::core::MasterComponent::*)(class artm::InitializeModelArgs const & __ptr64) __ptr64
I1006 08:17:08.832298 11852 master_component.cc:702] InitializeModel() created matrix nwt with 30 topics and 26866 tokens; 
I1006 08:17:08.832298 11852 c_interface.cc:231] ArtmCopyRequestedMessage is copying 309 bytes...
I1006 08:17:12.003751 11852 c_interface.cc:389] Pass MasterModelConfig: topic_name_size=30, score_config_size=2, num_processors=0, pwt_name=pwt, nwt_name=nwt, num_document_passes=10, reuse_theta=no, cache_theta=yes, opt_for_avx=yes, disk_cache_path= to void (__cdecl artm::core::MasterComponent::*)(class artm::MasterModelConfig const & __ptr64) __ptr64
I1006 08:17:12.003751 11852 instance.cc:401] MasterModelConfig.processors_count is automatically set to 16
I1006 08:17:12.004752 11852 c_interface.cc:389] Pass MasterModelConfig: topic_name_size=30, score_config_size=3, num_processors=0, pwt_name=pwt, nwt_name=nwt, num_document_passes=10, reuse_theta=no, cache_theta=yes, opt_for_avx=yes, disk_cache_path= to void (__cdecl artm::core::MasterComponent::*)(class artm::MasterModelConfig const & __ptr64) __ptr64
I1006 08:17:12.004752 11852 instance.cc:401] MasterModelConfig.processors_count is automatically set to 16
I1006 08:17:14.676448 11852 c_interface.cc:389] Pass MasterModelConfig: topic_name_size=30, score_config_size=3, num_processors=0, pwt_name=pwt, nwt_name=nwt, num_document_passes=10, regularizer=(SmoothBcg:100000), reuse_theta=no, cache_theta=yes, opt_for_avx=yes, disk_cache_path= to void (__cdecl artm::core::MasterComponent::*)(class artm::MasterModelConfig const & __ptr64) __ptr64
I1006 08:17:14.676448 11852 instance.cc:401] MasterModelConfig.processors_count is automatically set to 16
I1006 08:17:14.676448 11852 instance.cc:232] Regularizer 'SmoothBcg' was cold-reconfigured
I1006 08:17:16.779810 11852 c_interface.cc:389] Pass MasterModelConfig: topic_name_size=30, score_config_size=3, num_processors=0, pwt_name=pwt, nwt_name=nwt, num_document_passes=1, regularizer=(SmoothBcg:100000), reuse_theta=no, cache_theta=yes, opt_for_avx=yes, disk_cache_path= to void (__cdecl artm::core::MasterComponent::*)(class artm::MasterModelConfig const & __ptr64) __ptr64
I1006 08:17:16.779810 11852 instance.cc:401] MasterModelConfig.processors_count is automatically set to 16
I1006 08:17:16.779810 11852 instance.cc:232] Regularizer 'SmoothBcg' was cold-reconfigured
I1006 08:17:16.783810 11852 c_interface.cc:389] Pass FitOfflineMasterModelArgs, batch_filename_size=2, batch_weight_size=2, num_collection_passes=1, reset_nwt=yes to void (__cdecl artm::core::MasterComponent::*)(class artm::FitOfflineMasterModelArgs const & __ptr64) __ptr64
I1006 08:17:16.783810 11852 master_component.cc:1461] ProcessBatchesArgs: nwt_target_name=nwt, batch_filename_size=2, batch_size=0, batch_weight_size=2, pwt_source_name=pwt, num_document_passes=1, regularizer=(name:SmoothBcg, tau:100000), reuse_theta=no, opt_for_avx=yes, predict_class_id=, reset_nwt=yes
I1006 08:17:16.796809 11852 master_component.cc:866] Batches count (=2) is smaller than num processors (=16), which may cause suboptimal performance.
I1006 08:17:16.797811 20428 processor.cc:81] Processing queue has data, processing started
I1006 08:17:16.797811 10080 processor.cc:81] Processing queue has data, processing started
I1006 08:17:16.816808 10080 processor.cc:158] Processor: start processing batch e41facce-f06d-4c62-a00f-dc325b15196d into model nwt
I1006 08:17:16.833809 20428 processor.cc:158] Processor: start processing batch f5a1bf36-ac49-4e25-95d6-56cabf2e5f4d into model nwt
I1006 08:17:17.007809 10080 processor.cc:285] Processor: complete processing batch e41facce-f06d-4c62-a00f-dc325b15196d into model nwt
I1006 08:17:17.011807 10080 cuckoo_watch.h:45] 214ms in ProcessBatch(postnauka_batches\aaaaaa.batch) [including 19ms in LoadMessage; 0ms in InitializeTheta; 0ms in CreateRegularizerAgents; 12ms in InitializeSparseNdw; 88ms in InferThetaAndUpdateNwtSparse; 0ms in UpdateCacheEntry; 88ms in CalculateScore(^^^ItemsProcessedScore^^^); ]
I1006 08:17:17.040808 10080 processor.cc:74] No data in processing queue, waiting...
I1006 08:17:17.220808 20428 processor.cc:285] Processor: complete processing batch f5a1bf36-ac49-4e25-95d6-56cabf2e5f4d into model nwt
I1006 08:17:17.228812 20428 cuckoo_watch.h:45] 431ms in ProcessBatch(postnauka_batches\aaaaab.batch) [including 36ms in LoadMessage; 0ms in InitializeTheta; 0ms in CreateRegularizerAgents; 26ms in InitializeSparseNdw; 175ms in InferThetaAndUpdateNwtSparse; 0ms in UpdateCacheEntry; 183ms in CalculateScore(^^^ItemsProcessedScore^^^); ]
I1006 08:17:17.230809 11852 master_component.cc:1499] RegularizeModelArgs: rwt_target_name=rwt, pwt_source_name=pwt, nwt_source_name=nwt
I1006 08:17:17.230809 11852 master_component.cc:1016] MasterComponent: start regularizing model pwt
I1006 08:17:17.255810 20428 processor.cc:74] No data in processing queue, waiting...
I1006 08:17:17.294812 11852 master_component.cc:1044] MasterComponent: complete regularizing model pwt
I1006 08:17:17.294812 11852 master_component.cc:1512] NormalizeModelArgs: pwt_target_name=pwt, nwt_source_name=nwt, rwt_source_name=rwt
I1006 08:17:17.294812 11852 master_component.cc:1048] MasterComponent: start normalizing model nwt
I1006 08:17:17.327808 11852 master_component.cc:1087] MasterComponent: complete normalizing model nwt
I1006 08:17:17.426808 11852 master_component.cc:1536] DisposeModel rwt
I1006 08:17:17.434808 11852 master_component.cc:1115] FitOffline: ItemsProcessed, num_items=1728, num_batches=2, token_weight=808522, token_weight_in_effect=808522
I1006 08:17:17.435808 11852 c_interface.cc:389] Pass FitOfflineMasterModelArgs, batch_filename_size=2, batch_weight_size=2, num_collection_passes=1, reset_nwt=yes to void (__cdecl artm::core::MasterComponent::*)(class artm::FitOfflineMasterModelArgs const & __ptr64) __ptr64
I1006 08:17:17.435808 11852 master_component.cc:1461] ProcessBatchesArgs: nwt_target_name=nwt, batch_filename_size=2, batch_size=0, batch_weight_size=2, pwt_source_name=pwt, num_document_passes=1, regularizer=(name:SmoothBcg, tau:100000), reuse_theta=no, opt_for_avx=yes, predict_class_id=, reset_nwt=yes
I1006 08:17:17.451808 10080 processor.cc:81] Processing queue has data, processing started
I1006 08:17:17.451808 20260 processor.cc:81] Processing queue has data, processing started
I1006 08:17:17.469815 10080 processor.cc:158] Processor: start processing batch e41facce-f06d-4c62-a00f-dc325b15196d into model nwt
I1006 08:17:17.484808 20260 processor.cc:158] Processor: start processing batch f5a1bf36-ac49-4e25-95d6-56cabf2e5f4d into model nwt
I1006 08:17:17.651809 10080 processor.cc:285] Processor: complete processing batch e41facce-f06d-4c62-a00f-dc325b15196d into model nwt
I1006 08:17:17.655809 10080 cuckoo_watch.h:45] 204ms in ProcessBatch(postnauka_batches\aaaaaa.batch) [including 18ms in LoadMessage; 0ms in InitializeTheta; 0ms in CreateRegularizerAgents; 12ms in InitializeSparseNdw; 87ms in InferThetaAndUpdateNwtSparse; 0ms in UpdateCacheEntry; 82ms in CalculateScore(^^^ItemsProcessedScore^^^); ]
I1006 08:17:17.681808 10080 processor.cc:74] No data in processing queue, waiting...
I1006 08:17:17.875808 20260 processor.cc:285] Processor: complete processing batch f5a1bf36-ac49-4e25-95d6-56cabf2e5f4d into model nwt
I1006 08:17:17.883810 20260 cuckoo_watch.h:45] 432ms in ProcessBatch(postnauka_batches\aaaaab.batch) [including 33ms in LoadMessage; 0ms in InitializeTheta; 0ms in CreateRegularizerAgents; 27ms in InitializeSparseNdw; 174ms in InferThetaAndUpdateNwtSparse; 0ms in UpdateCacheEntry; 188ms in CalculateScore(^^^ItemsProcessedScore^^^); ]
I1006 08:17:17.884809 11852 master_component.cc:1499] RegularizeModelArgs: rwt_target_name=rwt, pwt_source_name=pwt, nwt_source_name=nwt
I1006 08:17:17.884809 11852 master_component.cc:1016] MasterComponent: start regularizing model pwt
I1006 08:17:17.914820 20260 processor.cc:74] No data in processing queue, waiting...
I1006 08:17:17.949811 11852 master_component.cc:1044] MasterComponent: complete regularizing model pwt
I1006 08:17:17.949811 11852 master_component.cc:1512] NormalizeModelArgs: pwt_target_name=pwt, nwt_source_name=nwt, rwt_source_name=rwt
I1006 08:17:17.949811 11852 master_component.cc:1048] MasterComponent: start normalizing model nwt
I1006 08:17:17.978808 11852 master_component.cc:1087] MasterComponent: complete normalizing model nwt
I1006 08:17:18.082808 11852 master_component.cc:1536] DisposeModel rwt
I1006 08:17:18.091809 11852 master_component.cc:1115] FitOffline: ItemsProcessed, num_items=1728, num_batches=2, token_weight=808522, token_weight_in_effect=808522
I1006 08:17:18.091809 11852 c_interface.cc:389] Pass FitOfflineMasterModelArgs, batch_filename_size=2, batch_weight_size=2, num_collection_passes=1, reset_nwt=yes to void (__cdecl artm::core::MasterComponent::*)(class artm::FitOfflineMasterModelArgs const & __ptr64) __ptr64
I1006 08:17:18.091809 11852 master_component.cc:1461] ProcessBatchesArgs: nwt_target_name=nwt, batch_filename_size=2, batch_size=0, batch_weight_size=2, pwt_source_name=pwt, num_document_passes=1, regularizer=(name:SmoothBcg, tau:100000), reuse_theta=no, opt_for_avx=yes, predict_class_id=, reset_nwt=yes
I1006 08:17:18.108808 12040 processor.cc:81] Processing queue has data, processing started
I1006 08:17:18.108808 19364 processor.cc:81] Processing queue has data, processing started
I1006 08:17:18.129808 12040 processor.cc:158] Processor: start processing batch e41facce-f06d-4c62-a00f-dc325b15196d into model nwt
I1006 08:17:18.143853 19364 processor.cc:158] Processor: start processing batch f5a1bf36-ac49-4e25-95d6-56cabf2e5f4d into model nwt
I1006 08:17:18.324808 12040 processor.cc:285] Processor: complete processing batch e41facce-f06d-4c62-a00f-dc325b15196d into model nwt
I1006 08:17:18.327808 12040 cuckoo_watch.h:45] 219ms in ProcessBatch(postnauka_batches\aaaaaa.batch) [including 21ms in LoadMessage; 0ms in InitializeTheta; 0ms in CreateRegularizerAgents; 12ms in InitializeSparseNdw; 88ms in InferThetaAndUpdateNwtSparse; 0ms in UpdateCacheEntry; 91ms in CalculateScore(^^^ItemsProcessedScore^^^); ]
I1006 08:17:18.353809 12040 processor.cc:74] No data in processing queue, waiting...
I1006 08:17:18.542809 19364 processor.cc:285] Processor: complete processing batch f5a1bf36-ac49-4e25-95d6-56cabf2e5f4d into model nwt
I1006 08:17:18.548808 19364 cuckoo_watch.h:45] 440ms in ProcessBatch(postnauka_batches\aaaaab.batch) [including 35ms in LoadMessage; 0ms in InitializeTheta; 0ms in CreateRegularizerAgents; 25ms in InitializeSparseNdw; 175ms in InferThetaAndUpdateNwtSparse; 0ms in UpdateCacheEntry; 196ms in CalculateScore(^^^ItemsProcessedScore^^^); ]
I1006 08:17:18.549809 11852 master_component.cc:1499] RegularizeModelArgs: rwt_target_name=rwt, pwt_source_name=pwt, nwt_source_name=nwt
I1006 08:17:18.549809 11852 master_component.cc:1016] MasterComponent: start regularizing model pwt
I1006 08:17:18.576809 19364 processor.cc:74] No data in processing queue, waiting...
I1006 08:17:18.611809 11852 master_component.cc:1044] MasterComponent: complete regularizing model pwt
I1006 08:17:18.612807 11852 master_component.cc:1512] NormalizeModelArgs: pwt_target_name=pwt, nwt_source_name=nwt, rwt_source_name=rwt
I1006 08:17:18.612807 11852 master_component.cc:1048] MasterComponent: start normalizing model nwt
I1006 08:17:18.641808 11852 master_component.cc:1087] MasterComponent: complete normalizing model nwt
I1006 08:17:18.739809 11852 master_component.cc:1536] DisposeModel rwt
I1006 08:17:18.748808 11852 master_component.cc:1115] FitOffline: ItemsProcessed, num_items=1728, num_batches=2, token_weight=808522, token_weight_in_effect=808522
I1006 08:17:18.748808 11852 c_interface.cc:389] Pass FitOfflineMasterModelArgs, batch_filename_size=2, batch_weight_size=2, num_collection_passes=1, reset_nwt=yes to void (__cdecl artm::core::MasterComponent::*)(class artm::FitOfflineMasterModelArgs const & __ptr64) __ptr64
I1006 08:17:18.748808 11852 master_component.cc:1461] ProcessBatchesArgs: nwt_target_name=nwt, batch_filename_size=2, batch_size=0, batch_weight_size=2, pwt_source_name=pwt, num_document_passes=1, regularizer=(name:SmoothBcg, tau:100000), reuse_theta=no, opt_for_avx=yes, predict_class_id=, reset_nwt=yes
I1006 08:17:18.763808  7904 processor.cc:81] Processing queue has data, processing started
I1006 08:17:18.763808 20260 processor.cc:81] Processing queue has data, processing started
I1006 08:17:18.781811 20260 processor.cc:158] Processor: start processing batch e41facce-f06d-4c62-a00f-dc325b15196d into model nwt
I1006 08:17:18.794809  7904 processor.cc:158] Processor: start processing batch f5a1bf36-ac49-4e25-95d6-56cabf2e5f4d into model nwt
I1006 08:17:18.965808 20260 processor.cc:285] Processor: complete processing batch e41facce-f06d-4c62-a00f-dc325b15196d into model nwt
I1006 08:17:18.969810 20260 cuckoo_watch.h:45] 205ms in ProcessBatch(postnauka_batches\aaaaaa.batch) [including 18ms in LoadMessage; 0ms in InitializeTheta; 0ms in CreateRegularizerAgents; 13ms in InitializeSparseNdw; 86ms in InferThetaAndUpdateNwtSparse; 0ms in UpdateCacheEntry; 82ms in CalculateScore(^^^ItemsProcessedScore^^^); ]
I1006 08:17:18.999810 20260 processor.cc:74] No data in processing queue, waiting...
I1006 08:17:19.202809  7904 processor.cc:285] Processor: complete processing batch f5a1bf36-ac49-4e25-95d6-56cabf2e5f4d into model nwt
I1006 08:17:19.208809  7904 cuckoo_watch.h:45] 445ms in ProcessBatch(postnauka_batches\aaaaab.batch) [including 31ms in LoadMessage; 0ms in InitializeTheta; 0ms in CreateRegularizerAgents; 26ms in InitializeSparseNdw; 174ms in InferThetaAndUpdateNwtSparse; 0ms in UpdateCacheEntry; 206ms in CalculateScore(^^^ItemsProcessedScore^^^); ]
I1006 08:17:19.210808 11852 master_component.cc:1499] RegularizeModelArgs: rwt_target_name=rwt, pwt_source_name=pwt, nwt_source_name=nwt
I1006 08:17:19.210808 11852 master_component.cc:1016] MasterComponent: start regularizing model pwt
I1006 08:17:19.237809  7904 processor.cc:74] No data in processing queue, waiting...
I1006 08:17:19.271808 11852 master_component.cc:1044] MasterComponent: complete regularizing model pwt
I1006 08:17:19.271808 11852 master_component.cc:1512] NormalizeModelArgs: pwt_target_name=pwt, nwt_source_name=nwt, rwt_source_name=rwt
I1006 08:17:19.271808 11852 master_component.cc:1048] MasterComponent: start normalizing model nwt
I1006 08:17:19.300808 11852 master_component.cc:1087] MasterComponent: complete normalizing model nwt
I1006 08:17:19.390808 11852 master_component.cc:1536] DisposeModel rwt
I1006 08:17:19.398808 11852 master_component.cc:1115] FitOffline: ItemsProcessed, num_items=1728, num_batches=2, token_weight=808522, token_weight_in_effect=808522
I1006 08:17:19.398808 11852 c_interface.cc:389] Pass FitOfflineMasterModelArgs, batch_filename_size=2, batch_weight_size=2, num_collection_passes=1, reset_nwt=yes to void (__cdecl artm::core::MasterComponent::*)(class artm::FitOfflineMasterModelArgs const & __ptr64) __ptr64
I1006 08:17:19.398808 11852 master_component.cc:1461] ProcessBatchesArgs: nwt_target_name=nwt, batch_filename_size=2, batch_size=0, batch_weight_size=2, pwt_source_name=pwt, num_document_passes=1, regularizer=(name:SmoothBcg, tau:100000), reuse_theta=no, opt_for_avx=yes, predict_class_id=, reset_nwt=yes
I1006 08:17:19.412808 14608 processor.cc:81] Processing queue has data, processing started
I1006 08:17:19.412808  4340 processor.cc:81] Processing queue has data, processing started
I1006 08:17:19.428807 14608 processor.cc:158] Processor: start processing batch e41facce-f06d-4c62-a00f-dc325b15196d into model nwt
I1006 08:17:19.451808  4340 processor.cc:158] Processor: start processing batch f5a1bf36-ac49-4e25-95d6-56cabf2e5f4d into model nwt
I1006 08:17:19.625808 14608 processor.cc:285] Processor: complete processing batch e41facce-f06d-4c62-a00f-dc325b15196d into model nwt
I1006 08:17:19.628808 14608 cuckoo_watch.h:45] 216ms in ProcessBatch(postnauka_batches\aaaaaa.batch) [including 16ms in LoadMessage; 0ms in InitializeTheta; 0ms in CreateRegularizerAgents; 17ms in InitializeSparseNdw; 89ms in InferThetaAndUpdateNwtSparse; 0ms in UpdateCacheEntry; 89ms in CalculateScore(^^^ItemsProcessedScore^^^); ]
I1006 08:17:19.658807 14608 processor.cc:74] No data in processing queue, waiting...
I1006 08:17:19.855809  4340 processor.cc:285] Processor: complete processing batch f5a1bf36-ac49-4e25-95d6-56cabf2e5f4d into model nwt
I1006 08:17:19.862821  4340 cuckoo_watch.h:45] 450ms in ProcessBatch(postnauka_batches\aaaaab.batch) [including 38ms in LoadMessage; 0ms in InitializeTheta; 0ms in CreateRegularizerAgents; 30ms in InitializeSparseNdw; 189ms in InferThetaAndUpdateNwtSparse; 0ms in UpdateCacheEntry; 182ms in CalculateScore(^^^ItemsProcessedScore^^^); ]
I1006 08:17:19.864820 11852 master_component.cc:1499] RegularizeModelArgs: rwt_target_name=rwt, pwt_source_name=pwt, nwt_source_name=nwt
I1006 08:17:19.864820 11852 master_component.cc:1016] MasterComponent: start regularizing model pwt
I1006 08:17:19.892820  4340 processor.cc:74] No data in processing queue, waiting...
I1006 08:17:19.925819 11852 master_component.cc:1044] MasterComponent: complete regularizing model pwt
I1006 08:17:19.925819 11852 master_component.cc:1512] NormalizeModelArgs: pwt_target_name=pwt, nwt_source_name=nwt, rwt_source_name=rwt
I1006 08:17:19.925819 11852 master_component.cc:1048] MasterComponent: start normalizing model nwt
I1006 08:17:19.953819 11852 master_component.cc:1087] MasterComponent: complete normalizing model nwt
I1006 08:17:20.055812 11852 master_component.cc:1536] DisposeModel rwt
I1006 08:17:20.062819 11852 master_component.cc:1115] FitOffline: ItemsProcessed, num_items=1728, num_batches=2, token_weight=808522, token_weight_in_effect=808522
I1006 08:17:20.062819 11852 c_interface.cc:389] Pass FitOfflineMasterModelArgs, batch_filename_size=2, batch_weight_size=2, num_collection_passes=1, reset_nwt=yes to void (__cdecl artm::core::MasterComponent::*)(class artm::FitOfflineMasterModelArgs const & __ptr64) __ptr64
I1006 08:17:20.062819 11852 master_component.cc:1461] ProcessBatchesArgs: nwt_target_name=nwt, batch_filename_size=2, batch_size=0, batch_weight_size=2, pwt_source_name=pwt, num_document_passes=1, regularizer=(name:SmoothBcg, tau:100000), reuse_theta=no, opt_for_avx=yes, predict_class_id=, reset_nwt=yes
I1006 08:17:20.077807 10908 processor.cc:81] Processing queue has data, processing started
I1006 08:17:20.078814  4512 processor.cc:81] Processing queue has data, processing started
I1006 08:17:20.094820 10908 processor.cc:158] Processor: start processing batch e41facce-f06d-4c62-a00f-dc325b15196d into model nwt
I1006 08:17:20.110819  4512 processor.cc:158] Processor: start processing batch f5a1bf36-ac49-4e25-95d6-56cabf2e5f4d into model nwt
I1006 08:17:20.285809 10908 processor.cc:285] Processor: complete processing batch e41facce-f06d-4c62-a00f-dc325b15196d into model nwt
I1006 08:17:20.288810 10908 cuckoo_watch.h:45] 211ms in ProcessBatch(postnauka_batches\aaaaaa.batch) [including 17ms in LoadMessage; 0ms in InitializeTheta; 0ms in CreateRegularizerAgents; 12ms in InitializeSparseNdw; 87ms in InferThetaAndUpdateNwtSparse; 0ms in UpdateCacheEntry; 90ms in CalculateScore(^^^ItemsProcessedScore^^^); ]
I1006 08:17:20.318820 10908 processor.cc:74] No data in processing queue, waiting...
I1006 08:17:20.495810  4512 processor.cc:285] Processor: complete processing batch f5a1bf36-ac49-4e25-95d6-56cabf2e5f4d into model nwt
I1006 08:17:20.501821  4512 cuckoo_watch.h:45] 423ms in ProcessBatch(postnauka_batches\aaaaab.batch) [including 32ms in LoadMessage; 0ms in InitializeTheta; 0ms in CreateRegularizerAgents; 26ms in InitializeSparseNdw; 171ms in InferThetaAndUpdateNwtSparse; 0ms in UpdateCacheEntry; 186ms in CalculateScore(^^^ItemsProcessedScore^^^); ]
I1006 08:17:20.503820 11852 master_component.cc:1499] RegularizeModelArgs: rwt_target_name=rwt, pwt_source_name=pwt, nwt_source_name=nwt
I1006 08:17:20.503820 11852 master_component.cc:1016] MasterComponent: start regularizing model pwt
I1006 08:17:20.538821  4512 processor.cc:74] No data in processing queue, waiting...
I1006 08:17:20.565820 11852 master_component.cc:1044] MasterComponent: complete regularizing model pwt
I1006 08:17:20.565820 11852 master_component.cc:1512] NormalizeModelArgs: pwt_target_name=pwt, nwt_source_name=nwt, rwt_source_name=rwt
I1006 08:17:20.565820 11852 master_component.cc:1048] MasterComponent: start normalizing model nwt
I1006 08:17:20.594820 11852 master_component.cc:1087] MasterComponent: complete normalizing model nwt
I1006 08:17:20.698809 11852 master_component.cc:1536] DisposeModel rwt
I1006 08:17:20.707808 11852 master_component.cc:1115] FitOffline: ItemsProcessed, num_items=1728, num_batches=2, token_weight=808522, token_weight_in_effect=808522
I1006 08:17:20.707808 11852 c_interface.cc:389] Pass FitOfflineMasterModelArgs, batch_filename_size=2, batch_weight_size=2, num_collection_passes=1, reset_nwt=yes to void (__cdecl artm::core::MasterComponent::*)(class artm::FitOfflineMasterModelArgs const & __ptr64) __ptr64
I1006 08:17:20.707808 11852 master_component.cc:1461] ProcessBatchesArgs: nwt_target_name=nwt, batch_filename_size=2, batch_size=0, batch_weight_size=2, pwt_source_name=pwt, num_document_passes=1, regularizer=(name:SmoothBcg, tau:100000), reuse_theta=no, opt_for_avx=yes, predict_class_id=, reset_nwt=yes
I1006 08:17:20.722820 19364 processor.cc:81] Processing queue has data, processing started
I1006 08:17:20.722820 19200 processor.cc:81] Processing queue has data, processing started
I1006 08:17:20.738821 19200 processor.cc:158] Processor: start processing batch e41facce-f06d-4c62-a00f-dc325b15196d into model nwt
I1006 08:17:20.757820 19364 processor.cc:158] Processor: start processing batch f5a1bf36-ac49-4e25-95d6-56cabf2e5f4d into model nwt
I1006 08:17:20.930807 19200 processor.cc:285] Processor: complete processing batch e41facce-f06d-4c62-a00f-dc325b15196d into model nwt
I1006 08:17:20.934810 19200 cuckoo_watch.h:45] 212ms in ProcessBatch(postnauka_batches\aaaaaa.batch) [including 16ms in LoadMessage; 0ms in InitializeTheta; 0ms in CreateRegularizerAgents; 12ms in InitializeSparseNdw; 84ms in InferThetaAndUpdateNwtSparse; 0ms in UpdateCacheEntry; 93ms in CalculateScore(^^^ItemsProcessedScore^^^); ]
I1006 08:17:20.967810 19200 processor.cc:74] No data in processing queue, waiting...
I1006 08:17:21.143808 19364 processor.cc:285] Processor: complete processing batch f5a1bf36-ac49-4e25-95d6-56cabf2e5f4d into model nwt
I1006 08:17:21.149819 19364 cuckoo_watch.h:45] 427ms in ProcessBatch(postnauka_batches\aaaaab.batch) [including 35ms in LoadMessage; 0ms in InitializeTheta; 0ms in CreateRegularizerAgents; 25ms in InitializeSparseNdw; 177ms in InferThetaAndUpdateNwtSparse; 0ms in UpdateCacheEntry; 181ms in CalculateScore(^^^ItemsProcessedScore^^^); ]
I1006 08:17:21.150820 11852 master_component.cc:1499] RegularizeModelArgs: rwt_target_name=rwt, pwt_source_name=pwt, nwt_source_name=nwt
I1006 08:17:21.150820 11852 master_component.cc:1016] MasterComponent: start regularizing model pwt
I1006 08:17:21.178807 19364 processor.cc:74] No data in processing queue, waiting...
I1006 08:17:21.212819 11852 master_component.cc:1044] MasterComponent: complete regularizing model pwt
I1006 08:17:21.212819 11852 master_component.cc:1512] NormalizeModelArgs: pwt_target_name=pwt, nwt_source_name=nwt, rwt_source_name=rwt
I1006 08:17:21.212819 11852 master_component.cc:1048] MasterComponent: start normalizing model nwt
I1006 08:17:21.242820 11852 master_component.cc:1087] MasterComponent: complete normalizing model nwt
I1006 08:17:21.340821 11852 master_component.cc:1536] DisposeModel rwt
I1006 08:17:21.347812 11852 master_component.cc:1115] FitOffline: ItemsProcessed, num_items=1728, num_batches=2, token_weight=808522, token_weight_in_effect=808522
I1006 08:17:21.347812 11852 c_interface.cc:389] Pass FitOfflineMasterModelArgs, batch_filename_size=2, batch_weight_size=2, num_collection_passes=1, reset_nwt=yes to void (__cdecl artm::core::MasterComponent::*)(class artm::FitOfflineMasterModelArgs const & __ptr64) __ptr64
I1006 08:17:21.347812 11852 master_component.cc:1461] ProcessBatchesArgs: nwt_target_name=nwt, batch_filename_size=2, batch_size=0, batch_weight_size=2, pwt_source_name=pwt, num_document_passes=1, regularizer=(name:SmoothBcg, tau:100000), reuse_theta=no, opt_for_avx=yes, predict_class_id=, reset_nwt=yes
I1006 08:17:21.364820 14608 processor.cc:81] Processing queue has data, processing started
I1006 08:17:21.364820  4340 processor.cc:81] Processing queue has data, processing started
I1006 08:17:21.380811  4340 processor.cc:158] Processor: start processing batch e41facce-f06d-4c62-a00f-dc325b15196d into model nwt
I1006 08:17:21.394821 14608 processor.cc:158] Processor: start processing batch f5a1bf36-ac49-4e25-95d6-56cabf2e5f4d into model nwt
I1006 08:17:21.596810  4340 processor.cc:285] Processor: complete processing batch e41facce-f06d-4c62-a00f-dc325b15196d into model nwt
I1006 08:17:21.599809  4340 cuckoo_watch.h:45] 235ms in ProcessBatch(postnauka_batches\aaaaaa.batch) [including 16ms in LoadMessage; 0ms in InitializeTheta; 0ms in CreateRegularizerAgents; 12ms in InitializeSparseNdw; 115ms in InferThetaAndUpdateNwtSparse; 0ms in UpdateCacheEntry; 87ms in CalculateScore(^^^ItemsProcessedScore^^^); ]
I1006 08:17:21.631820  4340 processor.cc:74] No data in processing queue, waiting...
I1006 08:17:21.799820 14608 processor.cc:285] Processor: complete processing batch f5a1bf36-ac49-4e25-95d6-56cabf2e5f4d into model nwt
I1006 08:17:21.805819 14608 cuckoo_watch.h:45] 441ms in ProcessBatch(postnauka_batches\aaaaab.batch) [including 30ms in LoadMessage; 0ms in InitializeTheta; 0ms in CreateRegularizerAgents; 28ms in InitializeSparseNdw; 184ms in InferThetaAndUpdateNwtSparse; 0ms in UpdateCacheEntry; 191ms in CalculateScore(^^^ItemsProcessedScore^^^); ]
I1006 08:17:21.807808 11852 master_component.cc:1499] RegularizeModelArgs: rwt_target_name=rwt, pwt_source_name=pwt, nwt_source_name=nwt
I1006 08:17:21.807808 11852 master_component.cc:1016] MasterComponent: start regularizing model pwt
I1006 08:17:21.833811 14608 processor.cc:74] No data in processing queue, waiting...
I1006 08:17:21.872808 11852 master_component.cc:1044] MasterComponent: complete regularizing model pwt
I1006 08:17:21.872808 11852 master_component.cc:1512] NormalizeModelArgs: pwt_target_name=pwt, nwt_source_name=nwt, rwt_source_name=rwt
I1006 08:17:21.872808 11852 master_component.cc:1048] MasterComponent: start normalizing model nwt
I1006 08:17:21.902807 11852 master_component.cc:1087] MasterComponent: complete normalizing model nwt
I1006 08:17:21.995820 11852 master_component.cc:1536] DisposeModel rwt
I1006 08:17:22.002820 11852 master_component.cc:1115] FitOffline: ItemsProcessed, num_items=1728, num_batches=2, token_weight=808522, token_weight_in_effect=808522
I1006 08:17:22.003820 11852 c_interface.cc:389] Pass FitOfflineMasterModelArgs, batch_filename_size=2, batch_weight_size=2, num_collection_passes=1, reset_nwt=yes to void (__cdecl artm::core::MasterComponent::*)(class artm::FitOfflineMasterModelArgs const & __ptr64) __ptr64
I1006 08:17:22.003820 11852 master_component.cc:1461] ProcessBatchesArgs: nwt_target_name=nwt, batch_filename_size=2, batch_size=0, batch_weight_size=2, pwt_source_name=pwt, num_document_passes=1, regularizer=(name:SmoothBcg, tau:100000), reuse_theta=no, opt_for_avx=yes, predict_class_id=, reset_nwt=yes
I1006 08:17:22.019819  3576 processor.cc:81] Processing queue has data, processing started
I1006 08:17:22.021811 12040 processor.cc:81] Processing queue has data, processing started
I1006 08:17:22.037820  3576 processor.cc:158] Processor: start processing batch e41facce-f06d-4c62-a00f-dc325b15196d into model nwt
I1006 08:17:22.053810 12040 processor.cc:158] Processor: start processing batch f5a1bf36-ac49-4e25-95d6-56cabf2e5f4d into model nwt
I1006 08:17:22.235807  3576 processor.cc:285] Processor: complete processing batch e41facce-f06d-4c62-a00f-dc325b15196d into model nwt
I1006 08:17:22.238808  3576 cuckoo_watch.h:45] 219ms in ProcessBatch(postnauka_batches\aaaaaa.batch) [including 18ms in LoadMessage; 0ms in InitializeTheta; 0ms in CreateRegularizerAgents; 12ms in InitializeSparseNdw; 83ms in InferThetaAndUpdateNwtSparse; 0ms in UpdateCacheEntry; 102ms in CalculateScore(^^^ItemsProcessedScore^^^); ]
I1006 08:17:22.266808  3576 processor.cc:74] No data in processing queue, waiting...
I1006 08:17:22.450820 12040 processor.cc:285] Processor: complete processing batch f5a1bf36-ac49-4e25-95d6-56cabf2e5f4d into model nwt
I1006 08:17:22.456820 12040 cuckoo_watch.h:45] 435ms in ProcessBatch(postnauka_batches\aaaaab.batch) [including 32ms in LoadMessage; 0ms in InitializeTheta; 0ms in CreateRegularizerAgents; 25ms in InitializeSparseNdw; 171ms in InferThetaAndUpdateNwtSparse; 0ms in UpdateCacheEntry; 198ms in CalculateScore(^^^ItemsProcessedScore^^^); ]
I1006 08:17:22.459808 11852 master_component.cc:1499] RegularizeModelArgs: rwt_target_name=rwt, pwt_source_name=pwt, nwt_source_name=nwt
I1006 08:17:22.459808 11852 master_component.cc:1016] MasterComponent: start regularizing model pwt
I1006 08:17:22.486820 12040 processor.cc:74] No data in processing queue, waiting...
I1006 08:17:22.520820 11852 master_component.cc:1044] MasterComponent: complete regularizing model pwt
I1006 08:17:22.520820 11852 master_component.cc:1512] NormalizeModelArgs: pwt_target_name=pwt, nwt_source_name=nwt, rwt_source_name=rwt
I1006 08:17:22.520820 11852 master_component.cc:1048] MasterComponent: start normalizing model nwt
I1006 08:17:22.549820 11852 master_component.cc:1087] MasterComponent: complete normalizing model nwt
I1006 08:17:22.643819 11852 master_component.cc:1536] DisposeModel rwt
I1006 08:17:22.651820 11852 master_component.cc:1115] FitOffline: ItemsProcessed, num_items=1728, num_batches=2, token_weight=808522, token_weight_in_effect=808522
I1006 08:17:22.651820 11852 c_interface.cc:389] Pass FitOfflineMasterModelArgs, batch_filename_size=2, batch_weight_size=2, num_collection_passes=1, reset_nwt=yes to void (__cdecl artm::core::MasterComponent::*)(class artm::FitOfflineMasterModelArgs const & __ptr64) __ptr64
I1006 08:17:22.651820 11852 master_component.cc:1461] ProcessBatchesArgs: nwt_target_name=nwt, batch_filename_size=2, batch_size=0, batch_weight_size=2, pwt_source_name=pwt, num_document_passes=1, regularizer=(name:SmoothBcg, tau:100000), reuse_theta=no, opt_for_avx=yes, predict_class_id=, reset_nwt=yes
I1006 08:17:22.666808 14608 processor.cc:81] Processing queue has data, processing started
I1006 08:17:22.666808 19232 processor.cc:81] Processing queue has data, processing started
I1006 08:17:22.682811 19232 processor.cc:158] Processor: start processing batch e41facce-f06d-4c62-a00f-dc325b15196d into model nwt
I1006 08:17:22.695819 14608 processor.cc:158] Processor: start processing batch f5a1bf36-ac49-4e25-95d6-56cabf2e5f4d into model nwt
I1006 08:17:22.882808 19232 processor.cc:285] Processor: complete processing batch e41facce-f06d-4c62-a00f-dc325b15196d into model nwt
I1006 08:17:22.885820 19232 cuckoo_watch.h:45] 219ms in ProcessBatch(postnauka_batches\aaaaaa.batch) [including 16ms in LoadMessage; 0ms in InitializeTheta; 0ms in CreateRegularizerAgents; 11ms in InitializeSparseNdw; 95ms in InferThetaAndUpdateNwtSparse; 0ms in UpdateCacheEntry; 91ms in CalculateScore(^^^ItemsProcessedScore^^^); ]
I1006 08:17:22.918819 19232 processor.cc:74] No data in processing queue, waiting...
I1006 08:17:23.077808 14608 processor.cc:285] Processor: complete processing batch f5a1bf36-ac49-4e25-95d6-56cabf2e5f4d into model nwt
I1006 08:17:23.084810 14608 cuckoo_watch.h:45] 418ms in ProcessBatch(postnauka_batches\aaaaab.batch) [including 29ms in LoadMessage; 0ms in InitializeTheta; 0ms in CreateRegularizerAgents; 26ms in InitializeSparseNdw; 176ms in InferThetaAndUpdateNwtSparse; 0ms in UpdateCacheEntry; 177ms in CalculateScore(^^^ItemsProcessedScore^^^); ]
I1006 08:17:23.085808 11852 master_component.cc:1499] RegularizeModelArgs: rwt_target_name=rwt, pwt_source_name=pwt, nwt_source_name=nwt
I1006 08:17:23.085808 11852 master_component.cc:1016] MasterComponent: start regularizing model pwt
I1006 08:17:23.108809 14608 processor.cc:74] No data in processing queue, waiting...
I1006 08:17:23.147820 11852 master_component.cc:1044] MasterComponent: complete regularizing model pwt
I1006 08:17:23.147820 11852 master_component.cc:1512] NormalizeModelArgs: pwt_target_name=pwt, nwt_source_name=nwt, rwt_source_name=rwt
I1006 08:17:23.147820 11852 master_component.cc:1048] MasterComponent: start normalizing model nwt
I1006 08:17:23.177821 11852 master_component.cc:1087] MasterComponent: complete normalizing model nwt
I1006 08:17:23.272809 11852 master_component.cc:1536] DisposeModel rwt
I1006 08:17:23.279809 11852 master_component.cc:1115] FitOffline: ItemsProcessed, num_items=1728, num_batches=2, token_weight=808522, token_weight_in_effect=808522
I1006 08:17:23.279809 11852 c_interface.cc:389] Pass FitOfflineMasterModelArgs, batch_filename_size=2, batch_weight_size=2, num_collection_passes=1, reset_nwt=yes to void (__cdecl artm::core::MasterComponent::*)(class artm::FitOfflineMasterModelArgs const & __ptr64) __ptr64
I1006 08:17:23.279809 11852 master_component.cc:1461] ProcessBatchesArgs: nwt_target_name=nwt, batch_filename_size=2, batch_size=0, batch_weight_size=2, pwt_source_name=pwt, num_document_passes=1, regularizer=(name:SmoothBcg, tau:100000), reuse_theta=no, opt_for_avx=yes, predict_class_id=, reset_nwt=yes
I1006 08:17:23.298821 10080 processor.cc:81] Processing queue has data, processing started
I1006 08:17:23.298821 11796 processor.cc:81] Processing queue has data, processing started
I1006 08:17:23.314821 11796 processor.cc:158] Processor: start processing batch e41facce-f06d-4c62-a00f-dc325b15196d into model nwt
I1006 08:17:23.330821 10080 processor.cc:158] Processor: start processing batch f5a1bf36-ac49-4e25-95d6-56cabf2e5f4d into model nwt
I1006 08:17:23.524821 11796 processor.cc:285] Processor: complete processing batch e41facce-f06d-4c62-a00f-dc325b15196d into model nwt
I1006 08:17:23.528820 11796 cuckoo_watch.h:45] 229ms in ProcessBatch(postnauka_batches\aaaaaa.batch) [including 16ms in LoadMessage; 0ms in InitializeTheta; 0ms in CreateRegularizerAgents; 12ms in InitializeSparseNdw; 93ms in InferThetaAndUpdateNwtSparse; 0ms in UpdateCacheEntry; 102ms in CalculateScore(^^^ItemsProcessedScore^^^); ]
I1006 08:17:23.558820 11796 processor.cc:74] No data in processing queue, waiting...
I1006 08:17:23.731809 10080 processor.cc:285] Processor: complete processing batch f5a1bf36-ac49-4e25-95d6-56cabf2e5f4d into model nwt
I1006 08:17:23.737820 10080 cuckoo_watch.h:45] 439ms in ProcessBatch(postnauka_batches\aaaaab.batch) [including 32ms in LoadMessage; 0ms in InitializeTheta; 0ms in CreateRegularizerAgents; 27ms in InitializeSparseNdw; 181ms in InferThetaAndUpdateNwtSparse; 0ms in UpdateCacheEntry; 190ms in CalculateScore(^^^ItemsProcessedScore^^^); ]
I1006 08:17:23.740819 11852 master_component.cc:1499] RegularizeModelArgs: rwt_target_name=rwt, pwt_source_name=pwt, nwt_source_name=nwt
I1006 08:17:23.740819 11852 master_component.cc:1016] MasterComponent: start regularizing model pwt
I1006 08:17:23.772820 10080 processor.cc:74] No data in processing queue, waiting...
I1006 08:17:23.805820 11852 master_component.cc:1044] MasterComponent: complete regularizing model pwt
I1006 08:17:23.805820 11852 master_component.cc:1512] NormalizeModelArgs: pwt_target_name=pwt, nwt_source_name=nwt, rwt_source_name=rwt
I1006 08:17:23.805820 11852 master_component.cc:1048] MasterComponent: start normalizing model nwt
I1006 08:17:23.834807 11852 master_component.cc:1087] MasterComponent: complete normalizing model nwt
I1006 08:17:23.936820 11852 master_component.cc:1536] DisposeModel rwt
I1006 08:17:23.943820 11852 master_component.cc:1115] FitOffline: ItemsProcessed, num_items=1728, num_batches=2, token_weight=808522, token_weight_in_effect=808522
I1006 08:17:23.944821 11852 c_interface.cc:389] Pass FitOfflineMasterModelArgs, batch_filename_size=2, batch_weight_size=2, num_collection_passes=1, reset_nwt=yes to void (__cdecl artm::core::MasterComponent::*)(class artm::FitOfflineMasterModelArgs const & __ptr64) __ptr64
I1006 08:17:23.944821 11852 master_component.cc:1461] ProcessBatchesArgs: nwt_target_name=nwt, batch_filename_size=2, batch_size=0, batch_weight_size=2, pwt_source_name=pwt, num_document_passes=1, regularizer=(name:SmoothBcg, tau:100000), reuse_theta=no, opt_for_avx=yes, predict_class_id=, reset_nwt=yes
I1006 08:17:23.960808 19364 processor.cc:81] Processing queue has data, processing started
I1006 08:17:23.960808 14608 processor.cc:81] Processing queue has data, processing started
I1006 08:17:23.977821 14608 processor.cc:158] Processor: start processing batch e41facce-f06d-4c62-a00f-dc325b15196d into model nwt
I1006 08:17:23.992820 19364 processor.cc:158] Processor: start processing batch f5a1bf36-ac49-4e25-95d6-56cabf2e5f4d into model nwt
I1006 08:17:24.177809 14608 processor.cc:285] Processor: complete processing batch e41facce-f06d-4c62-a00f-dc325b15196d into model nwt
I1006 08:17:24.180809 14608 cuckoo_watch.h:45] 219ms in ProcessBatch(postnauka_batches\aaaaaa.batch) [including 17ms in LoadMessage; 0ms in InitializeTheta; 0ms in CreateRegularizerAgents; 12ms in InitializeSparseNdw; 92ms in InferThetaAndUpdateNwtSparse; 0ms in UpdateCacheEntry; 93ms in CalculateScore(^^^ItemsProcessedScore^^^); ]
I1006 08:17:24.209820 14608 processor.cc:74] No data in processing queue, waiting...
I1006 08:17:24.410820 19364 processor.cc:285] Processor: complete processing batch f5a1bf36-ac49-4e25-95d6-56cabf2e5f4d into model nwt
I1006 08:17:24.416810 19364 cuckoo_watch.h:45] 456ms in ProcessBatch(postnauka_batches\aaaaab.batch) [including 32ms in LoadMessage; 0ms in InitializeTheta; 0ms in CreateRegularizerAgents; 28ms in InitializeSparseNdw; 180ms in InferThetaAndUpdateNwtSparse; 0ms in UpdateCacheEntry; 208ms in CalculateScore(^^^ItemsProcessedScore^^^); ]
I1006 08:17:24.418820 11852 master_component.cc:1499] RegularizeModelArgs: rwt_target_name=rwt, pwt_source_name=pwt, nwt_source_name=nwt
I1006 08:17:24.418820 11852 master_component.cc:1016] MasterComponent: start regularizing model pwt
I1006 08:17:24.447808 19364 processor.cc:74] No data in processing queue, waiting...
I1006 08:17:24.484808 11852 master_component.cc:1044] MasterComponent: complete regularizing model pwt
I1006 08:17:24.484808 11852 master_component.cc:1512] NormalizeModelArgs: pwt_target_name=pwt, nwt_source_name=nwt, rwt_source_name=rwt
I1006 08:17:24.484808 11852 master_component.cc:1048] MasterComponent: start normalizing model nwt
I1006 08:17:24.511821 11852 master_component.cc:1087] MasterComponent: complete normalizing model nwt
I1006 08:17:24.607820 11852 master_component.cc:1536] DisposeModel rwt
I1006 08:17:24.615820 11852 master_component.cc:1115] FitOffline: ItemsProcessed, num_items=1728, num_batches=2, token_weight=808522, token_weight_in_effect=808522
I1006 08:17:24.615820 11852 c_interface.cc:389] Pass FitOfflineMasterModelArgs, batch_filename_size=2, batch_weight_size=2, num_collection_passes=1, reset_nwt=yes to void (__cdecl artm::core::MasterComponent::*)(class artm::FitOfflineMasterModelArgs const & __ptr64) __ptr64
I1006 08:17:24.615820 11852 master_component.cc:1461] ProcessBatchesArgs: nwt_target_name=nwt, batch_filename_size=2, batch_size=0, batch_weight_size=2, pwt_source_name=pwt, num_document_passes=1, regularizer=(name:SmoothBcg, tau:100000), reuse_theta=no, opt_for_avx=yes, predict_class_id=, reset_nwt=yes
I1006 08:17:24.630820 19200 processor.cc:81] Processing queue has data, processing started
I1006 08:17:24.632812 19232 processor.cc:81] Processing queue has data, processing started
I1006 08:17:24.647809 19200 processor.cc:158] Processor: start processing batch e41facce-f06d-4c62-a00f-dc325b15196d into model nwt
I1006 08:17:24.665822 19232 processor.cc:158] Processor: start processing batch f5a1bf36-ac49-4e25-95d6-56cabf2e5f4d into model nwt
I1006 08:17:24.845820 19200 processor.cc:285] Processor: complete processing batch e41facce-f06d-4c62-a00f-dc325b15196d into model nwt
I1006 08:17:24.848819 19200 cuckoo_watch.h:45] 218ms in ProcessBatch(postnauka_batches\aaaaaa.batch) [including 17ms in LoadMessage; 0ms in InitializeTheta; 0ms in CreateRegularizerAgents; 12ms in InitializeSparseNdw; 89ms in InferThetaAndUpdateNwtSparse; 0ms in UpdateCacheEntry; 94ms in CalculateScore(^^^ItemsProcessedScore^^^); ]
I1006 08:17:24.885810 19200 processor.cc:74] No data in processing queue, waiting...
I1006 08:17:25.073820 19232 processor.cc:285] Processor: complete processing batch f5a1bf36-ac49-4e25-95d6-56cabf2e5f4d into model nwt
I1006 08:17:25.079821 19232 cuckoo_watch.h:45] 447ms in ProcessBatch(postnauka_batches\aaaaab.batch) [including 33ms in LoadMessage; 0ms in InitializeTheta; 0ms in CreateRegularizerAgents; 26ms in InitializeSparseNdw; 183ms in InferThetaAndUpdateNwtSparse; 0ms in UpdateCacheEntry; 195ms in CalculateScore(^^^ItemsProcessedScore^^^); ]
I1006 08:17:25.081820 11852 master_component.cc:1499] RegularizeModelArgs: rwt_target_name=rwt, pwt_source_name=pwt, nwt_source_name=nwt
I1006 08:17:25.081820 11852 master_component.cc:1016] MasterComponent: start regularizing model pwt
I1006 08:17:25.112820 19232 processor.cc:74] No data in processing queue, waiting...
I1006 08:17:25.145820 11852 master_component.cc:1044] MasterComponent: complete regularizing model pwt
I1006 08:17:25.145820 11852 master_component.cc:1512] NormalizeModelArgs: pwt_target_name=pwt, nwt_source_name=nwt, rwt_source_name=rwt
I1006 08:17:25.145820 11852 master_component.cc:1048] MasterComponent: start normalizing model nwt
I1006 08:17:25.175819 11852 master_component.cc:1087] MasterComponent: complete normalizing model nwt
I1006 08:17:25.271821 11852 master_component.cc:1536] DisposeModel rwt
I1006 08:17:25.279820 11852 master_component.cc:1115] FitOffline: ItemsProcessed, num_items=1728, num_batches=2, token_weight=808522, token_weight_in_effect=808522
I1006 08:17:25.279820 11852 c_interface.cc:389] Pass FitOfflineMasterModelArgs, batch_filename_size=2, batch_weight_size=2, num_collection_passes=1, reset_nwt=yes to void (__cdecl artm::core::MasterComponent::*)(class artm::FitOfflineMasterModelArgs const & __ptr64) __ptr64
I1006 08:17:25.279820 11852 master_component.cc:1461] ProcessBatchesArgs: nwt_target_name=nwt, batch_filename_size=2, batch_size=0, batch_weight_size=2, pwt_source_name=pwt, num_document_passes=1, regularizer=(name:SmoothBcg, tau:100000), reuse_theta=no, opt_for_avx=yes, predict_class_id=, reset_nwt=yes
I1006 08:17:25.296819  3576 processor.cc:81] Processing queue has data, processing started
