I1004 19:49:28.546569 11492 master_component.cc:1499] RegularizeModelArgs: rwt_target_name=rwt, pwt_source_name=pwt, nwt_source_name=nwt
I1004 19:49:28.546569 11492 master_component.cc:1016] MasterComponent: start regularizing model pwt
I1004 19:49:28.577554 19752 processor.cc:74] No data in processing queue, waiting...
I1004 19:49:28.612565 11492 master_component.cc:1044] MasterComponent: complete regularizing model pwt
I1004 19:49:28.612565 11492 master_component.cc:1512] NormalizeModelArgs: pwt_target_name=pwt, nwt_source_name=nwt, rwt_source_name=rwt
I1004 19:49:28.612565 11492 master_component.cc:1048] MasterComponent: start normalizing model nwt
I1004 19:49:28.651566 11492 master_component.cc:1087] MasterComponent: complete normalizing model nwt
I1004 19:49:28.755565 11492 master_component.cc:1536] DisposeModel rwt
I1004 19:49:28.763566 11492 master_component.cc:1115] FitOffline: ItemsProcessed, num_items=1728, num_batches=2, token_weight=808522, token_weight_in_effect=808522
I1004 19:52:06.155028 11492 c_interface.cc:389] Pass MasterModelConfig: topic_name_size=30, score_config_size=3, num_processors=0, pwt_name=pwt, nwt_name=nwt, num_document_passes=1, regularizer=(SmoothBcg:100000), regularizer=(SparseSbj:-100000), reuse_theta=no, cache_theta=yes, opt_for_avx=yes, disk_cache_path= to void (__cdecl artm::core::MasterComponent::*)(class artm::MasterModelConfig const & __ptr64) __ptr64
I1004 19:52:06.155028 11492 instance.cc:401] MasterModelConfig.processors_count is automatically set to 16
I1004 19:52:06.155028 11492 instance.cc:232] Regularizer 'SmoothBcg' was cold-reconfigured
I1004 19:52:06.155028 11492 instance.cc:232] Regularizer 'SparseSbj' was cold-reconfigured
I1004 19:52:23.449721 11492 c_interface.cc:389] Pass FitOfflineMasterModelArgs, batch_filename_size=2, batch_weight_size=2, num_collection_passes=1, reset_nwt=yes to void (__cdecl artm::core::MasterComponent::*)(class artm::FitOfflineMasterModelArgs const & __ptr64) __ptr64
I1004 19:52:23.449721 11492 master_component.cc:1461] ProcessBatchesArgs: nwt_target_name=nwt, batch_filename_size=2, batch_size=0, batch_weight_size=2, pwt_source_name=pwt, num_document_passes=1, regularizer=(name:SmoothBcg, tau:100000), regularizer=(name:SparseSbj, tau:-100000), reuse_theta=no, opt_for_avx=yes, predict_class_id=, reset_nwt=yes
I1004 19:52:23.466241  2760 processor.cc:81] Processing queue has data, processing started
I1004 19:52:23.466241  7528 processor.cc:81] Processing queue has data, processing started
I1004 19:52:23.488253  2760 processor.cc:158] Processor: start processing batch 6b262477-b74b-4c65-914f-7ff60b551995 into model nwt
I1004 19:52:23.500243  7528 processor.cc:158] Processor: start processing batch 4b9262b0-574b-4a82-9bbc-3466a0b3f7ef into model nwt
I1004 19:52:23.711253  2760 processor.cc:285] Processor: complete processing batch 6b262477-b74b-4c65-914f-7ff60b551995 into model nwt
I1004 19:52:23.715242  2760 cuckoo_watch.h:45] 249ms in ProcessBatch(postnauka_batches\aaaaaa.batch) [including 21ms in LoadMessage; 0ms in InitializeTheta; 0ms in CreateRegularizerAgents; 13ms in InitializeSparseNdw; 101ms in InferThetaAndUpdateNwtSparse; 0ms in UpdateCacheEntry; 108ms in CalculateScore(^^^ItemsProcessedScore^^^); ]
I1004 19:52:23.747241  2760 processor.cc:74] No data in processing queue, waiting...
I1004 19:52:23.920253  7528 processor.cc:285] Processor: complete processing batch 4b9262b0-574b-4a82-9bbc-3466a0b3f7ef into model nwt
I1004 19:52:23.926256  7528 cuckoo_watch.h:45] 460ms in ProcessBatch(postnauka_batches\aaaaab.batch) [including 33ms in LoadMessage; 0ms in InitializeTheta; 0ms in CreateRegularizerAgents; 29ms in InitializeSparseNdw; 203ms in InferThetaAndUpdateNwtSparse; 0ms in UpdateCacheEntry; 186ms in CalculateScore(^^^ItemsProcessedScore^^^); ]
I1004 19:52:23.928265 11492 master_component.cc:1499] RegularizeModelArgs: rwt_target_name=rwt, pwt_source_name=pwt, nwt_source_name=nwt
I1004 19:52:23.928265 11492 master_component.cc:1016] MasterComponent: start regularizing model pwt
I1004 19:52:23.955253  7528 processor.cc:74] No data in processing queue, waiting...
I1004 19:52:24.016830 11492 master_component.cc:1044] MasterComponent: complete regularizing model pwt
I1004 19:52:24.016830 11492 master_component.cc:1512] NormalizeModelArgs: pwt_target_name=pwt, nwt_source_name=nwt, rwt_source_name=rwt
I1004 19:52:24.016830 11492 master_component.cc:1048] MasterComponent: start normalizing model nwt
I1004 19:52:24.064783 11492 master_component.cc:1087] MasterComponent: complete normalizing model nwt
I1004 19:52:24.127773 11492 master_component.cc:1536] DisposeModel rwt
I1004 19:52:24.136772 11492 master_component.cc:1115] FitOffline: ItemsProcessed, num_items=1728, num_batches=2, token_weight=808522, token_weight_in_effect=808522
I1004 19:52:24.136772 11492 c_interface.cc:389] Pass FitOfflineMasterModelArgs, batch_filename_size=2, batch_weight_size=2, num_collection_passes=1, reset_nwt=yes to void (__cdecl artm::core::MasterComponent::*)(class artm::FitOfflineMasterModelArgs const & __ptr64) __ptr64
I1004 19:52:24.136772 11492 master_component.cc:1461] ProcessBatchesArgs: nwt_target_name=nwt, batch_filename_size=2, batch_size=0, batch_weight_size=2, pwt_source_name=pwt, num_document_passes=1, regularizer=(name:SmoothBcg, tau:100000), regularizer=(name:SparseSbj, tau:-100000), reuse_theta=no, opt_for_avx=yes, predict_class_id=, reset_nwt=yes
I1004 19:52:24.155771 21080 processor.cc:81] Processing queue has data, processing started
I1004 19:52:24.155771 19752 processor.cc:81] Processing queue has data, processing started
I1004 19:52:24.171772 21080 processor.cc:158] Processor: start processing batch 6b262477-b74b-4c65-914f-7ff60b551995 into model nwt
I1004 19:52:24.188772 19752 processor.cc:158] Processor: start processing batch 4b9262b0-574b-4a82-9bbc-3466a0b3f7ef into model nwt
I1004 19:52:24.382773 21080 processor.cc:285] Processor: complete processing batch 6b262477-b74b-4c65-914f-7ff60b551995 into model nwt
I1004 19:52:24.385910 21080 cuckoo_watch.h:45] 230ms in ProcessBatch(postnauka_batches\aaaaaa.batch) [including 16ms in LoadMessage; 0ms in InitializeTheta; 0ms in CreateRegularizerAgents; 14ms in InitializeSparseNdw; 86ms in InferThetaAndUpdateNwtSparse; 0ms in UpdateCacheEntry; 109ms in CalculateScore(^^^ItemsProcessedScore^^^); ]
I1004 19:52:24.417783 21080 processor.cc:74] No data in processing queue, waiting...
I1004 19:52:24.586784 19752 processor.cc:285] Processor: complete processing batch 4b9262b0-574b-4a82-9bbc-3466a0b3f7ef into model nwt
I1004 19:52:24.592772 19752 cuckoo_watch.h:45] 437ms in ProcessBatch(postnauka_batches\aaaaab.batch) [including 33ms in LoadMessage; 0ms in InitializeTheta; 0ms in CreateRegularizerAgents; 34ms in InitializeSparseNdw; 173ms in InferThetaAndUpdateNwtSparse; 0ms in UpdateCacheEntry; 188ms in CalculateScore(^^^ItemsProcessedScore^^^); ]
I1004 19:52:24.593772 11492 master_component.cc:1499] RegularizeModelArgs: rwt_target_name=rwt, pwt_source_name=pwt, nwt_source_name=nwt
I1004 19:52:24.593772 11492 master_component.cc:1016] MasterComponent: start regularizing model pwt
I1004 19:52:24.621773 19752 processor.cc:74] No data in processing queue, waiting...
I1004 19:52:24.682783 11492 master_component.cc:1044] MasterComponent: complete regularizing model pwt
I1004 19:52:24.682783 11492 master_component.cc:1512] NormalizeModelArgs: pwt_target_name=pwt, nwt_source_name=nwt, rwt_source_name=rwt
I1004 19:52:24.682783 11492 master_component.cc:1048] MasterComponent: start normalizing model nwt
I1004 19:52:24.727772 11492 master_component.cc:1087] MasterComponent: complete normalizing model nwt
I1004 19:52:24.790772 11492 master_component.cc:1536] DisposeModel rwt
I1004 19:52:24.798784 11492 master_component.cc:1115] FitOffline: ItemsProcessed, num_items=1728, num_batches=2, token_weight=808522, token_weight_in_effect=808522
I1004 19:52:24.799783 11492 c_interface.cc:389] Pass FitOfflineMasterModelArgs, batch_filename_size=2, batch_weight_size=2, num_collection_passes=1, reset_nwt=yes to void (__cdecl artm::core::MasterComponent::*)(class artm::FitOfflineMasterModelArgs const & __ptr64) __ptr64
I1004 19:52:24.799783 11492 master_component.cc:1461] ProcessBatchesArgs: nwt_target_name=nwt, batch_filename_size=2, batch_size=0, batch_weight_size=2, pwt_source_name=pwt, num_document_passes=1, regularizer=(name:SmoothBcg, tau:100000), regularizer=(name:SparseSbj, tau:-100000), reuse_theta=no, opt_for_avx=yes, predict_class_id=, reset_nwt=yes
I1004 19:52:24.817775 20236 processor.cc:81] Processing queue has data, processing started
I1004 19:52:24.818775  5460 processor.cc:81] Processing queue has data, processing started
I1004 19:52:24.834820 20236 processor.cc:158] Processor: start processing batch 6b262477-b74b-4c65-914f-7ff60b551995 into model nwt
I1004 19:52:24.850828  5460 processor.cc:158] Processor: start processing batch 4b9262b0-574b-4a82-9bbc-3466a0b3f7ef into model nwt
I1004 19:52:25.039827 20236 processor.cc:285] Processor: complete processing batch 6b262477-b74b-4c65-914f-7ff60b551995 into model nwt
I1004 19:52:25.045828 20236 cuckoo_watch.h:45] 228ms in ProcessBatch(postnauka_batches\aaaaaa.batch) [including 17ms in LoadMessage; 0ms in InitializeTheta; 0ms in CreateRegularizerAgents; 14ms in InitializeSparseNdw; 81ms in InferThetaAndUpdateNwtSparse; 0ms in UpdateCacheEntry; 108ms in CalculateScore(^^^ItemsProcessedScore^^^); ]
I1004 19:52:25.076828 20236 processor.cc:74] No data in processing queue, waiting...
I1004 19:52:25.242839  5460 processor.cc:285] Processor: complete processing batch 4b9262b0-574b-4a82-9bbc-3466a0b3f7ef into model nwt
I1004 19:52:25.247839  5460 cuckoo_watch.h:45] 429ms in ProcessBatch(postnauka_batches\aaaaab.batch) [including 32ms in LoadMessage; 0ms in InitializeTheta; 0ms in CreateRegularizerAgents; 29ms in InitializeSparseNdw; 181ms in InferThetaAndUpdateNwtSparse; 0ms in UpdateCacheEntry; 179ms in CalculateScore(^^^ItemsProcessedScore^^^); ]
I1004 19:52:25.249828 11492 master_component.cc:1499] RegularizeModelArgs: rwt_target_name=rwt, pwt_source_name=pwt, nwt_source_name=nwt
I1004 19:52:25.249828 11492 master_component.cc:1016] MasterComponent: start regularizing model pwt
I1004 19:52:25.275840  5460 processor.cc:74] No data in processing queue, waiting...
I1004 19:52:25.340840 11492 master_component.cc:1044] MasterComponent: complete regularizing model pwt
I1004 19:52:25.340840 11492 master_component.cc:1512] NormalizeModelArgs: pwt_target_name=pwt, nwt_source_name=nwt, rwt_source_name=rwt
I1004 19:52:25.340840 11492 master_component.cc:1048] MasterComponent: start normalizing model nwt
I1004 19:52:25.389003 11492 master_component.cc:1087] MasterComponent: complete normalizing model nwt
I1004 19:52:25.453006 11492 master_component.cc:1536] DisposeModel rwt
I1004 19:52:25.461992 11492 master_component.cc:1115] FitOffline: ItemsProcessed, num_items=1728, num_batches=2, token_weight=808522, token_weight_in_effect=808522
I1004 19:52:25.461992 11492 c_interface.cc:389] Pass FitOfflineMasterModelArgs, batch_filename_size=2, batch_weight_size=2, num_collection_passes=1, reset_nwt=yes to void (__cdecl artm::core::MasterComponent::*)(class artm::FitOfflineMasterModelArgs const & __ptr64) __ptr64
I1004 19:52:25.461992 11492 master_component.cc:1461] ProcessBatchesArgs: nwt_target_name=nwt, batch_filename_size=2, batch_size=0, batch_weight_size=2, pwt_source_name=pwt, num_document_passes=1, regularizer=(name:SmoothBcg, tau:100000), regularizer=(name:SparseSbj, tau:-100000), reuse_theta=no, opt_for_avx=yes, predict_class_id=, reset_nwt=yes
I1004 19:52:25.481989  5460 processor.cc:81] Processing queue has data, processing started
I1004 19:52:25.481989  7528 processor.cc:81] Processing queue has data, processing started
I1004 19:52:25.500006  5460 processor.cc:158] Processor: start processing batch 6b262477-b74b-4c65-914f-7ff60b551995 into model nwt
I1004 19:52:25.514032  7528 processor.cc:158] Processor: start processing batch 4b9262b0-574b-4a82-9bbc-3466a0b3f7ef into model nwt
I1004 19:52:25.700007  5460 processor.cc:285] Processor: complete processing batch 6b262477-b74b-4c65-914f-7ff60b551995 into model nwt
I1004 19:52:25.704993  5460 cuckoo_watch.h:45] 223ms in ProcessBatch(postnauka_batches\aaaaaa.batch) [including 18ms in LoadMessage; 0ms in InitializeTheta; 0ms in CreateRegularizerAgents; 13ms in InitializeSparseNdw; 80ms in InferThetaAndUpdateNwtSparse; 0ms in UpdateCacheEntry; 105ms in CalculateScore(^^^ItemsProcessedScore^^^); ]
I1004 19:52:25.737004  5460 processor.cc:74] No data in processing queue, waiting...
I1004 19:52:25.891993  7528 processor.cc:285] Processor: complete processing batch 4b9262b0-574b-4a82-9bbc-3466a0b3f7ef into model nwt
I1004 19:52:25.897995  7528 cuckoo_watch.h:45] 416ms in ProcessBatch(postnauka_batches\aaaaab.batch) [including 32ms in LoadMessage; 0ms in InitializeTheta; 0ms in CreateRegularizerAgents; 30ms in InitializeSparseNdw; 158ms in InferThetaAndUpdateNwtSparse; 0ms in UpdateCacheEntry; 187ms in CalculateScore(^^^ItemsProcessedScore^^^); ]
I1004 19:52:25.899003 11492 master_component.cc:1499] RegularizeModelArgs: rwt_target_name=rwt, pwt_source_name=pwt, nwt_source_name=nwt
I1004 19:52:25.899003 11492 master_component.cc:1016] MasterComponent: start regularizing model pwt
I1004 19:52:25.928992  7528 processor.cc:74] No data in processing queue, waiting...
I1004 19:52:25.989002 11492 master_component.cc:1044] MasterComponent: complete regularizing model pwt
I1004 19:52:25.989002 11492 master_component.cc:1512] NormalizeModelArgs: pwt_target_name=pwt, nwt_source_name=nwt, rwt_source_name=rwt
I1004 19:52:25.989002 11492 master_component.cc:1048] MasterComponent: start normalizing model nwt
I1004 19:52:26.036993 11492 master_component.cc:1087] MasterComponent: complete normalizing model nwt
I1004 19:52:26.101991 11492 master_component.cc:1536] DisposeModel rwt
I1004 19:52:26.110991 11492 master_component.cc:1115] FitOffline: ItemsProcessed, num_items=1728, num_batches=2, token_weight=808522, token_weight_in_effect=808522
I1004 19:52:26.110991 11492 c_interface.cc:389] Pass FitOfflineMasterModelArgs, batch_filename_size=2, batch_weight_size=2, num_collection_passes=1, reset_nwt=yes to void (__cdecl artm::core::MasterComponent::*)(class artm::FitOfflineMasterModelArgs const & __ptr64) __ptr64
I1004 19:52:26.110991 11492 master_component.cc:1461] ProcessBatchesArgs: nwt_target_name=nwt, batch_filename_size=2, batch_size=0, batch_weight_size=2, pwt_source_name=pwt, num_document_passes=1, regularizer=(name:SmoothBcg, tau:100000), regularizer=(name:SparseSbj, tau:-100000), reuse_theta=no, opt_for_avx=yes, predict_class_id=, reset_nwt=yes
I1004 19:52:26.129994 18184 processor.cc:81] Processing queue has data, processing started
I1004 19:52:26.129994 21080 processor.cc:81] Processing queue has data, processing started
I1004 19:52:26.146003 18184 processor.cc:158] Processor: start processing batch 6b262477-b74b-4c65-914f-7ff60b551995 into model nwt
I1004 19:52:26.161002 21080 processor.cc:158] Processor: start processing batch 4b9262b0-574b-4a82-9bbc-3466a0b3f7ef into model nwt
I1004 19:52:26.346006 18184 processor.cc:285] Processor: complete processing batch 6b262477-b74b-4c65-914f-7ff60b551995 into model nwt
I1004 19:52:26.349002 18184 cuckoo_watch.h:45] 219ms in ProcessBatch(postnauka_batches\aaaaaa.batch) [including 16ms in LoadMessage; 0ms in InitializeTheta; 0ms in CreateRegularizerAgents; 12ms in InitializeSparseNdw; 83ms in InferThetaAndUpdateNwtSparse; 0ms in UpdateCacheEntry; 101ms in CalculateScore(^^^ItemsProcessedScore^^^); ]
I1004 19:52:26.387063 18184 processor.cc:74] No data in processing queue, waiting...
I1004 19:52:26.534991 21080 processor.cc:285] Processor: complete processing batch 4b9262b0-574b-4a82-9bbc-3466a0b3f7ef into model nwt
I1004 19:52:26.541007 21080 cuckoo_watch.h:45] 411ms in ProcessBatch(postnauka_batches\aaaaab.batch) [including 31ms in LoadMessage; 0ms in InitializeTheta; 0ms in CreateRegularizerAgents; 30ms in InitializeSparseNdw; 159ms in InferThetaAndUpdateNwtSparse; 0ms in UpdateCacheEntry; 182ms in CalculateScore(^^^ItemsProcessedScore^^^); ]
I1004 19:52:26.541991 11492 master_component.cc:1499] RegularizeModelArgs: rwt_target_name=rwt, pwt_source_name=pwt, nwt_source_name=nwt
I1004 19:52:26.541991 11492 master_component.cc:1016] MasterComponent: start regularizing model pwt
I1004 19:52:26.569993 21080 processor.cc:74] No data in processing queue, waiting...
I1004 19:52:26.631991 11492 master_component.cc:1044] MasterComponent: complete regularizing model pwt
I1004 19:52:26.631991 11492 master_component.cc:1512] NormalizeModelArgs: pwt_target_name=pwt, nwt_source_name=nwt, rwt_source_name=rwt
I1004 19:52:26.631991 11492 master_component.cc:1048] MasterComponent: start normalizing model nwt
I1004 19:52:26.683002 11492 master_component.cc:1087] MasterComponent: complete normalizing model nwt
I1004 19:52:26.744364 11492 master_component.cc:1536] DisposeModel rwt
I1004 19:52:26.753365 11492 master_component.cc:1115] FitOffline: ItemsProcessed, num_items=1728, num_batches=2, token_weight=808522, token_weight_in_effect=808522
I1004 19:52:26.753365 11492 c_interface.cc:389] Pass FitOfflineMasterModelArgs, batch_filename_size=2, batch_weight_size=2, num_collection_passes=1, reset_nwt=yes to void (__cdecl artm::core::MasterComponent::*)(class artm::FitOfflineMasterModelArgs const & __ptr64) __ptr64
I1004 19:52:26.753365 11492 master_component.cc:1461] ProcessBatchesArgs: nwt_target_name=nwt, batch_filename_size=2, batch_size=0, batch_weight_size=2, pwt_source_name=pwt, num_document_passes=1, regularizer=(name:SmoothBcg, tau:100000), regularizer=(name:SparseSbj, tau:-100000), reuse_theta=no, opt_for_avx=yes, predict_class_id=, reset_nwt=yes
I1004 19:52:26.774364 14948 processor.cc:81] Processing queue has data, processing started
I1004 19:52:26.774364 19752 processor.cc:81] Processing queue has data, processing started
I1004 19:52:26.791366 14948 processor.cc:158] Processor: start processing batch 6b262477-b74b-4c65-914f-7ff60b551995 into model nwt
I1004 19:52:26.805374 19752 processor.cc:158] Processor: start processing batch 4b9262b0-574b-4a82-9bbc-3466a0b3f7ef into model nwt
I1004 19:52:26.999374 14948 processor.cc:285] Processor: complete processing batch 6b262477-b74b-4c65-914f-7ff60b551995 into model nwt
I1004 19:52:27.003362 14948 cuckoo_watch.h:45] 229ms in ProcessBatch(postnauka_batches\aaaaaa.batch) [including 17ms in LoadMessage; 0ms in InitializeTheta; 0ms in CreateRegularizerAgents; 12ms in InitializeSparseNdw; 90ms in InferThetaAndUpdateNwtSparse; 1ms in UpdateCacheEntry; 103ms in CalculateScore(^^^ItemsProcessedScore^^^); ]
I1004 19:52:27.031374 14948 processor.cc:74] No data in processing queue, waiting...
I1004 19:52:27.205374 19752 processor.cc:285] Processor: complete processing batch 4b9262b0-574b-4a82-9bbc-3466a0b3f7ef into model nwt
I1004 19:52:27.211364 19752 cuckoo_watch.h:45] 437ms in ProcessBatch(postnauka_batches\aaaaab.batch) [including 31ms in LoadMessage; 0ms in InitializeTheta; 0ms in CreateRegularizerAgents; 37ms in InitializeSparseNdw; 169ms in InferThetaAndUpdateNwtSparse; 0ms in UpdateCacheEntry; 191ms in CalculateScore(^^^ItemsProcessedScore^^^); ]
I1004 19:52:27.213389 11492 master_component.cc:1499] RegularizeModelArgs: rwt_target_name=rwt, pwt_source_name=pwt, nwt_source_name=nwt
I1004 19:52:27.213389 11492 master_component.cc:1016] MasterComponent: start regularizing model pwt
I1004 19:52:27.240365 19752 processor.cc:74] No data in processing queue, waiting...
I1004 19:52:27.303375 11492 master_component.cc:1044] MasterComponent: complete regularizing model pwt
I1004 19:52:27.303375 11492 master_component.cc:1512] NormalizeModelArgs: pwt_target_name=pwt, nwt_source_name=nwt, rwt_source_name=rwt
I1004 19:52:27.303375 11492 master_component.cc:1048] MasterComponent: start normalizing model nwt
I1004 19:52:27.349364 11492 master_component.cc:1087] MasterComponent: complete normalizing model nwt
I1004 19:52:27.413363 11492 master_component.cc:1536] DisposeModel rwt
I1004 19:52:27.422363 11492 master_component.cc:1115] FitOffline: ItemsProcessed, num_items=1728, num_batches=2, token_weight=808522, token_weight_in_effect=808522
I1004 19:52:27.422363 11492 c_interface.cc:389] Pass FitOfflineMasterModelArgs, batch_filename_size=2, batch_weight_size=2, num_collection_passes=1, reset_nwt=yes to void (__cdecl artm::core::MasterComponent::*)(class artm::FitOfflineMasterModelArgs const & __ptr64) __ptr64
I1004 19:52:27.423363 11492 master_component.cc:1461] ProcessBatchesArgs: nwt_target_name=nwt, batch_filename_size=2, batch_size=0, batch_weight_size=2, pwt_source_name=pwt, num_document_passes=1, regularizer=(name:SmoothBcg, tau:100000), regularizer=(name:SparseSbj, tau:-100000), reuse_theta=no, opt_for_avx=yes, predict_class_id=, reset_nwt=yes
I1004 19:52:27.443362 21080 processor.cc:81] Processing queue has data, processing started
I1004 19:52:27.443362  1524 processor.cc:81] Processing queue has data, processing started
I1004 19:52:27.462363 21080 processor.cc:158] Processor: start processing batch 6b262477-b74b-4c65-914f-7ff60b551995 into model nwt
I1004 19:52:27.476363  1524 processor.cc:158] Processor: start processing batch 4b9262b0-574b-4a82-9bbc-3466a0b3f7ef into model nwt
I1004 19:52:27.661908 21080 processor.cc:285] Processor: complete processing batch 6b262477-b74b-4c65-914f-7ff60b551995 into model nwt
I1004 19:52:27.664908 21080 cuckoo_watch.h:45] 222ms in ProcessBatch(postnauka_batches\aaaaaa.batch) [including 19ms in LoadMessage; 0ms in InitializeTheta; 0ms in CreateRegularizerAgents; 11ms in InitializeSparseNdw; 80ms in InferThetaAndUpdateNwtSparse; 0ms in UpdateCacheEntry; 105ms in CalculateScore(^^^ItemsProcessedScore^^^); ]
I1004 19:52:27.697897 21080 processor.cc:74] No data in processing queue, waiting...
I1004 19:52:27.860911  1524 processor.cc:285] Processor: complete processing batch 4b9262b0-574b-4a82-9bbc-3466a0b3f7ef into model nwt
I1004 19:52:27.866909  1524 cuckoo_watch.h:45] 423ms in ProcessBatch(postnauka_batches\aaaaab.batch) [including 32ms in LoadMessage; 0ms in InitializeTheta; 0ms in CreateRegularizerAgents; 32ms in InitializeSparseNdw; 160ms in InferThetaAndUpdateNwtSparse; 0ms in UpdateCacheEntry; 191ms in CalculateScore(^^^ItemsProcessedScore^^^); ]
I1004 19:52:27.868896 11492 master_component.cc:1499] RegularizeModelArgs: rwt_target_name=rwt, pwt_source_name=pwt, nwt_source_name=nwt
I1004 19:52:27.868896 11492 master_component.cc:1016] MasterComponent: start regularizing model pwt
I1004 19:52:27.896908  1524 processor.cc:74] No data in processing queue, waiting...
I1004 19:52:27.956903 11492 master_component.cc:1044] MasterComponent: complete regularizing model pwt
I1004 19:52:27.956903 11492 master_component.cc:1512] NormalizeModelArgs: pwt_target_name=pwt, nwt_source_name=nwt, rwt_source_name=rwt
I1004 19:52:27.956903 11492 master_component.cc:1048] MasterComponent: start normalizing model nwt
I1004 19:52:28.005897 11492 master_component.cc:1087] MasterComponent: complete normalizing model nwt
I1004 19:52:28.068912 11492 master_component.cc:1536] DisposeModel rwt
I1004 19:52:28.077898 11492 master_component.cc:1115] FitOffline: ItemsProcessed, num_items=1728, num_batches=2, token_weight=808522, token_weight_in_effect=808522
I1004 19:52:28.077898 11492 c_interface.cc:389] Pass FitOfflineMasterModelArgs, batch_filename_size=2, batch_weight_size=2, num_collection_passes=1, reset_nwt=yes to void (__cdecl artm::core::MasterComponent::*)(class artm::FitOfflineMasterModelArgs const & __ptr64) __ptr64
I1004 19:52:28.077898 11492 master_component.cc:1461] ProcessBatchesArgs: nwt_target_name=nwt, batch_filename_size=2, batch_size=0, batch_weight_size=2, pwt_source_name=pwt, num_document_passes=1, regularizer=(name:SmoothBcg, tau:100000), regularizer=(name:SparseSbj, tau:-100000), reuse_theta=no, opt_for_avx=yes, predict_class_id=, reset_nwt=yes
I1004 19:52:28.095907  6880 processor.cc:81] Processing queue has data, processing started
I1004 19:52:28.097896  6116 processor.cc:81] Processing queue has data, processing started
I1004 19:52:28.113898  6880 processor.cc:158] Processor: start processing batch 6b262477-b74b-4c65-914f-7ff60b551995 into model nwt
I1004 19:52:28.131912  6116 processor.cc:158] Processor: start processing batch 4b9262b0-574b-4a82-9bbc-3466a0b3f7ef into model nwt
I1004 19:52:28.320897  6880 processor.cc:285] Processor: complete processing batch 6b262477-b74b-4c65-914f-7ff60b551995 into model nwt
I1004 19:52:28.324908  6880 cuckoo_watch.h:45] 229ms in ProcessBatch(postnauka_batches\aaaaaa.batch) [including 18ms in LoadMessage; 0ms in InitializeTheta; 0ms in CreateRegularizerAgents; 13ms in InitializeSparseNdw; 83ms in InferThetaAndUpdateNwtSparse; 0ms in UpdateCacheEntry; 110ms in CalculateScore(^^^ItemsProcessedScore^^^); ]
I1004 19:52:28.356900  6880 processor.cc:74] No data in processing queue, waiting...
I1004 19:52:28.521908  6116 processor.cc:285] Processor: complete processing batch 4b9262b0-574b-4a82-9bbc-3466a0b3f7ef into model nwt
I1004 19:52:28.527896  6116 cuckoo_watch.h:45] 430ms in ProcessBatch(postnauka_batches\aaaaab.batch) [including 34ms in LoadMessage; 0ms in InitializeTheta; 0ms in CreateRegularizerAgents; 29ms in InitializeSparseNdw; 168ms in InferThetaAndUpdateNwtSparse; 0ms in UpdateCacheEntry; 189ms in CalculateScore(^^^ItemsProcessedScore^^^); ]
I1004 19:52:28.529896 11492 master_component.cc:1499] RegularizeModelArgs: rwt_target_name=rwt, pwt_source_name=pwt, nwt_source_name=nwt
I1004 19:52:28.529896 11492 master_component.cc:1016] MasterComponent: start regularizing model pwt
I1004 19:52:28.554896  6116 processor.cc:74] No data in processing queue, waiting...
I1004 19:52:28.618911 11492 master_component.cc:1044] MasterComponent: complete regularizing model pwt
I1004 19:52:28.618911 11492 master_component.cc:1512] NormalizeModelArgs: pwt_target_name=pwt, nwt_source_name=nwt, rwt_source_name=rwt
I1004 19:52:28.618911 11492 master_component.cc:1048] MasterComponent: start normalizing model nwt
I1004 19:52:28.669908 11492 master_component.cc:1087] MasterComponent: complete normalizing model nwt
I1004 19:52:28.731907 11492 master_component.cc:1536] DisposeModel rwt
I1004 19:52:28.739897 11492 master_component.cc:1115] FitOffline: ItemsProcessed, num_items=1728, num_batches=2, token_weight=808522, token_weight_in_effect=808522
I1004 19:52:28.739897 11492 c_interface.cc:389] Pass FitOfflineMasterModelArgs, batch_filename_size=2, batch_weight_size=2, num_collection_passes=1, reset_nwt=yes to void (__cdecl artm::core::MasterComponent::*)(class artm::FitOfflineMasterModelArgs const & __ptr64) __ptr64
I1004 19:52:28.739897 11492 master_component.cc:1461] ProcessBatchesArgs: nwt_target_name=nwt, batch_filename_size=2, batch_size=0, batch_weight_size=2, pwt_source_name=pwt, num_document_passes=1, regularizer=(name:SmoothBcg, tau:100000), regularizer=(name:SparseSbj, tau:-100000), reuse_theta=no, opt_for_avx=yes, predict_class_id=, reset_nwt=yes
I1004 19:52:28.758895 11576 processor.cc:81] Processing queue has data, processing started
I1004 19:52:28.758895 13164 processor.cc:81] Processing queue has data, processing started
I1004 19:52:28.774897 11576 processor.cc:158] Processor: start processing batch 6b262477-b74b-4c65-914f-7ff60b551995 into model nwt
I1004 19:52:28.788897 13164 processor.cc:158] Processor: start processing batch 4b9262b0-574b-4a82-9bbc-3466a0b3f7ef into model nwt
I1004 19:52:28.971897 11576 processor.cc:285] Processor: complete processing batch 6b262477-b74b-4c65-914f-7ff60b551995 into model nwt
I1004 19:52:28.975896 11576 cuckoo_watch.h:45] 217ms in ProcessBatch(postnauka_batches\aaaaaa.batch) [including 16ms in LoadMessage; 0ms in InitializeTheta; 0ms in CreateRegularizerAgents; 12ms in InitializeSparseNdw; 81ms in InferThetaAndUpdateNwtSparse; 0ms in UpdateCacheEntry; 102ms in CalculateScore(^^^ItemsProcessedScore^^^); ]
I1004 19:52:29.006897 11576 processor.cc:74] No data in processing queue, waiting...
I1004 19:52:29.180263 13164 processor.cc:285] Processor: complete processing batch 4b9262b0-574b-4a82-9bbc-3466a0b3f7ef into model nwt
I1004 19:52:29.186262 13164 cuckoo_watch.h:45] 427ms in ProcessBatch(postnauka_batches\aaaaab.batch) [including 30ms in LoadMessage; 0ms in InitializeTheta; 0ms in CreateRegularizerAgents; 32ms in InitializeSparseNdw; 166ms in InferThetaAndUpdateNwtSparse; 0ms in UpdateCacheEntry; 190ms in CalculateScore(^^^ItemsProcessedScore^^^); ]
I1004 19:52:29.188251 11492 master_component.cc:1499] RegularizeModelArgs: rwt_target_name=rwt, pwt_source_name=pwt, nwt_source_name=nwt
I1004 19:52:29.188251 11492 master_component.cc:1016] MasterComponent: start regularizing model pwt
I1004 19:52:29.215262 13164 processor.cc:74] No data in processing queue, waiting...
I1004 19:52:29.278251 11492 master_component.cc:1044] MasterComponent: complete regularizing model pwt
I1004 19:52:29.279253 11492 master_component.cc:1512] NormalizeModelArgs: pwt_target_name=pwt, nwt_source_name=nwt, rwt_source_name=rwt
I1004 19:52:29.279253 11492 master_component.cc:1048] MasterComponent: start normalizing model nwt
I1004 19:52:29.326262 11492 master_component.cc:1087] MasterComponent: complete normalizing model nwt
I1004 19:52:29.389251 11492 master_component.cc:1536] DisposeModel rwt
I1004 19:52:29.399250 11492 master_component.cc:1115] FitOffline: ItemsProcessed, num_items=1728, num_batches=2, token_weight=808522, token_weight_in_effect=808522
I1004 19:52:29.400251 11492 c_interface.cc:389] Pass FitOfflineMasterModelArgs, batch_filename_size=2, batch_weight_size=2, num_collection_passes=1, reset_nwt=yes to void (__cdecl artm::core::MasterComponent::*)(class artm::FitOfflineMasterModelArgs const & __ptr64) __ptr64
I1004 19:52:29.400251 11492 master_component.cc:1461] ProcessBatchesArgs: nwt_target_name=nwt, batch_filename_size=2, batch_size=0, batch_weight_size=2, pwt_source_name=pwt, num_document_passes=1, regularizer=(name:SmoothBcg, tau:100000), regularizer=(name:SparseSbj, tau:-100000), reuse_theta=no, opt_for_avx=yes, predict_class_id=, reset_nwt=yes
I1004 19:52:29.421252 20236 processor.cc:81] Processing queue has data, processing started
I1004 19:52:29.421252  2824 processor.cc:81] Processing queue has data, processing started
I1004 19:52:29.438252  2824 processor.cc:158] Processor: start processing batch 6b262477-b74b-4c65-914f-7ff60b551995 into model nwt
I1004 19:52:29.453263 20236 processor.cc:158] Processor: start processing batch 4b9262b0-574b-4a82-9bbc-3466a0b3f7ef into model nwt
I1004 19:52:29.637251  2824 processor.cc:285] Processor: complete processing batch 6b262477-b74b-4c65-914f-7ff60b551995 into model nwt
I1004 19:52:29.641252  2824 cuckoo_watch.h:45] 220ms in ProcessBatch(postnauka_batches\aaaaaa.batch) [including 17ms in LoadMessage; 0ms in InitializeTheta; 0ms in CreateRegularizerAgents; 14ms in InitializeSparseNdw; 81ms in InferThetaAndUpdateNwtSparse; 0ms in UpdateCacheEntry; 102ms in CalculateScore(^^^ItemsProcessedScore^^^); ]
I1004 19:52:29.669263  2824 processor.cc:74] No data in processing queue, waiting...
I1004 19:52:29.839251 20236 processor.cc:285] Processor: complete processing batch 4b9262b0-574b-4a82-9bbc-3466a0b3f7ef into model nwt
I1004 19:52:29.846262 20236 cuckoo_watch.h:45] 425ms in ProcessBatch(postnauka_batches\aaaaab.batch) [including 32ms in LoadMessage; 0ms in InitializeTheta; 0ms in CreateRegularizerAgents; 32ms in InitializeSparseNdw; 165ms in InferThetaAndUpdateNwtSparse; 0ms in UpdateCacheEntry; 186ms in CalculateScore(^^^ItemsProcessedScore^^^); ]
I1004 19:52:29.847252 11492 master_component.cc:1499] RegularizeModelArgs: rwt_target_name=rwt, pwt_source_name=pwt, nwt_source_name=nwt
I1004 19:52:29.847252 11492 master_component.cc:1016] MasterComponent: start regularizing model pwt
I1004 19:52:29.876251 20236 processor.cc:74] No data in processing queue, waiting...
I1004 19:52:29.938262 11492 master_component.cc:1044] MasterComponent: complete regularizing model pwt
I1004 19:52:29.938262 11492 master_component.cc:1512] NormalizeModelArgs: pwt_target_name=pwt, nwt_source_name=nwt, rwt_source_name=rwt
I1004 19:52:29.938262 11492 master_component.cc:1048] MasterComponent: start normalizing model nwt
I1004 19:52:29.989253 11492 master_component.cc:1087] MasterComponent: complete normalizing model nwt
I1004 19:52:30.052251 11492 master_component.cc:1536] DisposeModel rwt
I1004 19:52:30.061262 11492 master_component.cc:1115] FitOffline: ItemsProcessed, num_items=1728, num_batches=2, token_weight=808522, token_weight_in_effect=808522
I1004 19:52:30.062263 11492 c_interface.cc:389] Pass FitOfflineMasterModelArgs, batch_filename_size=2, batch_weight_size=2, num_collection_passes=1, reset_nwt=yes to void (__cdecl artm::core::MasterComponent::*)(class artm::FitOfflineMasterModelArgs const & __ptr64) __ptr64
I1004 19:52:30.062263 11492 master_component.cc:1461] ProcessBatchesArgs: nwt_target_name=nwt, batch_filename_size=2, batch_size=0, batch_weight_size=2, pwt_source_name=pwt, num_document_passes=1, regularizer=(name:SmoothBcg, tau:100000), regularizer=(name:SparseSbj, tau:-100000), reuse_theta=no, opt_for_avx=yes, predict_class_id=, reset_nwt=yes
I1004 19:52:30.081251 14948 processor.cc:81] Processing queue has data, processing started
I1004 19:52:30.081251 20236 processor.cc:81] Processing queue has data, processing started
I1004 19:52:30.099252 14948 processor.cc:158] Processor: start processing batch 6b262477-b74b-4c65-914f-7ff60b551995 into model nwt
I1004 19:52:30.115252 20236 processor.cc:158] Processor: start processing batch 4b9262b0-574b-4a82-9bbc-3466a0b3f7ef into model nwt
I1004 19:52:30.305251 14948 processor.cc:285] Processor: complete processing batch 6b262477-b74b-4c65-914f-7ff60b551995 into model nwt
I1004 19:52:30.309252 14948 cuckoo_watch.h:45] 228ms in ProcessBatch(postnauka_batches\aaaaaa.batch) [including 18ms in LoadMessage; 0ms in InitializeTheta; 0ms in CreateRegularizerAgents; 14ms in InitializeSparseNdw; 85ms in InferThetaAndUpdateNwtSparse; 0ms in UpdateCacheEntry; 105ms in CalculateScore(^^^ItemsProcessedScore^^^); ]
I1004 19:52:30.340250 14948 processor.cc:74] No data in processing queue, waiting...
I1004 19:52:30.495262 20236 processor.cc:285] Processor: complete processing batch 4b9262b0-574b-4a82-9bbc-3466a0b3f7ef into model nwt
I1004 19:52:30.501252 20236 cuckoo_watch.h:45] 420ms in ProcessBatch(postnauka_batches\aaaaab.batch) [including 34ms in LoadMessage; 0ms in InitializeTheta; 0ms in CreateRegularizerAgents; 29ms in InitializeSparseNdw; 166ms in InferThetaAndUpdateNwtSparse; 0ms in UpdateCacheEntry; 183ms in CalculateScore(^^^ItemsProcessedScore^^^); ]
I1004 19:52:30.502262 11492 master_component.cc:1499] RegularizeModelArgs: rwt_target_name=rwt, pwt_source_name=pwt, nwt_source_name=nwt
I1004 19:52:30.502262 11492 master_component.cc:1016] MasterComponent: start regularizing model pwt
I1004 19:52:30.531263 20236 processor.cc:74] No data in processing queue, waiting...
I1004 19:52:30.593794 11492 master_component.cc:1044] MasterComponent: complete regularizing model pwt
I1004 19:52:30.593794 11492 master_component.cc:1512] NormalizeModelArgs: pwt_target_name=pwt, nwt_source_name=nwt, rwt_source_name=rwt
I1004 19:52:30.593794 11492 master_component.cc:1048] MasterComponent: start normalizing model nwt
I1004 19:52:30.644783 11492 master_component.cc:1087] MasterComponent: complete normalizing model nwt
I1004 19:52:30.708783 11492 master_component.cc:1536] DisposeModel rwt
I1004 19:52:30.717794 11492 master_component.cc:1115] FitOffline: ItemsProcessed, num_items=1728, num_batches=2, token_weight=808522, token_weight_in_effect=808522
I1004 19:52:30.717794 11492 c_interface.cc:389] Pass FitOfflineMasterModelArgs, batch_filename_size=2, batch_weight_size=2, num_collection_passes=1, reset_nwt=yes to void (__cdecl artm::core::MasterComponent::*)(class artm::FitOfflineMasterModelArgs const & __ptr64) __ptr64
I1004 19:52:30.717794 11492 master_component.cc:1461] ProcessBatchesArgs: nwt_target_name=nwt, batch_filename_size=2, batch_size=0, batch_weight_size=2, pwt_source_name=pwt, num_document_passes=1, regularizer=(name:SmoothBcg, tau:100000), regularizer=(name:SparseSbj, tau:-100000), reuse_theta=no, opt_for_avx=yes, predict_class_id=, reset_nwt=yes
I1004 19:52:30.736795  5460 processor.cc:81] Processing queue has data, processing started
I1004 19:52:30.738785  7528 processor.cc:81] Processing queue has data, processing started
I1004 19:52:30.752784  5460 processor.cc:158] Processor: start processing batch 6b262477-b74b-4c65-914f-7ff60b551995 into model nwt
I1004 19:52:30.771785  7528 processor.cc:158] Processor: start processing batch 4b9262b0-574b-4a82-9bbc-3466a0b3f7ef into model nwt
I1004 19:52:30.957784  5460 processor.cc:285] Processor: complete processing batch 6b262477-b74b-4c65-914f-7ff60b551995 into model nwt
I1004 19:52:30.961783  5460 cuckoo_watch.h:45] 225ms in ProcessBatch(postnauka_batches\aaaaaa.batch) [including 16ms in LoadMessage; 0ms in InitializeTheta; 0ms in CreateRegularizerAgents; 12ms in InitializeSparseNdw; 82ms in InferThetaAndUpdateNwtSparse; 0ms in UpdateCacheEntry; 108ms in CalculateScore(^^^ItemsProcessedScore^^^); ]
I1004 19:52:30.992784  5460 processor.cc:74] No data in processing queue, waiting...
I1004 19:52:31.163782  7528 processor.cc:285] Processor: complete processing batch 4b9262b0-574b-4a82-9bbc-3466a0b3f7ef into model nwt
I1004 19:52:31.169795  7528 cuckoo_watch.h:45] 431ms in ProcessBatch(postnauka_batches\aaaaab.batch) [including 32ms in LoadMessage; 0ms in InitializeTheta; 0ms in CreateRegularizerAgents; 32ms in InitializeSparseNdw; 170ms in InferThetaAndUpdateNwtSparse; 0ms in UpdateCacheEntry; 188ms in CalculateScore(^^^ItemsProcessedScore^^^); ]
I1004 19:52:31.171810 11492 master_component.cc:1499] RegularizeModelArgs: rwt_target_name=rwt, pwt_source_name=pwt, nwt_source_name=nwt
I1004 19:52:31.171810 11492 master_component.cc:1016] MasterComponent: start regularizing model pwt
I1004 19:52:31.200795  7528 processor.cc:74] No data in processing queue, waiting...
I1004 19:52:31.257794 11492 master_component.cc:1044] MasterComponent: complete regularizing model pwt
I1004 19:52:31.257794 11492 master_component.cc:1512] NormalizeModelArgs: pwt_target_name=pwt, nwt_source_name=nwt, rwt_source_name=rwt
I1004 19:52:31.257794 11492 master_component.cc:1048] MasterComponent: start normalizing model nwt
I1004 19:52:31.306784 11492 master_component.cc:1087] MasterComponent: complete normalizing model nwt
I1004 19:52:31.368794 11492 master_component.cc:1536] DisposeModel rwt
I1004 19:52:31.376783 11492 master_component.cc:1115] FitOffline: ItemsProcessed, num_items=1728, num_batches=2, token_weight=808522, token_weight_in_effect=808522
I1004 19:52:31.377795 11492 c_interface.cc:389] Pass FitOfflineMasterModelArgs, batch_filename_size=2, batch_weight_size=2, num_collection_passes=1, reset_nwt=yes to void (__cdecl artm::core::MasterComponent::*)(class artm::FitOfflineMasterModelArgs const & __ptr64) __ptr64
I1004 19:52:31.377795 11492 master_component.cc:1461] ProcessBatchesArgs: nwt_target_name=nwt, batch_filename_size=2, batch_size=0, batch_weight_size=2, pwt_source_name=pwt, num_document_passes=1, regularizer=(name:SmoothBcg, tau:100000), regularizer=(name:SparseSbj, tau:-100000), reuse_theta=no, opt_for_avx=yes, predict_class_id=, reset_nwt=yes
I1004 19:52:31.397783 14948 processor.cc:81] Processing queue has data, processing started
I1004 19:52:31.397783  9904 processor.cc:81] Processing queue has data, processing started
I1004 19:52:31.414784  9904 processor.cc:158] Processor: start processing batch 6b262477-b74b-4c65-914f-7ff60b551995 into model nwt
I1004 19:52:31.432796 14948 processor.cc:158] Processor: start processing batch 4b9262b0-574b-4a82-9bbc-3466a0b3f7ef into model nwt
I1004 19:52:31.625783  9904 processor.cc:285] Processor: complete processing batch 6b262477-b74b-4c65-914f-7ff60b551995 into model nwt
I1004 19:52:31.629796  9904 cuckoo_watch.h:45] 231ms in ProcessBatch(postnauka_batches\aaaaaa.batch) [including 17ms in LoadMessage; 0ms in InitializeTheta; 0ms in CreateRegularizerAgents; 13ms in InitializeSparseNdw; 90ms in InferThetaAndUpdateNwtSparse; 0ms in UpdateCacheEntry; 106ms in CalculateScore(^^^ItemsProcessedScore^^^); ]
I1004 19:52:31.658794  9904 processor.cc:74] No data in processing queue, waiting...
I1004 19:52:31.810784 14948 processor.cc:285] Processor: complete processing batch 4b9262b0-574b-4a82-9bbc-3466a0b3f7ef into model nwt
I1004 19:52:31.815794 14948 cuckoo_watch.h:45] 418ms in ProcessBatch(postnauka_batches\aaaaab.batch) [including 35ms in LoadMessage; 0ms in InitializeTheta; 0ms in CreateRegularizerAgents; 29ms in InitializeSparseNdw; 167ms in InferThetaAndUpdateNwtSparse; 0ms in UpdateCacheEntry; 180ms in CalculateScore(^^^ItemsProcessedScore^^^); ]
I1004 19:52:31.817783 11492 master_component.cc:1499] RegularizeModelArgs: rwt_target_name=rwt, pwt_source_name=pwt, nwt_source_name=nwt
I1004 19:52:31.817783 11492 master_component.cc:1016] MasterComponent: start regularizing model pwt
I1004 19:52:31.844782 14948 processor.cc:74] No data in processing queue, waiting...
I1004 19:52:31.906785 11492 master_component.cc:1044] MasterComponent: complete regularizing model pwt
I1004 19:52:31.906785 11492 master_component.cc:1512] NormalizeModelArgs: pwt_target_name=pwt, nwt_source_name=nwt, rwt_source_name=rwt
I1004 19:52:31.906785 11492 master_component.cc:1048] MasterComponent: start normalizing model nwt
I1004 19:52:31.957784 11492 master_component.cc:1087] MasterComponent: complete normalizing model nwt
I1004 19:52:32.020783 11492 master_component.cc:1536] DisposeModel rwt
I1004 19:52:32.030784 11492 master_component.cc:1115] FitOffline: ItemsProcessed, num_items=1728, num_batches=2, token_weight=808522, token_weight_in_effect=808522
I1004 19:52:32.030784 11492 c_interface.cc:389] Pass FitOfflineMasterModelArgs, batch_filename_size=2, batch_weight_size=2, num_collection_passes=1, reset_nwt=yes to void (__cdecl artm::core::MasterComponent::*)(class artm::FitOfflineMasterModelArgs const & __ptr64) __ptr64
I1004 19:52:32.030784 11492 master_component.cc:1461] ProcessBatchesArgs: nwt_target_name=nwt, batch_filename_size=2, batch_size=0, batch_weight_size=2, pwt_source_name=pwt, num_document_passes=1, regularizer=(name:SmoothBcg, tau:100000), regularizer=(name:SparseSbj, tau:-100000), reuse_theta=no, opt_for_avx=yes, predict_class_id=, reset_nwt=yes
I1004 19:52:32.049784 11576 processor.cc:81] Processing queue has data, processing started
I1004 19:52:32.050796  7528 processor.cc:81] Processing queue has data, processing started
I1004 19:52:32.065794 11576 processor.cc:158] Processor: start processing batch 6b262477-b74b-4c65-914f-7ff60b551995 into model nwt
I1004 19:52:32.081794  7528 processor.cc:158] Processor: start processing batch 4b9262b0-574b-4a82-9bbc-3466a0b3f7ef into model nwt
I1004 19:52:32.276839 11576 processor.cc:285] Processor: complete processing batch 6b262477-b74b-4c65-914f-7ff60b551995 into model nwt
I1004 19:52:32.280839 11576 cuckoo_watch.h:45] 230ms in ProcessBatch(postnauka_batches\aaaaaa.batch) [including 16ms in LoadMessage; 0ms in InitializeTheta; 0ms in CreateRegularizerAgents; 11ms in InitializeSparseNdw; 88ms in InferThetaAndUpdateNwtSparse; 0ms in UpdateCacheEntry; 109ms in CalculateScore(^^^ItemsProcessedScore^^^); ]
I1004 19:52:32.309840 11576 processor.cc:74] No data in processing queue, waiting...
I1004 19:52:32.472841  7528 processor.cc:285] Processor: complete processing batch 4b9262b0-574b-4a82-9bbc-3466a0b3f7ef into model nwt
I1004 19:52:32.478839  7528 cuckoo_watch.h:45] 428ms in ProcessBatch(postnauka_batches\aaaaab.batch) [including 31ms in LoadMessage; 0ms in InitializeTheta; 0ms in CreateRegularizerAgents; 31ms in InitializeSparseNdw; 173ms in InferThetaAndUpdateNwtSparse; 0ms in UpdateCacheEntry; 184ms in CalculateScore(^^^ItemsProcessedScore^^^); ]
I1004 19:52:32.479981 11492 master_component.cc:1499] RegularizeModelArgs: rwt_target_name=rwt, pwt_source_name=pwt, nwt_source_name=nwt
I1004 19:52:32.479981 11492 master_component.cc:1016] MasterComponent: start regularizing model pwt
I1004 19:52:32.507856  7528 processor.cc:74] No data in processing queue, waiting...
I1004 19:52:32.567840 11492 master_component.cc:1044] MasterComponent: complete regularizing model pwt
I1004 19:52:32.567840 11492 master_component.cc:1512] NormalizeModelArgs: pwt_target_name=pwt, nwt_source_name=nwt, rwt_source_name=rwt
I1004 19:52:32.567840 11492 master_component.cc:1048] MasterComponent: start normalizing model nwt
I1004 19:52:32.618840 11492 master_component.cc:1087] MasterComponent: complete normalizing model nwt
I1004 19:52:32.680841 11492 master_component.cc:1536] DisposeModel rwt
I1004 19:52:32.689842 11492 master_component.cc:1115] FitOffline: ItemsProcessed, num_items=1728, num_batches=2, token_weight=808522, token_weight_in_effect=808522
I1004 19:52:32.689842 11492 c_interface.cc:389] Pass FitOfflineMasterModelArgs, batch_filename_size=2, batch_weight_size=2, num_collection_passes=1, reset_nwt=yes to void (__cdecl artm::core::MasterComponent::*)(class artm::FitOfflineMasterModelArgs const & __ptr64) __ptr64
I1004 19:52:32.689842 11492 master_component.cc:1461] ProcessBatchesArgs: nwt_target_name=nwt, batch_filename_size=2, batch_size=0, batch_weight_size=2, pwt_source_name=pwt, num_document_passes=1, regularizer=(name:SmoothBcg, tau:100000), regularizer=(name:SparseSbj, tau:-100000), reuse_theta=no, opt_for_avx=yes, predict_class_id=, reset_nwt=yes
I1004 19:52:32.709839  7528 processor.cc:81] Processing queue has data, processing started
I1004 19:52:32.709839 11576 processor.cc:81] Processing queue has data, processing started
I1004 19:52:32.725852  7528 processor.cc:158] Processor: start processing batch 6b262477-b74b-4c65-914f-7ff60b551995 into model nwt
I1004 19:52:32.742841 11576 processor.cc:158] Processor: start processing batch 4b9262b0-574b-4a82-9bbc-3466a0b3f7ef into model nwt
I1004 19:52:32.929852  7528 processor.cc:285] Processor: complete processing batch 6b262477-b74b-4c65-914f-7ff60b551995 into model nwt
I1004 19:52:32.933856  7528 cuckoo_watch.h:45] 224ms in ProcessBatch(postnauka_batches\aaaaaa.batch) [including 16ms in LoadMessage; 0ms in InitializeTheta; 0ms in CreateRegularizerAgents; 12ms in InitializeSparseNdw; 87ms in InferThetaAndUpdateNwtSparse; 1ms in UpdateCacheEntry; 103ms in CalculateScore(^^^ItemsProcessedScore^^^); ]
I1004 19:52:32.963840  7528 processor.cc:74] No data in processing queue, waiting...
I1004 19:52:33.122843 11576 processor.cc:285] Processor: complete processing batch 4b9262b0-574b-4a82-9bbc-3466a0b3f7ef into model nwt
I1004 19:52:33.128840 11576 cuckoo_watch.h:45] 419ms in ProcessBatch(postnauka_batches\aaaaab.batch) [including 33ms in LoadMessage; 0ms in InitializeTheta; 0ms in CreateRegularizerAgents; 30ms in InitializeSparseNdw; 163ms in InferThetaAndUpdateNwtSparse; 0ms in UpdateCacheEntry; 184ms in CalculateScore(^^^ItemsProcessedScore^^^); ]
I1004 19:52:33.129840 11492 master_component.cc:1499] RegularizeModelArgs: rwt_target_name=rwt, pwt_source_name=pwt, nwt_source_name=nwt
I1004 19:52:33.129840 11492 master_component.cc:1016] MasterComponent: start regularizing model pwt
I1004 19:52:33.159840 11576 processor.cc:74] No data in processing queue, waiting...
I1004 19:52:33.219851 11492 master_component.cc:1044] MasterComponent: complete regularizing model pwt
I1004 19:52:33.219851 11492 master_component.cc:1512] NormalizeModelArgs: pwt_target_name=pwt, nwt_source_name=nwt, rwt_source_name=rwt
I1004 19:52:33.219851 11492 master_component.cc:1048] MasterComponent: start normalizing model nwt
I1004 19:52:33.267840 11492 master_component.cc:1087] MasterComponent: complete normalizing model nwt
I1004 19:52:33.328840 11492 master_component.cc:1536] DisposeModel rwt
I1004 19:52:33.338851 11492 master_component.cc:1115] FitOffline: ItemsProcessed, num_items=1728, num_batches=2, token_weight=808522, token_weight_in_effect=808522
I1004 19:56:59.773047 11492 c_interface.cc:231] ArtmCopyRequestedMessage is copying 537833 bytes...
I1004 19:56:59.943089 11492 c_interface.cc:231] ArtmCopyRequestedMessage is copying 537833 bytes...
I1004 19:57:00.122088 11492 c_interface.cc:231] ArtmCopyRequestedMessage is copying 537833 bytes...
I1004 19:57:00.292088 11492 c_interface.cc:231] ArtmCopyRequestedMessage is copying 537833 bytes...
I1004 19:57:00.464088 11492 c_interface.cc:231] ArtmCopyRequestedMessage is copying 537833 bytes...
I1004 19:57:00.637089 11492 c_interface.cc:231] ArtmCopyRequestedMessage is copying 537833 bytes...
I1004 19:57:00.811609 11492 c_interface.cc:231] ArtmCopyRequestedMessage is copying 537833 bytes...
I1004 19:57:00.980623 11492 c_interface.cc:231] ArtmCopyRequestedMessage is copying 537833 bytes...
I1004 19:57:01.152608 11492 c_interface.cc:231] ArtmCopyRequestedMessage is copying 537833 bytes...
I1004 19:57:01.323609 11492 c_interface.cc:231] ArtmCopyRequestedMessage is copying 537833 bytes...
I1004 19:57:01.495623 11492 c_interface.cc:231] ArtmCopyRequestedMessage is copying 537833 bytes...
I1004 19:57:01.665622 11492 c_interface.cc:231] ArtmCopyRequestedMessage is copying 537833 bytes...
I1004 19:57:01.839623 11492 c_interface.cc:231] ArtmCopyRequestedMessage is copying 537833 bytes...
I1004 19:57:02.006608 11492 c_interface.cc:231] ArtmCopyRequestedMessage is copying 537833 bytes...
I1004 19:57:02.176153 11492 c_interface.cc:231] ArtmCopyRequestedMessage is copying 537833 bytes...
I1004 19:57:02.345142 11492 c_interface.cc:231] ArtmCopyRequestedMessage is copying 537833 bytes...
I1004 19:57:02.517151 11492 c_interface.cc:231] ArtmCopyRequestedMessage is copying 537833 bytes...
I1004 19:57:02.789155 11492 c_interface.cc:231] ArtmCopyRequestedMessage is copying 537833 bytes...
I1004 19:57:02.959218 11492 c_interface.cc:231] ArtmCopyRequestedMessage is copying 537833 bytes...
