I1004 19:49:17.013404 14948 processor.cc:158] Processor: start processing batch 4b9262b0-574b-4a82-9bbc-3466a0b3f7ef into model nwt
I1004 19:49:17.205404 13164 processor.cc:285] Processor: complete processing batch 6b262477-b74b-4c65-914f-7ff60b551995 into model nwt
I1004 19:49:17.208407 13164 cuckoo_watch.h:45] 226ms in ProcessBatch(postnauka_batches\aaaaaa.batch) [including 17ms in LoadMessage; 0ms in InitializeTheta; 0ms in CreateRegularizerAgents; 12ms in InitializeSparseNdw; 93ms in InferThetaAndUpdateNwtSparse; 0ms in UpdateCacheEntry; 98ms in CalculateScore(^^^ItemsProcessedScore^^^); ]
I1004 19:49:17.239403 13164 processor.cc:74] No data in processing queue, waiting...
I1004 19:49:17.423419 14948 processor.cc:285] Processor: complete processing batch 4b9262b0-574b-4a82-9bbc-3466a0b3f7ef into model nwt
I1004 19:49:17.430403 14948 cuckoo_watch.h:45] 448ms in ProcessBatch(postnauka_batches\aaaaab.batch) [including 31ms in LoadMessage; 0ms in InitializeTheta; 0ms in CreateRegularizerAgents; 29ms in InitializeSparseNdw; 194ms in InferThetaAndUpdateNwtSparse; 0ms in UpdateCacheEntry; 184ms in CalculateScore(^^^ItemsProcessedScore^^^); ]
I1004 19:49:17.431407 11492 master_component.cc:1499] RegularizeModelArgs: rwt_target_name=rwt, pwt_source_name=pwt, nwt_source_name=nwt
I1004 19:49:17.431407 11492 master_component.cc:1016] MasterComponent: start regularizing model pwt
I1004 19:49:17.460404 14948 processor.cc:74] No data in processing queue, waiting...
I1004 19:49:17.496417 11492 master_component.cc:1044] MasterComponent: complete regularizing model pwt
I1004 19:49:17.496417 11492 master_component.cc:1512] NormalizeModelArgs: pwt_target_name=pwt, nwt_source_name=nwt, rwt_source_name=rwt
I1004 19:49:17.496417 11492 master_component.cc:1048] MasterComponent: start normalizing model nwt
I1004 19:49:17.528416 11492 master_component.cc:1087] MasterComponent: complete normalizing model nwt
I1004 19:49:17.624405 11492 master_component.cc:1536] DisposeModel rwt
I1004 19:49:17.632405 11492 master_component.cc:1115] FitOffline: ItemsProcessed, num_items=1728, num_batches=2, token_weight=808522, token_weight_in_effect=808522
I1004 19:49:17.633409 11492 c_interface.cc:389] Pass FitOfflineMasterModelArgs, batch_filename_size=2, batch_weight_size=2, num_collection_passes=1, reset_nwt=yes to void (__cdecl artm::core::MasterComponent::*)(class artm::FitOfflineMasterModelArgs const & __ptr64) __ptr64
I1004 19:49:17.633409 11492 master_component.cc:1461] ProcessBatchesArgs: nwt_target_name=nwt, batch_filename_size=2, batch_size=0, batch_weight_size=2, pwt_source_name=pwt, num_document_passes=1, regularizer=(name:SmoothBcg, tau:100000), reuse_theta=no, opt_for_avx=yes, predict_class_id=, reset_nwt=yes
I1004 19:49:17.654404  5460 processor.cc:81] Processing queue has data, processing started
I1004 19:49:17.654404 11576 processor.cc:81] Processing queue has data, processing started
I1004 19:49:17.674407 11576 processor.cc:158] Processor: start processing batch 6b262477-b74b-4c65-914f-7ff60b551995 into model nwt
I1004 19:49:17.687417  5460 processor.cc:158] Processor: start processing batch 4b9262b0-574b-4a82-9bbc-3466a0b3f7ef into model nwt
I1004 19:49:17.888468 11576 processor.cc:285] Processor: complete processing batch 6b262477-b74b-4c65-914f-7ff60b551995 into model nwt
I1004 19:49:17.893471 11576 cuckoo_watch.h:45] 239ms in ProcessBatch(postnauka_batches\aaaaaa.batch) [including 20ms in LoadMessage; 0ms in InitializeTheta; 0ms in CreateRegularizerAgents; 12ms in InitializeSparseNdw; 94ms in InferThetaAndUpdateNwtSparse; 0ms in UpdateCacheEntry; 106ms in CalculateScore(^^^ItemsProcessedScore^^^); ]
I1004 19:49:17.926470 11576 processor.cc:74] No data in processing queue, waiting...
I1004 19:49:18.102469  5460 processor.cc:285] Processor: complete processing batch 4b9262b0-574b-4a82-9bbc-3466a0b3f7ef into model nwt
I1004 19:49:18.110481  5460 cuckoo_watch.h:45] 456ms in ProcessBatch(postnauka_batches\aaaaab.batch) [including 33ms in LoadMessage; 0ms in InitializeTheta; 0ms in CreateRegularizerAgents; 28ms in InitializeSparseNdw; 198ms in InferThetaAndUpdateNwtSparse; 0ms in UpdateCacheEntry; 186ms in CalculateScore(^^^ItemsProcessedScore^^^); ]
I1004 19:49:18.113155 11492 master_component.cc:1499] RegularizeModelArgs: rwt_target_name=rwt, pwt_source_name=pwt, nwt_source_name=nwt
I1004 19:49:18.113155 11492 master_component.cc:1016] MasterComponent: start regularizing model pwt
I1004 19:49:18.143157  5460 processor.cc:74] No data in processing queue, waiting...
I1004 19:49:18.179167 11492 master_component.cc:1044] MasterComponent: complete regularizing model pwt
I1004 19:49:18.179167 11492 master_component.cc:1512] NormalizeModelArgs: pwt_target_name=pwt, nwt_source_name=nwt, rwt_source_name=rwt
I1004 19:49:18.179167 11492 master_component.cc:1048] MasterComponent: start normalizing model nwt
I1004 19:49:18.210156 11492 master_component.cc:1087] MasterComponent: complete normalizing model nwt
I1004 19:49:18.308266 11492 master_component.cc:1536] DisposeModel rwt
I1004 19:49:18.316298 11492 master_component.cc:1115] FitOffline: ItemsProcessed, num_items=1728, num_batches=2, token_weight=808522, token_weight_in_effect=808522
I1004 19:49:18.316298 11492 c_interface.cc:389] Pass FitOfflineMasterModelArgs, batch_filename_size=2, batch_weight_size=2, num_collection_passes=1, reset_nwt=yes to void (__cdecl artm::core::MasterComponent::*)(class artm::FitOfflineMasterModelArgs const & __ptr64) __ptr64
I1004 19:49:18.316298 11492 master_component.cc:1461] ProcessBatchesArgs: nwt_target_name=nwt, batch_filename_size=2, batch_size=0, batch_weight_size=2, pwt_source_name=pwt, num_document_passes=1, regularizer=(name:SmoothBcg, tau:100000), reuse_theta=no, opt_for_avx=yes, predict_class_id=, reset_nwt=yes
I1004 19:49:18.337155  7528 processor.cc:81] Processing queue has data, processing started
I1004 19:49:18.337155  9904 processor.cc:81] Processing queue has data, processing started
I1004 19:49:18.354156  7528 processor.cc:158] Processor: start processing batch 6b262477-b74b-4c65-914f-7ff60b551995 into model nwt
I1004 19:49:18.368156  9904 processor.cc:158] Processor: start processing batch 4b9262b0-574b-4a82-9bbc-3466a0b3f7ef into model nwt
I1004 19:49:18.575263  7528 processor.cc:285] Processor: complete processing batch 6b262477-b74b-4c65-914f-7ff60b551995 into model nwt
I1004 19:49:18.578156  7528 cuckoo_watch.h:45] 241ms in ProcessBatch(postnauka_batches\aaaaaa.batch) [including 17ms in LoadMessage; 0ms in InitializeTheta; 0ms in CreateRegularizerAgents; 12ms in InitializeSparseNdw; 98ms in InferThetaAndUpdateNwtSparse; 1ms in UpdateCacheEntry; 108ms in CalculateScore(^^^ItemsProcessedScore^^^); ]
I1004 19:49:18.607244  7528 processor.cc:74] No data in processing queue, waiting...
I1004 19:49:18.796156  9904 processor.cc:285] Processor: complete processing batch 4b9262b0-574b-4a82-9bbc-3466a0b3f7ef into model nwt
I1004 19:49:18.803155  9904 cuckoo_watch.h:45] 466ms in ProcessBatch(postnauka_batches\aaaaab.batch) [including 31ms in LoadMessage; 0ms in InitializeTheta; 0ms in CreateRegularizerAgents; 29ms in InitializeSparseNdw; 207ms in InferThetaAndUpdateNwtSparse; 0ms in UpdateCacheEntry; 190ms in CalculateScore(^^^ItemsProcessedScore^^^); ]
I1004 19:49:18.804155 11492 master_component.cc:1499] RegularizeModelArgs: rwt_target_name=rwt, pwt_source_name=pwt, nwt_source_name=nwt
I1004 19:49:18.804155 11492 master_component.cc:1016] MasterComponent: start regularizing model pwt
I1004 19:49:18.834156  9904 processor.cc:74] No data in processing queue, waiting...
I1004 19:49:18.867167 11492 master_component.cc:1044] MasterComponent: complete regularizing model pwt
I1004 19:49:18.867167 11492 master_component.cc:1512] NormalizeModelArgs: pwt_target_name=pwt, nwt_source_name=nwt, rwt_source_name=rwt
I1004 19:49:18.867167 11492 master_component.cc:1048] MasterComponent: start normalizing model nwt
I1004 19:49:18.898170 11492 master_component.cc:1087] MasterComponent: complete normalizing model nwt
I1004 19:49:18.993157 11492 master_component.cc:1536] DisposeModel rwt
I1004 19:49:19.001155 11492 master_component.cc:1115] FitOffline: ItemsProcessed, num_items=1728, num_batches=2, token_weight=808522, token_weight_in_effect=808522
I1004 19:49:19.002171 11492 c_interface.cc:389] Pass FitOfflineMasterModelArgs, batch_filename_size=2, batch_weight_size=2, num_collection_passes=1, reset_nwt=yes to void (__cdecl artm::core::MasterComponent::*)(class artm::FitOfflineMasterModelArgs const & __ptr64) __ptr64
I1004 19:49:19.002171 11492 master_component.cc:1461] ProcessBatchesArgs: nwt_target_name=nwt, batch_filename_size=2, batch_size=0, batch_weight_size=2, pwt_source_name=pwt, num_document_passes=1, regularizer=(name:SmoothBcg, tau:100000), reuse_theta=no, opt_for_avx=yes, predict_class_id=, reset_nwt=yes
I1004 19:49:19.022171 21080 processor.cc:81] Processing queue has data, processing started
I1004 19:49:19.022171 20236 processor.cc:81] Processing queue has data, processing started
I1004 19:49:19.041155 21080 processor.cc:158] Processor: start processing batch 6b262477-b74b-4c65-914f-7ff60b551995 into model nwt
I1004 19:49:19.055171 20236 processor.cc:158] Processor: start processing batch 4b9262b0-574b-4a82-9bbc-3466a0b3f7ef into model nwt
I1004 19:49:19.252168 21080 processor.cc:285] Processor: complete processing batch 6b262477-b74b-4c65-914f-7ff60b551995 into model nwt
I1004 19:49:19.255167 21080 cuckoo_watch.h:45] 233ms in ProcessBatch(postnauka_batches\aaaaaa.batch) [including 19ms in LoadMessage; 0ms in InitializeTheta; 0ms in CreateRegularizerAgents; 14ms in InitializeSparseNdw; 92ms in InferThetaAndUpdateNwtSparse; 0ms in UpdateCacheEntry; 102ms in CalculateScore(^^^ItemsProcessedScore^^^); ]
I1004 19:49:19.287171 21080 processor.cc:74] No data in processing queue, waiting...
I1004 19:49:19.462172 20236 processor.cc:285] Processor: complete processing batch 4b9262b0-574b-4a82-9bbc-3466a0b3f7ef into model nwt
I1004 19:49:19.469172 20236 cuckoo_watch.h:45] 447ms in ProcessBatch(postnauka_batches\aaaaab.batch) [including 33ms in LoadMessage; 0ms in InitializeTheta; 0ms in CreateRegularizerAgents; 25ms in InitializeSparseNdw; 193ms in InferThetaAndUpdateNwtSparse; 0ms in UpdateCacheEntry; 185ms in CalculateScore(^^^ItemsProcessedScore^^^); ]
I1004 19:49:19.470155 11492 master_component.cc:1499] RegularizeModelArgs: rwt_target_name=rwt, pwt_source_name=pwt, nwt_source_name=nwt
I1004 19:49:19.470155 11492 master_component.cc:1016] MasterComponent: start regularizing model pwt
I1004 19:49:19.500171 20236 processor.cc:74] No data in processing queue, waiting...
I1004 19:49:19.534157 11492 master_component.cc:1044] MasterComponent: complete regularizing model pwt
I1004 19:49:19.534157 11492 master_component.cc:1512] NormalizeModelArgs: pwt_target_name=pwt, nwt_source_name=nwt, rwt_source_name=rwt
I1004 19:49:19.534157 11492 master_component.cc:1048] MasterComponent: start normalizing model nwt
I1004 19:49:19.565158 11492 master_component.cc:1087] MasterComponent: complete normalizing model nwt
I1004 19:49:19.663159 11492 master_component.cc:1536] DisposeModel rwt
I1004 19:49:19.671167 11492 master_component.cc:1115] FitOffline: ItemsProcessed, num_items=1728, num_batches=2, token_weight=808522, token_weight_in_effect=808522
I1004 19:49:19.671167 11492 c_interface.cc:389] Pass FitOfflineMasterModelArgs, batch_filename_size=2, batch_weight_size=2, num_collection_passes=1, reset_nwt=yes to void (__cdecl artm::core::MasterComponent::*)(class artm::FitOfflineMasterModelArgs const & __ptr64) __ptr64
I1004 19:49:19.672171 11492 master_component.cc:1461] ProcessBatchesArgs: nwt_target_name=nwt, batch_filename_size=2, batch_size=0, batch_weight_size=2, pwt_source_name=pwt, num_document_passes=1, regularizer=(name:SmoothBcg, tau:100000), reuse_theta=no, opt_for_avx=yes, predict_class_id=, reset_nwt=yes
I1004 19:49:19.688184 13164 processor.cc:81] Processing queue has data, processing started
I1004 19:49:19.688184  6880 processor.cc:81] Processing queue has data, processing started
I1004 19:49:19.708156 13164 processor.cc:158] Processor: start processing batch 6b262477-b74b-4c65-914f-7ff60b551995 into model nwt
I1004 19:49:19.723156  6880 processor.cc:158] Processor: start processing batch 4b9262b0-574b-4a82-9bbc-3466a0b3f7ef into model nwt
I1004 19:49:19.935235 13164 processor.cc:285] Processor: complete processing batch 6b262477-b74b-4c65-914f-7ff60b551995 into model nwt
I1004 19:49:19.939224 13164 cuckoo_watch.h:45] 251ms in ProcessBatch(postnauka_batches\aaaaaa.batch) [including 20ms in LoadMessage; 0ms in InitializeTheta; 0ms in CreateRegularizerAgents; 13ms in InitializeSparseNdw; 107ms in InferThetaAndUpdateNwtSparse; 1ms in UpdateCacheEntry; 104ms in CalculateScore(^^^ItemsProcessedScore^^^); ]
I1004 19:49:19.970234 13164 processor.cc:74] No data in processing queue, waiting...
I1004 19:49:20.151223  6880 processor.cc:285] Processor: complete processing batch 4b9262b0-574b-4a82-9bbc-3466a0b3f7ef into model nwt
I1004 19:49:20.158234  6880 cuckoo_watch.h:45] 470ms in ProcessBatch(postnauka_batches\aaaaab.batch) [including 35ms in LoadMessage; 0ms in InitializeTheta; 0ms in CreateRegularizerAgents; 31ms in InitializeSparseNdw; 205ms in InferThetaAndUpdateNwtSparse; 0ms in UpdateCacheEntry; 190ms in CalculateScore(^^^ItemsProcessedScore^^^); ]
I1004 19:49:20.160223 11492 master_component.cc:1499] RegularizeModelArgs: rwt_target_name=rwt, pwt_source_name=pwt, nwt_source_name=nwt
I1004 19:49:20.160223 11492 master_component.cc:1016] MasterComponent: start regularizing model pwt
I1004 19:49:20.189354  6880 processor.cc:74] No data in processing queue, waiting...
I1004 19:49:20.227224 11492 master_component.cc:1044] MasterComponent: complete regularizing model pwt
I1004 19:49:20.228235 11492 master_component.cc:1512] NormalizeModelArgs: pwt_target_name=pwt, nwt_source_name=nwt, rwt_source_name=rwt
I1004 19:49:20.228235 11492 master_component.cc:1048] MasterComponent: start normalizing model nwt
I1004 19:49:20.259222 11492 master_component.cc:1087] MasterComponent: complete normalizing model nwt
I1004 19:49:20.360225 11492 master_component.cc:1536] DisposeModel rwt
I1004 19:49:20.368235 11492 master_component.cc:1115] FitOffline: ItemsProcessed, num_items=1728, num_batches=2, token_weight=808522, token_weight_in_effect=808522
I1004 19:49:20.369238 11492 c_interface.cc:389] Pass FitOfflineMasterModelArgs, batch_filename_size=2, batch_weight_size=2, num_collection_passes=1, reset_nwt=yes to void (__cdecl artm::core::MasterComponent::*)(class artm::FitOfflineMasterModelArgs const & __ptr64) __ptr64
I1004 19:49:20.369238 11492 master_component.cc:1461] ProcessBatchesArgs: nwt_target_name=nwt, batch_filename_size=2, batch_size=0, batch_weight_size=2, pwt_source_name=pwt, num_document_passes=1, regularizer=(name:SmoothBcg, tau:100000), reuse_theta=no, opt_for_avx=yes, predict_class_id=, reset_nwt=yes
I1004 19:49:20.387223  2824 processor.cc:81] Processing queue has data, processing started
I1004 19:49:20.387223 20236 processor.cc:81] Processing queue has data, processing started
I1004 19:49:20.405225  2824 processor.cc:158] Processor: start processing batch 6b262477-b74b-4c65-914f-7ff60b551995 into model nwt
I1004 19:49:20.420238 20236 processor.cc:158] Processor: start processing batch 4b9262b0-574b-4a82-9bbc-3466a0b3f7ef into model nwt
I1004 19:49:20.619238  2824 processor.cc:285] Processor: complete processing batch 6b262477-b74b-4c65-914f-7ff60b551995 into model nwt
I1004 19:49:20.623224  2824 cuckoo_watch.h:45] 236ms in ProcessBatch(postnauka_batches\aaaaaa.batch) [including 18ms in LoadMessage; 0ms in InitializeTheta; 0ms in CreateRegularizerAgents; 12ms in InitializeSparseNdw; 97ms in InferThetaAndUpdateNwtSparse; 0ms in UpdateCacheEntry; 102ms in CalculateScore(^^^ItemsProcessedScore^^^); ]
I1004 19:49:20.651234  2824 processor.cc:74] No data in processing queue, waiting...
I1004 19:49:20.848227 20236 processor.cc:285] Processor: complete processing batch 4b9262b0-574b-4a82-9bbc-3466a0b3f7ef into model nwt
I1004 19:49:20.855234 20236 cuckoo_watch.h:45] 468ms in ProcessBatch(postnauka_batches\aaaaab.batch) [including 33ms in LoadMessage; 0ms in InitializeTheta; 0ms in CreateRegularizerAgents; 31ms in InitializeSparseNdw; 202ms in InferThetaAndUpdateNwtSparse; 0ms in UpdateCacheEntry; 193ms in CalculateScore(^^^ItemsProcessedScore^^^); ]
I1004 19:49:20.857249 11492 master_component.cc:1499] RegularizeModelArgs: rwt_target_name=rwt, pwt_source_name=pwt, nwt_source_name=nwt
I1004 19:49:20.857249 11492 master_component.cc:1016] MasterComponent: start regularizing model pwt
I1004 19:49:20.887234 20236 processor.cc:74] No data in processing queue, waiting...
I1004 19:49:20.924333 11492 master_component.cc:1044] MasterComponent: complete regularizing model pwt
I1004 19:49:20.924333 11492 master_component.cc:1512] NormalizeModelArgs: pwt_target_name=pwt, nwt_source_name=nwt, rwt_source_name=rwt
I1004 19:49:20.924333 11492 master_component.cc:1048] MasterComponent: start normalizing model nwt
I1004 19:49:20.956234 11492 master_component.cc:1087] MasterComponent: complete normalizing model nwt
I1004 19:49:21.058223 11492 master_component.cc:1536] DisposeModel rwt
I1004 19:49:21.067224 11492 master_component.cc:1115] FitOffline: ItemsProcessed, num_items=1728, num_batches=2, token_weight=808522, token_weight_in_effect=808522
I1004 19:49:21.068223 11492 c_interface.cc:389] Pass FitOfflineMasterModelArgs, batch_filename_size=2, batch_weight_size=2, num_collection_passes=1, reset_nwt=yes to void (__cdecl artm::core::MasterComponent::*)(class artm::FitOfflineMasterModelArgs const & __ptr64) __ptr64
I1004 19:49:21.068223 11492 master_component.cc:1461] ProcessBatchesArgs: nwt_target_name=nwt, batch_filename_size=2, batch_size=0, batch_weight_size=2, pwt_source_name=pwt, num_document_passes=1, regularizer=(name:SmoothBcg, tau:100000), reuse_theta=no, opt_for_avx=yes, predict_class_id=, reset_nwt=yes
I1004 19:49:21.087234 21080 processor.cc:81] Processing queue has data, processing started
I1004 19:49:21.087234  2824 processor.cc:81] Processing queue has data, processing started
I1004 19:49:21.103224 21080 processor.cc:158] Processor: start processing batch 6b262477-b74b-4c65-914f-7ff60b551995 into model nwt
I1004 19:49:21.117223  2824 processor.cc:158] Processor: start processing batch 4b9262b0-574b-4a82-9bbc-3466a0b3f7ef into model nwt
I1004 19:49:21.322223 21080 processor.cc:285] Processor: complete processing batch 6b262477-b74b-4c65-914f-7ff60b551995 into model nwt
I1004 19:49:21.326223 21080 cuckoo_watch.h:45] 239ms in ProcessBatch(postnauka_batches\aaaaaa.batch) [including 16ms in LoadMessage; 0ms in InitializeTheta; 0ms in CreateRegularizerAgents; 12ms in InitializeSparseNdw; 101ms in InferThetaAndUpdateNwtSparse; 0ms in UpdateCacheEntry; 102ms in CalculateScore(^^^ItemsProcessedScore^^^); ]
I1004 19:49:21.356757 21080 processor.cc:74] No data in processing queue, waiting...
I1004 19:49:21.543753  2824 processor.cc:285] Processor: complete processing batch 4b9262b0-574b-4a82-9bbc-3466a0b3f7ef into model nwt
I1004 19:49:21.550766  2824 cuckoo_watch.h:45] 464ms in ProcessBatch(postnauka_batches\aaaaab.batch) [including 30ms in LoadMessage; 0ms in InitializeTheta; 0ms in CreateRegularizerAgents; 32ms in InitializeSparseNdw; 199ms in InferThetaAndUpdateNwtSparse; 0ms in UpdateCacheEntry; 192ms in CalculateScore(^^^ItemsProcessedScore^^^); ]
I1004 19:49:21.552765 11492 master_component.cc:1499] RegularizeModelArgs: rwt_target_name=rwt, pwt_source_name=pwt, nwt_source_name=nwt
I1004 19:49:21.552765 11492 master_component.cc:1016] MasterComponent: start regularizing model pwt
I1004 19:49:21.582767  2824 processor.cc:74] No data in processing queue, waiting...
I1004 19:49:21.619753 11492 master_component.cc:1044] MasterComponent: complete regularizing model pwt
I1004 19:49:21.619753 11492 master_component.cc:1512] NormalizeModelArgs: pwt_target_name=pwt, nwt_source_name=nwt, rwt_source_name=rwt
I1004 19:49:21.619753 11492 master_component.cc:1048] MasterComponent: start normalizing model nwt
I1004 19:49:21.653753 11492 master_component.cc:1087] MasterComponent: complete normalizing model nwt
I1004 19:49:21.761754 11492 master_component.cc:1536] DisposeModel rwt
I1004 19:49:21.771761 11492 master_component.cc:1115] FitOffline: ItemsProcessed, num_items=1728, num_batches=2, token_weight=808522, token_weight_in_effect=808522
I1004 19:49:21.771761 11492 c_interface.cc:389] Pass FitOfflineMasterModelArgs, batch_filename_size=2, batch_weight_size=2, num_collection_passes=1, reset_nwt=yes to void (__cdecl artm::core::MasterComponent::*)(class artm::FitOfflineMasterModelArgs const & __ptr64) __ptr64
I1004 19:49:21.771761 11492 master_component.cc:1461] ProcessBatchesArgs: nwt_target_name=nwt, batch_filename_size=2, batch_size=0, batch_weight_size=2, pwt_source_name=pwt, num_document_passes=1, regularizer=(name:SmoothBcg, tau:100000), reuse_theta=no, opt_for_avx=yes, predict_class_id=, reset_nwt=yes
I1004 19:49:21.789753  6880 processor.cc:81] Processing queue has data, processing started
I1004 19:49:21.790753  1524 processor.cc:81] Processing queue has data, processing started
I1004 19:49:21.812753  6880 processor.cc:158] Processor: start processing batch 6b262477-b74b-4c65-914f-7ff60b551995 into model nwt
I1004 19:49:21.825753  1524 processor.cc:158] Processor: start processing batch 4b9262b0-574b-4a82-9bbc-3466a0b3f7ef into model nwt
I1004 19:49:22.069764  6880 processor.cc:285] Processor: complete processing batch 6b262477-b74b-4c65-914f-7ff60b551995 into model nwt
I1004 19:49:22.073765  6880 cuckoo_watch.h:45] 284ms in ProcessBatch(postnauka_batches\aaaaaa.batch) [including 23ms in LoadMessage; 0ms in InitializeTheta; 0ms in CreateRegularizerAgents; 16ms in InitializeSparseNdw; 110ms in InferThetaAndUpdateNwtSparse; 0ms in UpdateCacheEntry; 129ms in CalculateScore(^^^ItemsProcessedScore^^^); ]
I1004 19:49:22.104753  6880 processor.cc:74] No data in processing queue, waiting...
I1004 19:49:22.286767  1524 processor.cc:285] Processor: complete processing batch 4b9262b0-574b-4a82-9bbc-3466a0b3f7ef into model nwt
I1004 19:49:22.293766  1524 cuckoo_watch.h:45] 503ms in ProcessBatch(postnauka_batches\aaaaab.batch) [including 35ms in LoadMessage; 0ms in InitializeTheta; 0ms in CreateRegularizerAgents; 34ms in InitializeSparseNdw; 217ms in InferThetaAndUpdateNwtSparse; 0ms in UpdateCacheEntry; 207ms in CalculateScore(^^^ItemsProcessedScore^^^); ]
I1004 19:49:22.295753 11492 master_component.cc:1499] RegularizeModelArgs: rwt_target_name=rwt, pwt_source_name=pwt, nwt_source_name=nwt
I1004 19:49:22.295753 11492 master_component.cc:1016] MasterComponent: start regularizing model pwt
I1004 19:49:22.322767  1524 processor.cc:74] No data in processing queue, waiting...
I1004 19:49:22.360754 11492 master_component.cc:1044] MasterComponent: complete regularizing model pwt
I1004 19:49:22.360754 11492 master_component.cc:1512] NormalizeModelArgs: pwt_target_name=pwt, nwt_source_name=nwt, rwt_source_name=rwt
I1004 19:49:22.360754 11492 master_component.cc:1048] MasterComponent: start normalizing model nwt
I1004 19:49:22.390754 11492 master_component.cc:1087] MasterComponent: complete normalizing model nwt
I1004 19:49:22.492755 11492 master_component.cc:1536] DisposeModel rwt
I1004 19:49:22.500766 11492 master_component.cc:1115] FitOffline: ItemsProcessed, num_items=1728, num_batches=2, token_weight=808522, token_weight_in_effect=808522
I1004 19:49:22.500766 11492 c_interface.cc:389] Pass FitOfflineMasterModelArgs, batch_filename_size=2, batch_weight_size=2, num_collection_passes=1, reset_nwt=yes to void (__cdecl artm::core::MasterComponent::*)(class artm::FitOfflineMasterModelArgs const & __ptr64) __ptr64
I1004 19:49:22.500766 11492 master_component.cc:1461] ProcessBatchesArgs: nwt_target_name=nwt, batch_filename_size=2, batch_size=0, batch_weight_size=2, pwt_source_name=pwt, num_document_passes=1, regularizer=(name:SmoothBcg, tau:100000), reuse_theta=no, opt_for_avx=yes, predict_class_id=, reset_nwt=yes
I1004 19:49:22.518765 18184 processor.cc:81] Processing queue has data, processing started
I1004 19:49:22.518765  9904 processor.cc:81] Processing queue has data, processing started
I1004 19:49:22.535765 18184 processor.cc:158] Processor: start processing batch 6b262477-b74b-4c65-914f-7ff60b551995 into model nwt
I1004 19:49:22.550757  9904 processor.cc:158] Processor: start processing batch 4b9262b0-574b-4a82-9bbc-3466a0b3f7ef into model nwt
I1004 19:49:22.753285 18184 processor.cc:285] Processor: complete processing batch 6b262477-b74b-4c65-914f-7ff60b551995 into model nwt
I1004 19:49:22.757285 18184 cuckoo_watch.h:45] 239ms in ProcessBatch(postnauka_batches\aaaaaa.batch) [including 17ms in LoadMessage; 0ms in InitializeTheta; 0ms in CreateRegularizerAgents; 13ms in InitializeSparseNdw; 98ms in InferThetaAndUpdateNwtSparse; 0ms in UpdateCacheEntry; 104ms in CalculateScore(^^^ItemsProcessedScore^^^); ]
I1004 19:49:22.786285 18184 processor.cc:74] No data in processing queue, waiting...
I1004 19:49:22.982297  9904 processor.cc:285] Processor: complete processing batch 4b9262b0-574b-4a82-9bbc-3466a0b3f7ef into model nwt
I1004 19:49:22.989286  9904 cuckoo_watch.h:45] 470ms in ProcessBatch(postnauka_batches\aaaaab.batch) [including 32ms in LoadMessage; 0ms in InitializeTheta; 0ms in CreateRegularizerAgents; 30ms in InitializeSparseNdw; 208ms in InferThetaAndUpdateNwtSparse; 0ms in UpdateCacheEntry; 191ms in CalculateScore(^^^ItemsProcessedScore^^^); ]
I1004 19:49:22.991286 11492 master_component.cc:1499] RegularizeModelArgs: rwt_target_name=rwt, pwt_source_name=pwt, nwt_source_name=nwt
I1004 19:49:22.991286 11492 master_component.cc:1016] MasterComponent: start regularizing model pwt
I1004 19:49:23.020298  9904 processor.cc:74] No data in processing queue, waiting...
I1004 19:49:23.056298 11492 master_component.cc:1044] MasterComponent: complete regularizing model pwt
I1004 19:49:23.056298 11492 master_component.cc:1512] NormalizeModelArgs: pwt_target_name=pwt, nwt_source_name=nwt, rwt_source_name=rwt
I1004 19:49:23.056298 11492 master_component.cc:1048] MasterComponent: start normalizing model nwt
I1004 19:49:23.088297 11492 master_component.cc:1087] MasterComponent: complete normalizing model nwt
I1004 19:49:23.187285 11492 master_component.cc:1536] DisposeModel rwt
I1004 19:49:23.196297 11492 master_component.cc:1115] FitOffline: ItemsProcessed, num_items=1728, num_batches=2, token_weight=808522, token_weight_in_effect=808522
I1004 19:49:23.196297 11492 c_interface.cc:389] Pass FitOfflineMasterModelArgs, batch_filename_size=2, batch_weight_size=2, num_collection_passes=1, reset_nwt=yes to void (__cdecl artm::core::MasterComponent::*)(class artm::FitOfflineMasterModelArgs const & __ptr64) __ptr64
I1004 19:49:23.196297 11492 master_component.cc:1461] ProcessBatchesArgs: nwt_target_name=nwt, batch_filename_size=2, batch_size=0, batch_weight_size=2, pwt_source_name=pwt, num_document_passes=1, regularizer=(name:SmoothBcg, tau:100000), reuse_theta=no, opt_for_avx=yes, predict_class_id=, reset_nwt=yes
I1004 19:49:23.217285 11576 processor.cc:81] Processing queue has data, processing started
I1004 19:49:23.217285 20236 processor.cc:81] Processing queue has data, processing started
I1004 19:49:23.235298 20236 processor.cc:158] Processor: start processing batch 6b262477-b74b-4c65-914f-7ff60b551995 into model nwt
I1004 19:49:23.251286 11576 processor.cc:158] Processor: start processing batch 4b9262b0-574b-4a82-9bbc-3466a0b3f7ef into model nwt
I1004 19:49:23.453297 20236 processor.cc:285] Processor: complete processing batch 6b262477-b74b-4c65-914f-7ff60b551995 into model nwt
I1004 19:49:23.457284 20236 cuckoo_watch.h:45] 240ms in ProcessBatch(postnauka_batches\aaaaaa.batch) [including 17ms in LoadMessage; 0ms in InitializeTheta; 0ms in CreateRegularizerAgents; 13ms in InitializeSparseNdw; 97ms in InferThetaAndUpdateNwtSparse; 0ms in UpdateCacheEntry; 106ms in CalculateScore(^^^ItemsProcessedScore^^^); ]
I1004 19:49:23.485296 20236 processor.cc:74] No data in processing queue, waiting...
I1004 19:49:23.670285 11576 processor.cc:285] Processor: complete processing batch 4b9262b0-574b-4a82-9bbc-3466a0b3f7ef into model nwt
I1004 19:49:23.677285 11576 cuckoo_watch.h:45] 459ms in ProcessBatch(postnauka_batches\aaaaab.batch) [including 34ms in LoadMessage; 0ms in InitializeTheta; 0ms in CreateRegularizerAgents; 29ms in InitializeSparseNdw; 200ms in InferThetaAndUpdateNwtSparse; 0ms in UpdateCacheEntry; 186ms in CalculateScore(^^^ItemsProcessedScore^^^); ]
I1004 19:49:23.678287 11492 master_component.cc:1499] RegularizeModelArgs: rwt_target_name=rwt, pwt_source_name=pwt, nwt_source_name=nwt
I1004 19:49:23.678287 11492 master_component.cc:1016] MasterComponent: start regularizing model pwt
I1004 19:49:23.707288 11576 processor.cc:74] No data in processing queue, waiting...
I1004 19:49:23.744299 11492 master_component.cc:1044] MasterComponent: complete regularizing model pwt
I1004 19:49:23.744299 11492 master_component.cc:1512] NormalizeModelArgs: pwt_target_name=pwt, nwt_source_name=nwt, rwt_source_name=rwt
I1004 19:49:23.744299 11492 master_component.cc:1048] MasterComponent: start normalizing model nwt
I1004 19:49:23.777285 11492 master_component.cc:1087] MasterComponent: complete normalizing model nwt
I1004 19:49:23.878285 11492 master_component.cc:1536] DisposeModel rwt
I1004 19:49:23.887285 11492 master_component.cc:1115] FitOffline: ItemsProcessed, num_items=1728, num_batches=2, token_weight=808522, token_weight_in_effect=808522
I1004 19:49:23.887285 11492 c_interface.cc:389] Pass FitOfflineMasterModelArgs, batch_filename_size=2, batch_weight_size=2, num_collection_passes=1, reset_nwt=yes to void (__cdecl artm::core::MasterComponent::*)(class artm::FitOfflineMasterModelArgs const & __ptr64) __ptr64
I1004 19:49:23.887285 11492 master_component.cc:1461] ProcessBatchesArgs: nwt_target_name=nwt, batch_filename_size=2, batch_size=0, batch_weight_size=2, pwt_source_name=pwt, num_document_passes=1, regularizer=(name:SmoothBcg, tau:100000), reuse_theta=no, opt_for_avx=yes, predict_class_id=, reset_nwt=yes
I1004 19:49:23.907285  5460 processor.cc:81] Processing queue has data, processing started
I1004 19:49:23.908286 20236 processor.cc:81] Processing queue has data, processing started
I1004 19:49:23.925290  5460 processor.cc:158] Processor: start processing batch 6b262477-b74b-4c65-914f-7ff60b551995 into model nwt
I1004 19:49:23.942287 20236 processor.cc:158] Processor: start processing batch 4b9262b0-574b-4a82-9bbc-3466a0b3f7ef into model nwt
I1004 19:49:24.148289  5460 processor.cc:285] Processor: complete processing batch 6b262477-b74b-4c65-914f-7ff60b551995 into model nwt
I1004 19:49:24.152285  5460 cuckoo_watch.h:45] 245ms in ProcessBatch(postnauka_batches\aaaaaa.batch) [including 18ms in LoadMessage; 0ms in InitializeTheta; 0ms in CreateRegularizerAgents; 13ms in InitializeSparseNdw; 101ms in InferThetaAndUpdateNwtSparse; 0ms in UpdateCacheEntry; 105ms in CalculateScore(^^^ItemsProcessedScore^^^); ]
I1004 19:49:24.183300  5460 processor.cc:74] No data in processing queue, waiting...
I1004 19:49:24.362298 20236 processor.cc:285] Processor: complete processing batch 4b9262b0-574b-4a82-9bbc-3466a0b3f7ef into model nwt
I1004 19:49:24.368285 20236 cuckoo_watch.h:45] 460ms in ProcessBatch(postnauka_batches\aaaaab.batch) [including 34ms in LoadMessage; 0ms in InitializeTheta; 0ms in CreateRegularizerAgents; 28ms in InitializeSparseNdw; 208ms in InferThetaAndUpdateNwtSparse; 0ms in UpdateCacheEntry; 181ms in CalculateScore(^^^ItemsProcessedScore^^^); ]
I1004 19:49:24.369285 11492 master_component.cc:1499] RegularizeModelArgs: rwt_target_name=rwt, pwt_source_name=pwt, nwt_source_name=nwt
I1004 19:49:24.369285 11492 master_component.cc:1016] MasterComponent: start regularizing model pwt
I1004 19:49:24.401285 20236 processor.cc:74] No data in processing queue, waiting...
I1004 19:49:24.434285 11492 master_component.cc:1044] MasterComponent: complete regularizing model pwt
I1004 19:49:24.434285 11492 master_component.cc:1512] NormalizeModelArgs: pwt_target_name=pwt, nwt_source_name=nwt, rwt_source_name=rwt
I1004 19:49:24.434285 11492 master_component.cc:1048] MasterComponent: start normalizing model nwt
I1004 19:49:24.467286 11492 master_component.cc:1087] MasterComponent: complete normalizing model nwt
I1004 19:49:24.569300 11492 master_component.cc:1536] DisposeModel rwt
I1004 19:49:24.577297 11492 master_component.cc:1115] FitOffline: ItemsProcessed, num_items=1728, num_batches=2, token_weight=808522, token_weight_in_effect=808522
I1004 19:49:24.577297 11492 c_interface.cc:389] Pass FitOfflineMasterModelArgs, batch_filename_size=2, batch_weight_size=2, num_collection_passes=1, reset_nwt=yes to void (__cdecl artm::core::MasterComponent::*)(class artm::FitOfflineMasterModelArgs const & __ptr64) __ptr64
I1004 19:49:24.578285 11492 master_component.cc:1461] ProcessBatchesArgs: nwt_target_name=nwt, batch_filename_size=2, batch_size=0, batch_weight_size=2, pwt_source_name=pwt, num_document_passes=1, regularizer=(name:SmoothBcg, tau:100000), reuse_theta=no, opt_for_avx=yes, predict_class_id=, reset_nwt=yes
I1004 19:49:24.594285 11576 processor.cc:81] Processing queue has data, processing started
I1004 19:49:24.594285 14948 processor.cc:81] Processing queue has data, processing started
I1004 19:49:24.610286 14948 processor.cc:158] Processor: start processing batch 6b262477-b74b-4c65-914f-7ff60b551995 into model nwt
I1004 19:49:24.627286 11576 processor.cc:158] Processor: start processing batch 4b9262b0-574b-4a82-9bbc-3466a0b3f7ef into model nwt
I1004 19:49:24.830551 14948 processor.cc:285] Processor: complete processing batch 6b262477-b74b-4c65-914f-7ff60b551995 into model nwt
I1004 19:49:24.834550 14948 cuckoo_watch.h:45] 240ms in ProcessBatch(postnauka_batches\aaaaaa.batch) [including 16ms in LoadMessage; 0ms in InitializeTheta; 0ms in CreateRegularizerAgents; 12ms in InitializeSparseNdw; 99ms in InferThetaAndUpdateNwtSparse; 0ms in UpdateCacheEntry; 106ms in CalculateScore(^^^ItemsProcessedScore^^^); ]
I1004 19:49:24.863539 14948 processor.cc:74] No data in processing queue, waiting...
I1004 19:49:25.046551 11576 processor.cc:285] Processor: complete processing batch 4b9262b0-574b-4a82-9bbc-3466a0b3f7ef into model nwt
I1004 19:49:25.053542 11576 cuckoo_watch.h:45] 460ms in ProcessBatch(postnauka_batches\aaaaab.batch) [including 33ms in LoadMessage; 0ms in InitializeTheta; 0ms in CreateRegularizerAgents; 28ms in InitializeSparseNdw; 202ms in InferThetaAndUpdateNwtSparse; 0ms in UpdateCacheEntry; 186ms in CalculateScore(^^^ItemsProcessedScore^^^); ]
I1004 19:49:25.055538 11492 master_component.cc:1499] RegularizeModelArgs: rwt_target_name=rwt, pwt_source_name=pwt, nwt_source_name=nwt
I1004 19:49:25.055538 11492 master_component.cc:1016] MasterComponent: start regularizing model pwt
I1004 19:49:25.084550 11576 processor.cc:74] No data in processing queue, waiting...
I1004 19:49:25.121539 11492 master_component.cc:1044] MasterComponent: complete regularizing model pwt
I1004 19:49:25.121539 11492 master_component.cc:1512] NormalizeModelArgs: pwt_target_name=pwt, nwt_source_name=nwt, rwt_source_name=rwt
I1004 19:49:25.121539 11492 master_component.cc:1048] MasterComponent: start normalizing model nwt
I1004 19:49:25.155539 11492 master_component.cc:1087] MasterComponent: complete normalizing model nwt
I1004 19:49:25.256541 11492 master_component.cc:1536] DisposeModel rwt
I1004 19:49:25.265539 11492 master_component.cc:1115] FitOffline: ItemsProcessed, num_items=1728, num_batches=2, token_weight=808522, token_weight_in_effect=808522
I1004 19:49:25.265539 11492 c_interface.cc:389] Pass FitOfflineMasterModelArgs, batch_filename_size=2, batch_weight_size=2, num_collection_passes=1, reset_nwt=yes to void (__cdecl artm::core::MasterComponent::*)(class artm::FitOfflineMasterModelArgs const & __ptr64) __ptr64
I1004 19:49:25.265539 11492 master_component.cc:1461] ProcessBatchesArgs: nwt_target_name=nwt, batch_filename_size=2, batch_size=0, batch_weight_size=2, pwt_source_name=pwt, num_document_passes=1, regularizer=(name:SmoothBcg, tau:100000), reuse_theta=no, opt_for_avx=yes, predict_class_id=, reset_nwt=yes
I1004 19:49:25.284550 19752 processor.cc:81] Processing queue has data, processing started
I1004 19:49:25.284550  6116 processor.cc:81] Processing queue has data, processing started
I1004 19:49:25.301539  6116 processor.cc:158] Processor: start processing batch 6b262477-b74b-4c65-914f-7ff60b551995 into model nwt
I1004 19:49:25.317550 19752 processor.cc:158] Processor: start processing batch 4b9262b0-574b-4a82-9bbc-3466a0b3f7ef into model nwt
I1004 19:49:25.516600  6116 processor.cc:285] Processor: complete processing batch 6b262477-b74b-4c65-914f-7ff60b551995 into model nwt
I1004 19:49:25.520601  6116 cuckoo_watch.h:45] 236ms in ProcessBatch(postnauka_batches\aaaaaa.batch) [including 17ms in LoadMessage; 0ms in InitializeTheta; 0ms in CreateRegularizerAgents; 13ms in InitializeSparseNdw; 96ms in InferThetaAndUpdateNwtSparse; 0ms in UpdateCacheEntry; 104ms in CalculateScore(^^^ItemsProcessedScore^^^); ]
I1004 19:49:25.547601  6116 processor.cc:74] No data in processing queue, waiting...
I1004 19:49:25.737601 19752 processor.cc:285] Processor: complete processing batch 4b9262b0-574b-4a82-9bbc-3466a0b3f7ef into model nwt
I1004 19:49:25.745612 19752 cuckoo_watch.h:45] 461ms in ProcessBatch(postnauka_batches\aaaaab.batch) [including 33ms in LoadMessage; 0ms in InitializeTheta; 0ms in CreateRegularizerAgents; 28ms in InitializeSparseNdw; 198ms in InferThetaAndUpdateNwtSparse; 0ms in UpdateCacheEntry; 191ms in CalculateScore(^^^ItemsProcessedScore^^^); ]
I1004 19:49:25.747627 11492 master_component.cc:1499] RegularizeModelArgs: rwt_target_name=rwt, pwt_source_name=pwt, nwt_source_name=nwt
I1004 19:49:25.747627 11492 master_component.cc:1016] MasterComponent: start regularizing model pwt
I1004 19:49:25.776602 19752 processor.cc:74] No data in processing queue, waiting...
I1004 19:49:25.812602 11492 master_component.cc:1044] MasterComponent: complete regularizing model pwt
I1004 19:49:25.812602 11492 master_component.cc:1512] NormalizeModelArgs: pwt_target_name=pwt, nwt_source_name=nwt, rwt_source_name=rwt
I1004 19:49:25.812602 11492 master_component.cc:1048] MasterComponent: start normalizing model nwt
I1004 19:49:25.847601 11492 master_component.cc:1087] MasterComponent: complete normalizing model nwt
I1004 19:49:25.948613 11492 master_component.cc:1536] DisposeModel rwt
I1004 19:49:25.956612 11492 master_component.cc:1115] FitOffline: ItemsProcessed, num_items=1728, num_batches=2, token_weight=808522, token_weight_in_effect=808522
I1004 19:49:25.956612 11492 c_interface.cc:389] Pass FitOfflineMasterModelArgs, batch_filename_size=2, batch_weight_size=2, num_collection_passes=1, reset_nwt=yes to void (__cdecl artm::core::MasterComponent::*)(class artm::FitOfflineMasterModelArgs const & __ptr64) __ptr64
I1004 19:49:25.956612 11492 master_component.cc:1461] ProcessBatchesArgs: nwt_target_name=nwt, batch_filename_size=2, batch_size=0, batch_weight_size=2, pwt_source_name=pwt, num_document_passes=1, regularizer=(name:SmoothBcg, tau:100000), reuse_theta=no, opt_for_avx=yes, predict_class_id=, reset_nwt=yes
I1004 19:49:25.976603 17616 processor.cc:81] Processing queue has data, processing started
I1004 19:49:25.976603  1524 processor.cc:81] Processing queue has data, processing started
I1004 19:49:25.993602 17616 processor.cc:158] Processor: start processing batch 6b262477-b74b-4c65-914f-7ff60b551995 into model nwt
I1004 19:49:26.011601  1524 processor.cc:158] Processor: start processing batch 4b9262b0-574b-4a82-9bbc-3466a0b3f7ef into model nwt
I1004 19:49:26.219601 17616 processor.cc:285] Processor: complete processing batch 6b262477-b74b-4c65-914f-7ff60b551995 into model nwt
I1004 19:49:26.223601 17616 cuckoo_watch.h:45] 247ms in ProcessBatch(postnauka_batches\aaaaaa.batch) [including 17ms in LoadMessage; 0ms in InitializeTheta; 0ms in CreateRegularizerAgents; 13ms in InitializeSparseNdw; 105ms in InferThetaAndUpdateNwtSparse; 0ms in UpdateCacheEntry; 105ms in CalculateScore(^^^ItemsProcessedScore^^^); ]
I1004 19:49:26.254612 17616 processor.cc:74] No data in processing queue, waiting...
I1004 19:49:26.441612  1524 processor.cc:285] Processor: complete processing batch 4b9262b0-574b-4a82-9bbc-3466a0b3f7ef into model nwt
I1004 19:49:26.448601  1524 cuckoo_watch.h:45] 471ms in ProcessBatch(postnauka_batches\aaaaab.batch) [including 35ms in LoadMessage; 0ms in InitializeTheta; 0ms in CreateRegularizerAgents; 29ms in InitializeSparseNdw; 210ms in InferThetaAndUpdateNwtSparse; 0ms in UpdateCacheEntry; 188ms in CalculateScore(^^^ItemsProcessedScore^^^); ]
I1004 19:49:26.449600 11492 master_component.cc:1499] RegularizeModelArgs: rwt_target_name=rwt, pwt_source_name=pwt, nwt_source_name=nwt
I1004 19:49:26.449600 11492 master_component.cc:1016] MasterComponent: start regularizing model pwt
I1004 19:49:26.478600  1524 processor.cc:74] No data in processing queue, waiting...
I1004 19:49:26.515600 11492 master_component.cc:1044] MasterComponent: complete regularizing model pwt
I1004 19:49:26.515600 11492 master_component.cc:1512] NormalizeModelArgs: pwt_target_name=pwt, nwt_source_name=nwt, rwt_source_name=rwt
I1004 19:49:26.515600 11492 master_component.cc:1048] MasterComponent: start normalizing model nwt
I1004 19:49:26.551600 11492 master_component.cc:1087] MasterComponent: complete normalizing model nwt
I1004 19:49:26.653753 11492 master_component.cc:1536] DisposeModel rwt
I1004 19:49:26.662753 11492 master_component.cc:1115] FitOffline: ItemsProcessed, num_items=1728, num_batches=2, token_weight=808522, token_weight_in_effect=808522
I1004 19:49:26.662753 11492 c_interface.cc:389] Pass FitOfflineMasterModelArgs, batch_filename_size=2, batch_weight_size=2, num_collection_passes=1, reset_nwt=yes to void (__cdecl artm::core::MasterComponent::*)(class artm::FitOfflineMasterModelArgs const & __ptr64) __ptr64
I1004 19:49:26.662753 11492 master_component.cc:1461] ProcessBatchesArgs: nwt_target_name=nwt, batch_filename_size=2, batch_size=0, batch_weight_size=2, pwt_source_name=pwt, num_document_passes=1, regularizer=(name:SmoothBcg, tau:100000), reuse_theta=no, opt_for_avx=yes, predict_class_id=, reset_nwt=yes
I1004 19:49:26.681768  6880 processor.cc:81] Processing queue has data, processing started
I1004 19:49:26.681768  2824 processor.cc:81] Processing queue has data, processing started
I1004 19:49:26.697752  2824 processor.cc:158] Processor: start processing batch 6b262477-b74b-4c65-914f-7ff60b551995 into model nwt
I1004 19:49:26.712745  6880 processor.cc:158] Processor: start processing batch 4b9262b0-574b-4a82-9bbc-3466a0b3f7ef into model nwt
I1004 19:49:26.928817  2824 processor.cc:285] Processor: complete processing batch 6b262477-b74b-4c65-914f-7ff60b551995 into model nwt
I1004 19:49:26.932816  2824 cuckoo_watch.h:45] 251ms in ProcessBatch(postnauka_batches\aaaaaa.batch) [including 16ms in LoadMessage; 0ms in InitializeTheta; 0ms in CreateRegularizerAgents; 12ms in InitializeSparseNdw; 111ms in InferThetaAndUpdateNwtSparse; 0ms in UpdateCacheEntry; 105ms in CalculateScore(^^^ItemsProcessedScore^^^); ]
I1004 19:49:26.964815  2824 processor.cc:74] No data in processing queue, waiting...
I1004 19:49:27.144805  6880 processor.cc:285] Processor: complete processing batch 4b9262b0-574b-4a82-9bbc-3466a0b3f7ef into model nwt
I1004 19:49:27.151458  6880 cuckoo_watch.h:45] 469ms in ProcessBatch(postnauka_batches\aaaaab.batch) [including 31ms in LoadMessage; 0ms in InitializeTheta; 0ms in CreateRegularizerAgents; 29ms in InitializeSparseNdw; 214ms in InferThetaAndUpdateNwtSparse; 0ms in UpdateCacheEntry; 186ms in CalculateScore(^^^ItemsProcessedScore^^^); ]
I1004 19:49:27.152802 11492 master_component.cc:1499] RegularizeModelArgs: rwt_target_name=rwt, pwt_source_name=pwt, nwt_source_name=nwt
I1004 19:49:27.152802 11492 master_component.cc:1016] MasterComponent: start regularizing model pwt
I1004 19:49:27.178828  6880 processor.cc:74] No data in processing queue, waiting...
I1004 19:49:27.221827 11492 master_component.cc:1044] MasterComponent: complete regularizing model pwt
I1004 19:49:27.221827 11492 master_component.cc:1512] NormalizeModelArgs: pwt_target_name=pwt, nwt_source_name=nwt, rwt_source_name=rwt
I1004 19:49:27.221827 11492 master_component.cc:1048] MasterComponent: start normalizing model nwt
I1004 19:49:27.260818 11492 master_component.cc:1087] MasterComponent: complete normalizing model nwt
I1004 19:49:27.370342 11492 master_component.cc:1536] DisposeModel rwt
I1004 19:49:27.378341 11492 master_component.cc:1115] FitOffline: ItemsProcessed, num_items=1728, num_batches=2, token_weight=808522, token_weight_in_effect=808522
I1004 19:49:27.378341 11492 c_interface.cc:389] Pass FitOfflineMasterModelArgs, batch_filename_size=2, batch_weight_size=2, num_collection_passes=1, reset_nwt=yes to void (__cdecl artm::core::MasterComponent::*)(class artm::FitOfflineMasterModelArgs const & __ptr64) __ptr64
I1004 19:49:27.378341 11492 master_component.cc:1461] ProcessBatchesArgs: nwt_target_name=nwt, batch_filename_size=2, batch_size=0, batch_weight_size=2, pwt_source_name=pwt, num_document_passes=1, regularizer=(name:SmoothBcg, tau:100000), reuse_theta=no, opt_for_avx=yes, predict_class_id=, reset_nwt=yes
I1004 19:49:27.398341 17616 processor.cc:81] Processing queue has data, processing started
I1004 19:49:27.398341  6116 processor.cc:81] Processing queue has data, processing started
I1004 19:49:27.415341  6116 processor.cc:158] Processor: start processing batch 6b262477-b74b-4c65-914f-7ff60b551995 into model nwt
I1004 19:49:27.429352 17616 processor.cc:158] Processor: start processing batch 4b9262b0-574b-4a82-9bbc-3466a0b3f7ef into model nwt
I1004 19:49:27.625378  6116 processor.cc:285] Processor: complete processing batch 6b262477-b74b-4c65-914f-7ff60b551995 into model nwt
I1004 19:49:27.630390  6116 cuckoo_watch.h:45] 232ms in ProcessBatch(postnauka_batches\aaaaaa.batch) [including 17ms in LoadMessage; 0ms in InitializeTheta; 0ms in CreateRegularizerAgents; 11ms in InitializeSparseNdw; 94ms in InferThetaAndUpdateNwtSparse; 0ms in UpdateCacheEntry; 103ms in CalculateScore(^^^ItemsProcessedScore^^^); ]
I1004 19:49:27.660389  6116 processor.cc:74] No data in processing queue, waiting...
I1004 19:49:27.832378 17616 processor.cc:285] Processor: complete processing batch 4b9262b0-574b-4a82-9bbc-3466a0b3f7ef into model nwt
I1004 19:49:27.838378 17616 cuckoo_watch.h:45] 440ms in ProcessBatch(postnauka_batches\aaaaab.batch) [including 31ms in LoadMessage; 0ms in InitializeTheta; 0ms in CreateRegularizerAgents; 27ms in InitializeSparseNdw; 195ms in InferThetaAndUpdateNwtSparse; 0ms in UpdateCacheEntry; 179ms in CalculateScore(^^^ItemsProcessedScore^^^); ]
I1004 19:49:27.840378 11492 master_component.cc:1499] RegularizeModelArgs: rwt_target_name=rwt, pwt_source_name=pwt, nwt_source_name=nwt
I1004 19:49:27.840378 11492 master_component.cc:1016] MasterComponent: start regularizing model pwt
I1004 19:49:27.869379 17616 processor.cc:74] No data in processing queue, waiting...
I1004 19:49:27.907379 11492 master_component.cc:1044] MasterComponent: complete regularizing model pwt
I1004 19:49:27.907379 11492 master_component.cc:1512] NormalizeModelArgs: pwt_target_name=pwt, nwt_source_name=nwt, rwt_source_name=rwt
I1004 19:49:27.907379 11492 master_component.cc:1048] MasterComponent: start normalizing model nwt
I1004 19:49:27.945379 11492 master_component.cc:1087] MasterComponent: complete normalizing model nwt
I1004 19:49:28.053390 11492 master_component.cc:1536] DisposeModel rwt
I1004 19:49:28.062378 11492 master_component.cc:1115] FitOffline: ItemsProcessed, num_items=1728, num_batches=2, token_weight=808522, token_weight_in_effect=808522
I1004 19:49:28.062378 11492 c_interface.cc:389] Pass FitOfflineMasterModelArgs, batch_filename_size=2, batch_weight_size=2, num_collection_passes=1, reset_nwt=yes to void (__cdecl artm::core::MasterComponent::*)(class artm::FitOfflineMasterModelArgs const & __ptr64) __ptr64
I1004 19:49:28.062378 11492 master_component.cc:1461] ProcessBatchesArgs: nwt_target_name=nwt, batch_filename_size=2, batch_size=0, batch_weight_size=2, pwt_source_name=pwt, num_document_passes=1, regularizer=(name:SmoothBcg, tau:100000), reuse_theta=no, opt_for_avx=yes, predict_class_id=, reset_nwt=yes
I1004 19:49:28.081377  2760 processor.cc:81] Processing queue has data, processing started
I1004 19:49:28.081377 19752 processor.cc:81] Processing queue has data, processing started
I1004 19:49:28.097378  2760 processor.cc:158] Processor: start processing batch 6b262477-b74b-4c65-914f-7ff60b551995 into model nwt
I1004 19:49:28.112390 19752 processor.cc:158] Processor: start processing batch 4b9262b0-574b-4a82-9bbc-3466a0b3f7ef into model nwt
I1004 19:49:28.323556  2760 processor.cc:285] Processor: complete processing batch 6b262477-b74b-4c65-914f-7ff60b551995 into model nwt
I1004 19:49:28.327553  2760 cuckoo_watch.h:45] 246ms in ProcessBatch(postnauka_batches\aaaaaa.batch) [including 16ms in LoadMessage; 0ms in InitializeTheta; 0ms in CreateRegularizerAgents; 13ms in InitializeSparseNdw; 106ms in InferThetaAndUpdateNwtSparse; 0ms in UpdateCacheEntry; 105ms in CalculateScore(^^^ItemsProcessedScore^^^); ]
I1004 19:49:28.359555  2760 processor.cc:74] No data in processing queue, waiting...
I1004 19:49:28.539566 19752 processor.cc:285] Processor: complete processing batch 4b9262b0-574b-4a82-9bbc-3466a0b3f7ef into model nwt
I1004 19:49:28.545565 19752 cuckoo_watch.h:45] 464ms in ProcessBatch(postnauka_batches\aaaaab.batch) [including 31ms in LoadMessage; 0ms in InitializeTheta; 0ms in CreateRegularizerAgents; 34ms in InitializeSparseNdw; 210ms in InferThetaAndUpdateNwtSparse; 0ms in UpdateCacheEntry; 181ms in CalculateScore(^^^ItemsProcessedScore^^^); ]
